Component: ARM Compiler 5.06 update 7 (build 960) Tool: armlink [4d3601]

==============================================================================

Section Cross References

    startup_stm32h723xx.o(STACK) refers (Special) to heapauxi.o(.text) for __use_two_region_memory
    startup_stm32h723xx.o(HEAP) refers (Special) to heapauxi.o(.text) for __use_two_region_memory
    startup_stm32h723xx.o(RESET) refers (Special) to heapauxi.o(.text) for __use_two_region_memory
    startup_stm32h723xx.o(RESET) refers to startup_stm32h723xx.o(STACK) for __initial_sp
    startup_stm32h723xx.o(RESET) refers to startup_stm32h723xx.o(.text) for Reset_Handler
    startup_stm32h723xx.o(RESET) refers to stm32h7xx_it.o(i.NMI_Handler) for NMI_Handler
    startup_stm32h723xx.o(RESET) refers to stm32h7xx_it.o(i.HardFault_Handler) for HardFault_Handler
    startup_stm32h723xx.o(RESET) refers to stm32h7xx_it.o(i.MemManage_Handler) for MemManage_Handler
    startup_stm32h723xx.o(RESET) refers to stm32h7xx_it.o(i.BusFault_Handler) for BusFault_Handler
    startup_stm32h723xx.o(RESET) refers to stm32h7xx_it.o(i.UsageFault_Handler) for UsageFault_Handler
    startup_stm32h723xx.o(RESET) refers to port.o(.emb_text) for SVC_Handler
    startup_stm32h723xx.o(RESET) refers to stm32h7xx_it.o(i.DebugMon_Handler) for DebugMon_Handler
    startup_stm32h723xx.o(RESET) refers to port.o(i.SysTick_Handler) for SysTick_Handler
    startup_stm32h723xx.o(RESET) refers to stm32h7xx_it.o(i.TIM23_IRQHandler) for TIM23_IRQHandler
    startup_stm32h723xx.o(.text) refers (Special) to heapauxi.o(.text) for __use_two_region_memory
    startup_stm32h723xx.o(.text) refers to system_stm32h7xx.o(i.ExitRun0Mode) for ExitRun0Mode
    startup_stm32h723xx.o(.text) refers to system_stm32h7xx.o(i.SystemInit) for SystemInit
    startup_stm32h723xx.o(.text) refers to __main.o(!!!main) for __main
    startup_stm32h723xx.o(.text) refers to startup_stm32h723xx.o(HEAP) for Heap_Mem
    startup_stm32h723xx.o(.text) refers to startup_stm32h723xx.o(STACK) for Stack_Mem
    main.o(i.HAL_TIM_PeriodElapsedCallback) refers to stm32h7xx_hal.o(i.HAL_IncTick) for HAL_IncTick
    main.o(i.MX_FDCAN1_Init) refers to stm32h7xx_hal_fdcan.o(i.HAL_FDCAN_Init) for HAL_FDCAN_Init
    main.o(i.MX_FDCAN1_Init) refers to main.o(.bss) for .bss
    main.o(i.MX_FDCAN2_Init) refers to stm32h7xx_hal_fdcan.o(i.HAL_FDCAN_Init) for HAL_FDCAN_Init
    main.o(i.MX_FDCAN2_Init) refers to main.o(.bss) for .bss
    main.o(i.MX_FDCAN3_Init) refers to stm32h7xx_hal_fdcan.o(i.HAL_FDCAN_Init) for HAL_FDCAN_Init
    main.o(i.MX_FDCAN3_Init) refers to main.o(.bss) for .bss
    main.o(i.MX_GPIO_Init) refers to rt_memclr_w.o(.text) for __aeabi_memclr4
    main.o(i.MX_GPIO_Init) refers to stm32h7xx_hal_gpio.o(i.HAL_GPIO_WritePin) for HAL_GPIO_WritePin
    main.o(i.MX_GPIO_Init) refers to stm32h7xx_hal_gpio.o(i.HAL_GPIO_Init) for HAL_GPIO_Init
    main.o(i.MX_SPI1_Init) refers to stm32h7xx_hal_spi.o(i.HAL_SPI_Init) for HAL_SPI_Init
    main.o(i.MX_SPI1_Init) refers to main.o(.bss) for .bss
    main.o(i.MX_SPI4_Init) refers to stm32h7xx_hal_spi.o(i.HAL_SPI_Init) for HAL_SPI_Init
    main.o(i.MX_SPI4_Init) refers to main.o(.bss) for .bss
    main.o(i.MX_USB_OTG_HS_PCD_Init) refers to stm32h7xx_hal_pcd.o(i.HAL_PCD_Init) for HAL_PCD_Init
    main.o(i.MX_USB_OTG_HS_PCD_Init) refers to main.o(.bss) for .bss
    main.o(i.PeriphCommonClock_Config) refers to rt_memclr_w.o(.text) for __aeabi_memclr4
    main.o(i.PeriphCommonClock_Config) refers to stm32h7xx_hal_rcc_ex.o(i.HAL_RCCEx_PeriphCLKConfig) for HAL_RCCEx_PeriphCLKConfig
    main.o(i.StartDefaultTask) refers to cmsis_os.o(i.osDelay) for osDelay
    main.o(i.SystemClock_Config) refers to rt_memclr_w.o(.text) for __aeabi_memclr4
    main.o(i.SystemClock_Config) refers to stm32h7xx_hal_pwr_ex.o(i.HAL_PWREx_ConfigSupply) for HAL_PWREx_ConfigSupply
    main.o(i.SystemClock_Config) refers to stm32h7xx_hal_rcc.o(i.HAL_RCC_OscConfig) for HAL_RCC_OscConfig
    main.o(i.SystemClock_Config) refers to stm32h7xx_hal_rcc.o(i.HAL_RCC_ClockConfig) for HAL_RCC_ClockConfig
    main.o(i.main) refers to stm32h7xx_hal_cortex.o(i.HAL_MPU_Disable) for HAL_MPU_Disable
    main.o(i.main) refers to stm32h7xx_hal_cortex.o(i.HAL_MPU_ConfigRegion) for HAL_MPU_ConfigRegion
    main.o(i.main) refers to stm32h7xx_hal_cortex.o(i.HAL_MPU_Enable) for HAL_MPU_Enable
    main.o(i.main) refers to stm32h7xx_hal.o(i.HAL_Init) for HAL_Init
    main.o(i.main) refers to main.o(i.SystemClock_Config) for SystemClock_Config
    main.o(i.main) refers to main.o(i.PeriphCommonClock_Config) for PeriphCommonClock_Config
    main.o(i.main) refers to main.o(i.MX_GPIO_Init) for MX_GPIO_Init
    main.o(i.main) refers to main.o(i.MX_FDCAN1_Init) for MX_FDCAN1_Init
    main.o(i.main) refers to main.o(i.MX_FDCAN2_Init) for MX_FDCAN2_Init
    main.o(i.main) refers to main.o(i.MX_FDCAN3_Init) for MX_FDCAN3_Init
    main.o(i.main) refers to stm32h7xx_hal_sd.o(i.HAL_SD_Init) for HAL_SD_Init
[...]
    MX_FDCAN3_Init                           0x08003691   Thumb Code    84  main.o(i.MX_FDCAN3_Init)
    i.MX_GPIO_Init                           0x080036ec   Section        0  main.o(i.MX_GPIO_Init)
    MX_GPIO_Init                             0x080036ed   Thumb Code   164  main.o(i.MX_GPIO_Init)
    i.MX_SPI1_Init                           0x08003798   Section        0  main.o(i.MX_SPI1_Init)
    MX_SPI1_Init                             0x08003799   Thumb Code    76  main.o(i.MX_SPI1_Init)
    i.MX_SPI4_Init                           0x080037ec   Section        0  main.o(i.MX_SPI4_Init)
    MX_SPI4_Init                             0x080037ed   Thumb Code    76  main.o(i.MX_SPI4_Init)
    i.MX_USB_OTG_HS_PCD_Init                 0x08003840   Section        0  main.o(i.MX_USB_OTG_HS_PCD_Init)
    MX_USB_OTG_HS_PCD_Init                   0x08003841   Thumb Code    48  main.o(i.MX_USB_OTG_HS_PCD_Init)
    i.MemManage_Handler                      0x08003878   Section        0  stm32h7xx_it.o(i.MemManage_Handler)
    i.NMI_Handler                            0x0800387a   Section        0  stm32h7xx_it.o(i.NMI_Handler)
    i.PeriphCommonClock_Config               0x0800387c   Section        0  main.o(i.PeriphCommonClock_Config)
    i.RCCEx_PLL2_Config                      0x080038c0   Section        0  stm32h7xx_hal_rcc_ex.o(i.RCCEx_PLL2_Config)
    RCCEx_PLL2_Config                        0x080038c1   Thumb Code   284  stm32h7xx_hal_rcc_ex.o(i.RCCEx_PLL2_Config)
    i.RCCEx_PLL3_Config                      0x080039e0   Section        0  stm32h7xx_hal_rcc_ex.o(i.RCCEx_PLL3_Config)
    RCCEx_PLL3_Config                        0x080039e1   Thumb Code   284  stm32h7xx_hal_rcc_ex.o(i.RCCEx_PLL3_Config)
    i.SDMMC_CmdAppCommand                    0x08003b00   Section        0  stm32h7xx_ll_sdmmc.o(i.SDMMC_CmdAppCommand)
    i.SDMMC_CmdAppOperCommand                0x08003b34   Section        0  stm32h7xx_ll_sdmmc.o(i.SDMMC_CmdAppOperCommand)
    i.SDMMC_CmdBlockLength                   0x08003b62   Section        0  stm32h7xx_ll_sdmmc.o(i.SDMMC_CmdBlockLength)
    i.SDMMC_CmdBusWidth                      0x08003b94   Section        0  stm32h7xx_ll_sdmmc.o(i.SDMMC_CmdBusWidth)
    i.SDMMC_CmdGoIdleState                   0x08003bc8   Section        0  stm32h7xx_ll_sdmmc.o(i.SDMMC_CmdGoIdleState)
    i.SDMMC_CmdOperCond                      0x08003c1c   Section        0  stm32h7xx_ll_sdmmc.o(i.SDMMC_CmdOperCond)
    i.SDMMC_CmdSelDesel                      0x08003c44   Section        0  stm32h7xx_ll_sdmmc.o(i.SDMMC_CmdSelDesel)
    i.SDMMC_CmdSendCID                       0x08003c78   Section        0  stm32h7xx_ll_sdmmc.o(i.SDMMC_CmdSendCID)
    i.SDMMC_CmdSendCSD                       0x08003ca4   Section        0  stm32h7xx_ll_sdmmc.o(i.SDMMC_CmdSendCSD)
    i.SDMMC_CmdSendSCR                       0x08003cd4   Section        0  stm32h7xx_ll_sdmmc.o(i.SDMMC_CmdSendSCR)
    i.SDMMC_CmdSendStatus                    0x08003d06   Section        0  stm32h7xx_ll_sdmmc.o(i.SDMMC_CmdSendStatus)
    i.SDMMC_CmdSetRelAdd                     0x08003d3a   Section        0  stm32h7xx_ll_sdmmc.o(i.SDMMC_CmdSetRelAdd)
    i.SDMMC_CmdStatusRegister                0x08003d6c   Section        0  stm32h7xx_ll_sdmmc.o(i.SDMMC_CmdStatusRegister)
    i.SDMMC_ConfigData                       0x08003d9e   Section        0  stm32h7xx_ll_sdmmc.o(i.SDMMC_ConfigData)
    i.SDMMC_GetCmdResp1                      0x08003dc4   Section        0  stm32h7xx_ll_sdmmc.o(i.SDMMC_GetCmdResp1)
    i.SDMMC_GetCmdResp2                      0x08003ee8   Section        0  stm32h7xx_ll_sdmmc.o(i.SDMMC_GetCmdResp2)
    i.SDMMC_GetCmdResp3                      0x08003f3c   Section        0  stm32h7xx_ll_sdmmc.o(i.SDMMC_GetCmdResp3)
    i.SDMMC_GetCmdResp6                      0x08003f84   Section        0  stm32h7xx_ll_sdmmc.o(i.SDMMC_GetCmdResp6)
    i.SDMMC_GetCmdResp7                      0x08004010   Section        0  stm32h7xx_ll_sdmmc.o(i.SDMMC_GetCmdResp7)
    i.SDMMC_GetPowerState                    0x08004068   Section        0  stm32h7xx_ll_sdmmc.o(i.SDMMC_GetPowerState)
    i.SDMMC_GetResponse                      0x08004070   Section        0  stm32h7xx_ll_sdmmc.o(i.SDMMC_GetResponse)
    i.SDMMC_Init                             0x08004078   Section        0  stm32h7xx_ll_sdmmc.o(i.SDMMC_Init)
    i.SDMMC_PowerState_ON                    0x08004098   Section        0  stm32h7xx_ll_sdmmc.o(i.SDMMC_PowerState_ON)
    i.SDMMC_ReadFIFO                         0x080040a4   Section        0  stm32h7xx_ll_sdmmc.o(i.SDMMC_ReadFIFO)
    i.SDMMC_SendCommand                      0x080040ac   Section        0  stm32h7xx_ll_sdmmc.o(i.SDMMC_SendCommand)
    i.SD_FindSCR                             0x080040d4   Section        0  stm32h7xx_hal_sd.o(i.SD_FindSCR)
    SD_FindSCR                               0x080040d5   Thumb Code   224  stm32h7xx_hal_sd.o(i.SD_FindSCR)
    i.SD_InitCard                            0x080041b8   Section        0  stm32h7xx_hal_sd.o(i.SD_InitCard)
    SD_InitCard                              0x080041b9   Thumb Code   246  stm32h7xx_hal_sd.o(i.SD_InitCard)
    i.SD_PowerON                             0x080042b0   Section        0  stm32h7xx_hal_sd.o(i.SD_PowerON)
    SD_PowerON                               0x080042b1   Thumb Code   176  stm32h7xx_hal_sd.o(i.SD_PowerON)
    i.SD_SendSDStatus                        0x08004364   Section        0  stm32h7xx_hal_sd.o(i.SD_SendSDStatus)
    SD_SendSDStatus                          0x08004365   Thumb Code   222  stm32h7xx_hal_sd.o(i.SD_SendSDStatus)
    i.StartDefaultTask                       0x08004448   Section        0  main.o(i.StartDefaultTask)
    i.SysTick_Handler                        0x08004450   Section        0  port.o(i.SysTick_Handler)
    i.SystemClock_Config                     0x0800447c   Section        0  main.o(i.SystemClock_Config)
    i.SystemInit                             0x08004514   Section        0  system_stm32h7xx.o(i.SystemInit)
    i.TIM23_IRQHandler                       0x080045ec   Section        0  stm32h7xx_it.o(i.TIM23_IRQHandler)
    i.TIM_Base_SetConfig                     0x080045f8   Section        0  stm32h7xx_hal_tim.o(i.TIM_Base_SetConfig)
    i.USB_CoreInit                           0x080046d8   Section        0  stm32h7xx_ll_usb.o(i.USB_CoreInit)
    i.USB_CoreReset                          0x08004770   Section        0  stm32h7xx_ll_usb.o(i.USB_CoreReset)
    USB_CoreReset                            0x08004771   Thumb Code    60  stm32h7xx_ll_usb.o(i.USB_CoreReset)
    i.USB_DevDisconnect                      0x080047ac   Section        0  stm32h7xx_ll_usb.o(i.USB_DevDisconnect)
    i.USB_DevInit                            0x080047c8   Section        0  stm32h7xx_ll_usb.o(i.USB_DevInit)
    i.USB_DisableGlobalInt                   0x08004934   Section        0  stm32h7xx_ll_usb.o(i.USB_DisableGlobalInt)
    i.USB_FlushRxFifo                        0x08004940   Section        0  stm32h7xx_ll_usb.o(i.USB_FlushRxFifo)
    i.USB_FlushTxFifo                        0x08004978   Section        0  stm32h7xx_ll_usb.o(i.USB_FlushTxFifo)
    i.USB_SetCurrentMode                     0x080049b4   Section        0  stm32h7xx_ll_usb.o(i.USB_SetCurrentMode)
    i.UsageFault_Handler                     0x08004a12   Section        0  stm32h7xx_it.o(i.UsageFault_Handler)
    i.__NVIC_SetPriority                     0x08004a14   Section        0  stm32h7xx_hal_cortex.o(i.__NVIC_SetPriority)
    __NVIC_SetPriority                       0x08004a15   Thumb Code    34  stm32h7xx_hal_cortex.o(i.__NVIC_SetPriority)
    i.main                                   0x08004a38   Section        0  main.o(i.main)
    i.makeFreeRtosPriority                   0x08004b0c   Section        0  cmsis_os.o(i.makeFreeRtosPriority)
    makeFreeRtosPriority                     0x08004b0d   Thumb Code    14  cmsis_os.o(i.makeFreeRtosPriority)
    i.osDelay                                0x08004b1a   Section        0  cmsis_os.o(i.osDelay)
    i.osKernelStart                          0x08004b28   Section        0  cmsis_os.o(i.osKernelStart)
    i.osThreadCreate                         0x08004b32   Section        0  cmsis_os.o(i.osThreadCreate)
    i.prvAddCurrentTaskToDelayedList         0x08004b88   Section        0  tasks.o(i.prvAddCurrentTaskToDelayedList)
    prvAddCurrentTaskToDelayedList           0x08004b89   Thumb Code   102  tasks.o(i.prvAddCurrentTaskToDelayedList)
    i.prvAddNewTaskToReadyList               0x08004bf8   Section        0  tasks.o(i.prvAddNewTaskToReadyList)
    prvAddNewTaskToReadyList                 0x08004bf9   Thumb Code   194  tasks.o(i.prvAddNewTaskToReadyList)
    i.prvDeleteTCB                           0x08004cc8   Section        0  tasks.o(i.prvDeleteTCB)
    prvDeleteTCB                             0x08004cc9   Thumb Code    52  tasks.o(i.prvDeleteTCB)
    i.prvHeapInit                            0x08004cfc   Section        0  heap_4.o(i.prvHeapInit)
    prvHeapInit                              0x08004cfd   Thumb Code    70  heap_4.o(i.prvHeapInit)
    i.prvIdleTask                            0x08004d4c   Section        0  tasks.o(i.prvIdleTask)
    prvIdleTask                              0x08004d4d   Thumb Code    82  tasks.o(i.prvIdleTask)
    i.prvInitialiseNewTask                   0x08004dac   Section        0  tasks.o(i.prvInitialiseNewTask)
    prvInitialiseNewTask                     0x08004dad   Thumb Code   154  tasks.o(i.prvInitialiseNewTask)
    i.prvInsertBlockIntoFreeList             0x08004e48   Section        0  heap_4.o(i.prvInsertBlockIntoFreeList)
    prvInsertBlockIntoFreeList               0x08004e49   Thumb Code    72  heap_4.o(i.prvInsertBlockIntoFreeList)
    i.prvResetNextTaskUnblockTime            0x08004e94   Section        0  tasks.o(i.prvResetNextTaskUnblockTime)
    prvResetNextTaskUnblockTime              0x08004e95   Thumb Code    26  tasks.o(i.prvResetNextTaskUnblockTime)
    i.prvTaskExitError                       0x08004eb4   Section        0  port.o(i.prvTaskExitError)
    prvTaskExitError                         0x08004eb5   Thumb Code    36  port.o(i.prvTaskExitError)
    i.pvPortMalloc                           0x08004edc   Section        0  heap_4.o(i.pvPortMalloc)
    i.pxPortInitialiseStack                  0x08004fb8   Section        0  port.o(i.pxPortInitialiseStack)
    i.taskHeartBeat                          0x08004fe8   Section        0  main.o(i.taskHeartBeat)
    i.uxListRemove                           0x08005004   Section        0  list.o(i.uxListRemove)
    i.vApplicationGetIdleTaskMemory          0x0800502c   Section        0  freertos.o(i.vApplicationGetIdleTaskMemory)
    i.vListInitialise                        0x08005044   Section        0  list.o(i.vListInitialise)
    i.vListInitialiseItem                    0x0800505a   Section        0  list.o(i.vListInitialiseItem)
    i.vListInsert                            0x08005060   Section        0  list.o(i.vListInsert)
    i.vListInsertEnd                         0x08005090   Section        0  list.o(i.vListInsertEnd)
    i.vPortEnterCritical                     0x080050a8   Section        0  port.o(i.vPortEnterCritical)
    i.vPortExitCritical                      0x080050e8   Section        0  port.o(i.vPortExitCritical)
    i.vPortFree                              0x08005110   Section        0  heap_4.o(i.vPortFree)
    i.vPortSetupTimerInterrupt               0x08005174   Section        0  port.o(i.vPortSetupTimerInterrupt)
    i.vTaskDelay                             0x08005198   Section        0  tasks.o(i.vTaskDelay)
    i.vTaskStartScheduler                    0x080051e4   Section        0  tasks.o(i.vTaskStartScheduler)
    i.vTaskSuspendAll                        0x08005250   Section        0  tasks.o(i.vTaskSuspendAll)
    i.vTaskSwitchContext                     0x08005260   Section        0  tasks.o(i.vTaskSwitchContext)
    i.xPortStartScheduler                    0x080052bc   Section        0  port.o(i.xPortStartScheduler)
    i.xTaskCreate                            0x080053b0   Section        0  tasks.o(i.xTaskCreate)
    i.xTaskCreateStatic                      0x0800540a   Section        0  tasks.o(i.xTaskCreateStatic)
    i.xTaskIncrementTick                     0x08005460   Section        0  tasks.o(i.xTaskIncrementTick)
    i.xTaskResumeAll                         0x0800552c   Section        0  tasks.o(i.xTaskResumeAll)
    x$fpl$fpinit                             0x080055f0   Section       10  fpinit.o(x$fpl$fpinit)
    $v0                                      0x080055f0   Number         0  fpinit.o(x$fpl$fpinit)
    .constdata                               0x080055fc   Section       56  main.o(.constdata)
    .constdata                               0x08005634   Section       92  stm32h7xx_hal_fdcan.o(.constdata)
    DLCtoBytes                               0x08005634   Data          16  stm32h7xx_hal_fdcan.o(.constdata)
    .constdata                               0x08005690   Section       16  system_stm32h7xx.o(.constdata)
    .conststring                             0x080056a0   Section       22  main.o(.conststring)
    .bss                                     0x20000000   Section    15360  heap_4.o(.bss)
    ucHeap                                   0x20000000   Data       15360  heap_4.o(.bss)
    .data                                    0x24000000   Section        8  main.o(.data)
    .data                                    0x24000008   Section        4  stm32h7xx_hal_msp.o(.data)
    HAL_RCC_FDCAN_CLK_ENABLED                0x24000008   Data           4  stm32h7xx_hal_msp.o(.data)
    .data                                    0x2400000c   Section       12  stm32h7xx_hal.o(.data)
    .data                                    0x24000018   Section        8  system_stm32h7xx.o(.data)
    .data                                    0x24000020   Section       60  tasks.o(.data)
    uxDeletedTasksWaitingCleanUp             0x24000024   Data           4  tasks.o(.data)
    uxCurrentNumberOfTasks                   0x24000028   Data           4  tasks.o(.data)
    xTickCount                               0x2400002c   Data           4  tasks.o(.data)
    uxTopReadyPriority                       0x24000030   Data           4  tasks.o(.data)
    xSchedulerRunning                        0x24000034   Data           4  tasks.o(.data)
    xPendedTicks                             0x24000038   Data           4  tasks.o(.data)
    xYieldPending                            0x2400003c   Data           4  tasks.o(.data)
    xNumOfOverflows                          0x24000040   Data           4  tasks.o(.data)
    uxTaskNumber                             0x24000044   Data           4  tasks.o(.data)
    xNextTaskUnblockTime                     0x24000048   Data           4  tasks.o(.data)
    xIdleTaskHandle                          0x2400004c   Data           4  tasks.o(.data)
    uxSchedulerSuspended                     0x24000050   Data           4  tasks.o(.data)
    pxDelayedTaskList                        0x24000054   Data           4  tasks.o(.data)
    pxOverflowDelayedTaskList                0x24000058   Data           4  tasks.o(.data)
    .data                                    0x2400005c   Section       32  heap_4.o(.data)
    pxEnd                                    0x2400005c   Data           4  heap_4.o(.data)
    xFreeBytesRemaining                      0x24000060   Data           4  heap_4.o(.data)
    xMinimumEverFreeBytesRemaining           0x24000064   Data           4  heap_4.o(.data)
    xNumberOfSuccessfulAllocations           0x24000068   Data           4  heap_4.o(.data)
    xNumberOfSuccessfulFrees                 0x2400006c   Data           4  heap_4.o(.data)
    xBlockAllocatedBit                       0x24000070   Data           4  heap_4.o(.data)
    xStart                                   0x24000074   Data           8  heap_4.o(.data)
    .data                                    0x2400007c   Section       12  port.o(.data)
    ucMaxSysCallPriority                     0x2400007c   Data           1  port.o(.data)
    uxCriticalNesting                        0x24000080   Data           4  port.o(.data)
    ulMaxPRIGROUPValue                       0x24000084   Data           4  port.o(.data)
    .bss                                     0x24000088   Section     2128  main.o(.bss)
    .bss                                     0x240008d8   Section      596  freertos.o(.bss)
    xIdleTaskTCBBuffer                       0x240008d8   Data          84  freertos.o(.bss)
    xIdleStack                               0x2400092c   Data         512  freertos.o(.bss)
    .bss                                     0x24000b2c   Section       76  stm32h7xx_hal_timebase_tim.o(.bss)
    .bss                                     0x24000b78   Section      240  tasks.o(.bss)
    pxReadyTasksLists                        0x24000b78   Data         140  tasks.o(.bss)
    xDelayedTaskList1                        0x24000c04   Data          20  tasks.o(.bss)
    xDelayedTaskList2                        0x24000c18   Data          20  tasks.o(.bss)
    xPendingReadyList                        0x24000c2c   Data          20  tasks.o(.bss)
    xTasksWaitingTermination                 0x24000c40   Data          20  tasks.o(.bss)
    xSuspendedTaskList                       0x24000c54   Data          20  tasks.o(.bss)
    .bss                                     0x24000c68   Section       96  libspace.o(.bss)
    HEAP                                     0x24000cc8   Section      512  startup_stm32h723xx.o(HEAP)
    Heap_Mem                                 0x24000cc8   Data         512  startup_stm32h723xx.o(HEAP)
    STACK                                    0x24000ec8   Section     1024  startup_stm32h723xx.o(STACK)
    Stack_Mem                                0x24000ec8   Data        1024  startup_stm32h723xx.o(STACK)
    __initial_sp                             0x240012c8   Data           0  startup_stm32h723xx.o(STACK)

    Global Symbols

    Symbol Name                              Value     Ov Type        Size  Object(Section)

    BuildAttributes$$THM_ISAv4$E$P$D$K$B$S$7EM$VFPv5_D16$PE$PLD8$A:L22UL41UL21$X:L11$S22US41US21$IEEE1$IW$USESV6$~STKCKD$USESV7$~SHL$OSPACE$ROPI$EBA8$UX$STANDARDLIB$REQ8$PRES8$EABIv2 0x00000000   Number         0  anon$$obj.o ABSOLUTE
    __ARM_use_no_argv                        0x00000000   Number         0  main.o ABSOLUTE
    __ARM_exceptions_init                     - Undefined Weak Reference
    __alloca_initialize                       - Undefined Weak Reference
    __arm_fini_                               - Undefined Weak Reference
    __arm_preinit_                            - Undefined Weak Reference
    __cpp_initialize__aeabi_                  - Undefined Weak Reference
    __cxa_finalize                            - Undefined Weak Reference
    __rt_locale                               - Undefined Weak Reference
    __sigvec_lookup                           - Undefined Weak Reference
    _atexit_init                              - Undefined Weak Reference
    _call_atexit_fns                          - Undefined Weak Reference
    _clock_init                               - Undefined Weak Reference
    _fp_trap_init                             - Undefined Weak Reference
    _fp_trap_shutdown                         - Undefined Weak Reference
    _get_lc_collate                           - Undefined Weak Reference
    _get_lc_ctype                             - Undefined Weak Reference
    _get_lc_monetary                          - Undefined Weak Reference
    _get_lc_numeric                           - Undefined Weak Reference
    _get_lc_time                              - Undefined Weak Reference
    _getenv_init                              - Undefined Weak Reference
    _handle_redirection                       - Undefined Weak Reference
    _init_alloc                               - Undefined Weak Reference
    _init_user_alloc                          - Undefined Weak Reference
    _initio                                   - Undefined Weak Reference
    _rand_init                                - Undefined Weak Reference
    _signal_finish                            - Undefined Weak Reference
    _signal_init                              - Undefined Weak Reference
    _terminate_alloc                          - Undefined Weak Reference
    _terminate_user_alloc                     - Undefined Weak Reference
    _terminateio                              - Undefined Weak Reference
    __Vectors_Size                           0x000002cc   Number         0  startup_stm32h723xx.o ABSOLUTE
    __Vectors                                0x08000000   Data           4  startup_stm32h723xx.o(RESET)
    __Vectors_End                            0x080002cc   Data           0  startup_stm32h723xx.o(RESET)
    __main                                   0x080002cd   Thumb Code     8  __main.o(!!!main)
    __scatterload                            0x080002d5   Thumb Code     0  __scatter.o(!!!scatter)
    __scatterload_rt2                        0x080002d5   Thumb Code    44  __scatter.o(!!!scatter)
    __scatterload_rt2_thumb_only             0x080002d5   Thumb Code     0  __scatter.o(!!!scatter)
    __scatterload_null                       0x080002e3   Thumb Code     0  __scatter.o(!!!scatter)
    __scatterload_copy                       0x08000309   Thumb Code    26  __scatter_copy.o(!!handler_copy)
    __scatterload_zeroinit                   0x08000325   Thumb Code    28  __scatter_zi.o(!!handler_zi)
    __rt_lib_init                            0x08000341   Thumb Code     0  libinit.o(.ARM.Collect$$libinit$$00000000)
    __rt_lib_init_fp_1                       0x08000343   Thumb Code     0  libinit2.o(.ARM.Collect$$libinit$$00000001)
    __rt_lib_init_alloca_1                   0x08000347   Thumb Code     0  libinit2.o(.ARM.Collect$$libinit$$0000002E)
    __rt_lib_init_argv_1                     0x08000347   Thumb Code     0  libinit2.o(.ARM.Collect$$libinit$$0000002C)
    __rt_lib_init_atexit_1                   0x08000347   Thumb Code     0  libinit2.o(.ARM.Collect$$libinit$$0000001B)
    __rt_lib_init_clock_1                    0x08000347   Thumb Code     0  libinit2.o(.ARM.Collect$$libinit$$00000021)
    __rt_lib_init_cpp_1                      0x08000347   Thumb Code     0  libinit2.o(.ARM.Collect$$libinit$$00000032)
    __rt_lib_init_exceptions_1               0x08000347   Thumb Code     0  libinit2.o(.ARM.Collect$$libinit$$00000030)
    __rt_lib_init_fp_trap_1                  0x08000347   Thumb Code     0  libinit2.o(.ARM.Collect$$libinit$$0000001F)
    __rt_lib_init_getenv_1                   0x08000347   Thumb Code     0  libinit2.o(.ARM.Collect$$libinit$$00000023)
    __rt_lib_init_heap_1                     0x08000347   Thumb Code     0  libinit2.o(.ARM.Collect$$libinit$$0000000A)
    __rt_lib_init_lc_collate_1               0x08000347   Thumb Code     0  libinit2.o(.ARM.Collect$$libinit$$00000011)
    __rt_lib_init_lc_ctype_1                 0x08000347   Thumb Code     0  libinit2.o(.ARM.Collect$$libinit$$00000013)
    __rt_lib_init_lc_monetary_1              0x08000347   Thumb Code     0  libinit2.o(.ARM.Collect$$libinit$$00000015)
    __rt_lib_init_lc_numeric_1               0x08000347   Thumb Code     0  libinit2.o(.ARM.Collect$$libinit$$00000017)
    __rt_lib_init_lc_time_1                  0x08000347   Thumb Code     0  libinit2.o(.ARM.Collect$$libinit$$00000019)
    __rt_lib_init_preinit_1                  0x08000347   Thumb Code     0  libinit2.o(.ARM.Collect$$libinit$$00000004)
    __rt_lib_init_rand_1                     0x08000347   Thumb Code     0  libinit2.o(.ARM.Collect$$libinit$$0000000E)
    __rt_lib_init_return                     0x08000347   Thumb Code     0  libinit2.o(.ARM.Collect$$libinit$$00000033)
    __rt_lib_init_signal_1                   0x08000347   Thumb Code     0  libinit2.o(.ARM.Collect$$libinit$$0000001D)
    __rt_lib_init_stdio_1                    0x08000347   Thumb Code     0  libinit2.o(.ARM.Collect$$libinit$$00000025)
    __rt_lib_init_user_alloc_1               0x08000347   Thumb Code     0  libinit2.o(.ARM.Collect$$libinit$$0000000C)
    __rt_lib_shutdown                        0x08000349   Thumb Code     0  libshutdown.o(.ARM.Collect$$libshutdown$$00000000)
    __rt_lib_shutdown_cpp_1                  0x0800034b   Thumb Code     0  libshutdown2.o(.ARM.Collect$$libshutdown$$00000004)
    __rt_lib_shutdown_fini_1                 0x0800034b   Thumb Code     0  libshutdown2.o(.ARM.Collect$$libshutdown$$00000002)
    __rt_lib_shutdown_fp_trap_1              0x0800034b   Thumb Code     0  libshutdown2.o(.ARM.Collect$$libshutdown$$00000009)
    __rt_lib_shutdown_heap_1                 0x0800034b   Thumb Code     0  libshutdown2.o(.ARM.Collect$$libshutdown$$00000011)
    __rt_lib_shutdown_return                 0x0800034b   Thumb Code     0  libshutdown2.o(.ARM.Collect$$libshutdown$$00000012)
    __rt_lib_shutdown_signal_1               0x0800034b   Thumb Code     0  libshutdown2.o(.ARM.Collect$$libshutdown$$0000000C)
    __rt_lib_shutdown_stdio_1                0x0800034b   Thumb Code     0  libshutdown2.o(.ARM.Collect$$libshutdown$$00000006)
    __rt_lib_shutdown_user_alloc_1           0x0800034b   Thumb Code     0  libshutdown2.o(.ARM.Collect$$libshutdown$$0000000E)
    __rt_entry                               0x0800034d   Thumb Code     0  __rtentry.o(.ARM.Collect$$rtentry$$00000000)
    __rt_entry_presh_1                       0x0800034d   Thumb Code     0  __rtentry2.o(.ARM.Collect$$rtentry$$00000002)
    __rt_entry_sh                            0x0800034d   Thumb Code     0  __rtentry4.o(.ARM.Collect$$rtentry$$00000004)
    __rt_entry_li                            0x08000353   Thumb Code     0  __rtentry2.o(.ARM.Collect$$rtentry$$0000000A)
    __rt_entry_postsh_1                      0x08000353   Thumb Code     0  __rtentry2.o(.ARM.Collect$$rtentry$$00000009)
    __rt_entry_main                          0x08000357   Thumb Code     0  __rtentry2.o(.ARM.Collect$$rtentry$$0000000D)
    __rt_entry_postli_1                      0x08000357   Thumb Code     0  __rtentry2.o(.ARM.Collect$$rtentry$$0000000C)
    __rt_exit                                0x0800035f   Thumb Code     0  rtexit.o(.ARM.Collect$$rtexit$$00000000)
    __rt_exit_ls                             0x08000361   Thumb Code     0  rtexit2.o(.ARM.Collect$$rtexit$$00000003)
    __rt_exit_prels_1                        0x08000361   Thumb Code     0  rtexit2.o(.ARM.Collect$$rtexit$$00000002)
    __rt_exit_exit                           0x08000365   Thumb Code     0  rtexit2.o(.ARM.Collect$$rtexit$$00000004)
    SVC_Handler                              0x0800036d   Thumb Code    28  port.o(.emb_text)
    __asm___6_port_c_39a90d8d__prvStartFirstTask 0x0800038d   Thumb Code    36  port.o(.emb_text)
    __asm___6_port_c_39a90d8d__prvEnableVFP  0x080003b5   Thumb Code    16  port.o(.emb_text)
    PendSV_Handler                           0x080003c9   Thumb Code    88  port.o(.emb_text)
    vPortGetIPSR                             0x08000425   Thumb Code     6  port.o(.emb_text)
    Reset_Handler                            0x0800042d   Thumb Code    12  startup_stm32h723xx.o(.text)
    ADC3_IRQHandler                          0x0800044b   Thumb Code     0  startup_stm32h723xx.o(.text)
    ADC_IRQHandler                           0x0800044b   Thumb Code     0  startup_stm32h723xx.o(.text)
    BDMA_Channel0_IRQHandler                 0x0800044b   Thumb Code     0  startup_stm32h723xx.o(.text)
    BDMA_Channel1_IRQHandler                 0x0800044b   Thumb Code     0  startup_stm32h723xx.o(.text)
    BDMA_Channel2_IRQHandler                 0x0800044b   Thumb Code     0  startup_stm32h723xx.o(.text)
    BDMA_Channel3_IRQHandler                 0x0800044b   Thumb Code     0  startup_stm32h723xx.o(.text)
    BDMA_Channel4_IRQHandler                 0x0800044b   Thumb Code     0  startup_stm32h723xx.o(.text)
    BDMA_Channel5_IRQHandler                 0x0800044b   Thumb Code     0  startup_stm32h723xx.o(.text)
    BDMA_Channel6_IRQHandler                 0x0800044b   Thumb Code     0  startup_stm32h723xx.o(.text)
    BDMA_Channel7_IRQHandler                 0x0800044b   Thumb Code     0  startup_stm32h723xx.o(.text)
    CEC_IRQHandler                           0x0800044b   Thumb Code     0  startup_stm32h723xx.o(.text)
    COMP1_IRQHandler                         0x0800044b   Thumb Code     0  startup_stm32h723xx.o(.text)
    CORDIC_IRQHandler                        0x0800044b   Thumb Code     0  startup_stm32h723xx.o(.text)
    CRS_IRQHandler                           0x0800044b   Thumb Code     0  startup_stm32h723xx.o(.text)
    DCMI_PSSI_IRQHandler                     0x0800044b   Thumb Code     0  startup_stm32h723xx.o(.text)
    DFSDM1_FLT0_IRQHandler                   0x0800044b   Thumb Code     0  startup_stm32h723xx.o(.text)
    DFSDM1_FLT1_IRQHandler                   0x0800044b   Thumb Code     0  startup_stm32h723xx.o(.text)
    DFSDM1_FLT2_IRQHandler                   0x0800044b   Thumb Code     0  startup_stm32h723xx.o(.text)
    DFSDM1_FLT3_IRQHandler                   0x0800044b   Thumb Code     0  startup_stm32h723xx.o(.text)
    DMA1_Stream0_IRQHandler                  0x0800044b   Thumb Code     0  startup_stm32h723xx.o(.text)
    DMA1_Stream1_IRQHandler                  0x0800044b   Thumb Code     0  startup_stm32h723xx.o(.text)
    DMA1_Stream2_IRQHandler                  0x0800044b   Thumb Code     0  startup_stm32h723xx.o(.text)
    DMA1_Stream3_IRQHandler                  0x0800044b   Thumb Code     0  startup_stm32h723xx.o(.text)
    DMA1_Stream4_IRQHandler                  0x0800044b   Thumb Code     0  startup_stm32h723xx.o(.text)
    DMA1_Stream5_IRQHandler                  0x0800044b   Thumb Code     0  startup_stm32h723xx.o(.text)
    DMA1_Stream6_IRQHandler                  0x0800044b   Thumb Code     0  startup_stm32h723xx.o(.text)
    DMA1_Stream7_IRQHandler                  0x0800044b   Thumb Code     0  startup_stm32h723xx.o(.text)
    DMA2D_IRQHandler                         0x0800044b   Thumb Code     0  startup_stm32h723xx.o(.text)
    DMA2_Stream0_IRQHandler                  0x0800044b   Thumb Code     0  startup_stm32h723xx.o(.text)
    DMA2_Stream1_IRQHandler                  0x0800044b   Thumb Code     0  startup_stm32h723xx.o(.text)
    DMA2_Stream2_IRQHandler                  0x0800044b   Thumb Code     0  startup_stm32h723xx.o(.text)
    DMA2_Stream3_IRQHandler                  0x0800044b   Thumb Code     0  startup_stm32h723xx.o(.text)
    DMA2_Stream4_IRQHandler                  0x0800044b   Thumb Code     0  startup_stm32h723xx.o(.text)
    DMA2_Stream5_IRQHandler                  0x0800044b   Thumb Code     0  startup_stm32h723xx.o(.text)
    DMA2_Stream6_IRQHandler                  0x0800044b   Thumb Code     0  startup_stm32h723xx.o(.text)
    DMA2_Stream7_IRQHandler                  0x0800044b   Thumb Code     0  startup_stm32h723xx.o(.text)
    DMAMUX1_OVR_IRQHandler                   0x0800044b   Thumb Code     0  startup_stm32h723xx.o(.text)
    DMAMUX2_OVR_IRQHandler                   0x0800044b   Thumb Code     0  startup_stm32h723xx.o(.text)
    DTS_IRQHandler                           0x0800044b   Thumb Code     0  startup_stm32h723xx.o(.text)
    ECC_IRQHandler                           0x0800044b   Thumb Code     0  startup_stm32h723xx.o(.text)
    ETH_IRQHandler                           0x0800044b   Thumb Code     0  startup_stm32h723xx.o(.text)
    ETH_WKUP_IRQHandler                      0x0800044b   Thumb Code     0  startup_stm32h723xx.o(.text)
    EXTI0_IRQHandler                         0x0800044b   Thumb Code     0  startup_stm32h723xx.o(.text)
    EXTI15_10_IRQHandler                     0x0800044b   Thumb Code     0  startup_stm32h723xx.o(.text)
    EXTI1_IRQHandler                         0x0800044b   Thumb Code     0  startup_stm32h723xx.o(.text)
    EXTI2_IRQHandler                         0x0800044b   Thumb Code     0  startup_stm32h723xx.o(.text)
    EXTI3_IRQHandler                         0x0800044b   Thumb Code     0  startup_stm32h723xx.o(.text)
    EXTI4_IRQHandler                         0x0800044b   Thumb Code     0  startup_stm32h723xx.o(.text)
    EXTI9_5_IRQHandler                       0x0800044b   Thumb Code     0  startup_stm32h723xx.o(.text)
    FDCAN1_IT0_IRQHandler                    0x0800044b   Thumb Code     0  startup_stm32h723xx.o(.text)
    FDCAN1_IT1_IRQHandler                    0x0800044b   Thumb Code     0  startup_stm32h723xx.o(.text)
    FDCAN2_IT0_IRQHandler                    0x0800044b   Thumb Code     0  startup_stm32h723xx.o(.text)
    FDCAN2_IT1_IRQHandler                    0x0800044b   Thumb Code     0  startup_stm32h723xx.o(.text)
    FDCAN3_IT0_IRQHandler                    0x0800044b   Thumb Code     0  startup_stm32h723xx.o(.text)
    FDCAN3_IT1_IRQHandler                    0x0800044b   Thumb Code     0  startup_stm32h723xx.o(.text)
    FDCAN_CAL_IRQHandler                     0x0800044b   Thumb Code     0  startup_stm32h723xx.o(.text)
    FLASH_IRQHandler                         0x0800044b   Thumb Code     0  startup_stm32h723xx.o(.text)
    FMAC_IRQHandler                          0x0800044b   Thumb Code     0  startup_stm32h723xx.o(.text)
    FMC_IRQHandler                           0x0800044b   Thumb Code     0  startup_stm32h723xx.o(.text)
    FPU_IRQHandler                           0x0800044b   Thumb Code     0  startup_stm32h723xx.o(.text)
    HSEM1_IRQHandler                         0x0800044b   Thumb Code     0  startup_stm32h723xx.o(.text)
    I2C1_ER_IRQHandler                       0x0800044b   Thumb Code     0  startup_stm32h723xx.o(.text)
    I2C1_EV_IRQHandler                       0x0800044b   Thumb Code     0  startup_stm32h723xx.o(.text)
    I2C2_ER_IRQHandler                       0x0800044b   Thumb Code     0  startup_stm32h723xx.o(.text)
    I2C2_EV_IRQHandler                       0x0800044b   Thumb Code     0  startup_stm32h723xx.o(.text)
    I2C3_ER_IRQHandler                       0x0800044b   Thumb Code     0  startup_stm32h723xx.o(.text)
    I2C3_EV_IRQHandler                       0x0800044b   Thumb Code     0  startup_stm32h723xx.o(.text)
    I2C4_ER_IRQHandler                       0x0800044b   Thumb Code     0  startup_stm32h723xx.o(.text)
    I2C4_EV_IRQHandler                       0x0800044b   Thumb Code     0  startup_stm32h723xx.o(.text)
    I2C5_ER_IRQHandler                       0x0800044b   Thumb Code     0  startup_stm32h723xx.o(.text)
    I2C5_EV_IRQHandler                       0x0800044b   Thumb Code     0  startup_stm32h723xx.o(.text)
    LPTIM1_IRQHandler                        0x0800044b   Thumb Code     0  startup_stm32h723xx.o(.text)
    LPTIM2_IRQHandler                        0x0800044b   Thumb Code     0  startup_stm32h723xx.o(.text)
    LPTIM3_IRQHandler                        0x0800044b   Thumb Code     0  startup_stm32h723xx.o(.text)
    LPTIM4_IRQHandler                        0x0800044b   Thumb Code     0  startup_stm32h723xx.o(.text)
    LPTIM5_IRQHandler                        0x0800044b   Thumb Code     0  startup_stm32h723xx.o(.text)
    LPUART1_IRQHandler                       0x0800044b   Thumb Code     0  startup_stm32h723xx.o(.text)
    LTDC_ER_IRQHandler                       0x0800044b   Thumb Code     0  startup_stm32h723xx.o(.text)
    LTDC_IRQHandler                          0x0800044b   Thumb Code     0  startup_stm32h723xx.o(.text)
    MDIOS_IRQHandler                         0x0800044b   Thumb Code     0  startup_stm32h723xx.o(.text)
    MDIOS_WKUP_IRQHandler                    0x0800044b   Thumb Code     0  startup_stm32h723xx.o(.text)
    MDMA_IRQHandler                          0x0800044b   Thumb Code     0  startup_stm32h723xx.o(.text)
    OCTOSPI1_IRQHandler                      0x0800044b   Thumb Code     0  startup_stm32h723xx.o(.text)
    OCTOSPI2_IRQHandler                      0x0800044b   Thumb Code     0  startup_stm32h723xx.o(.text)
    OTG_HS_EP1_IN_IRQHandler                 0x0800044b   Thumb Code     0  startup_stm32h723xx.o(.text)
    OTG_HS_EP1_OUT_IRQHandler                0x0800044b   Thumb Code     0  startup_stm32h723xx.o(.text)
    OTG_HS_IRQHandler                        0x0800044b   Thumb Code     0  startup_stm32h723xx.o(.text)
    OTG_HS_WKUP_IRQHandler                   0x0800044b   Thumb Code     0  startup_stm32h723xx.o(.text)
    PVD_AVD_IRQHandler                       0x0800044b   Thumb Code     0  startup_stm32h723xx.o(.text)
    RCC_IRQHandler                           0x0800044b   Thumb Code     0  startup_stm32h723xx.o(.text)
    RNG_IRQHandler                           0x0800044b   Thumb Code     0  startup_stm32h723xx.o(.text)
    RTC_Alarm_IRQHandler                     0x0800044b   Thumb Code     0  startup_stm32h723xx.o(.text)
    RTC_WKUP_IRQHandler                      0x0800044b   Thumb Code     0  startup_stm32h723xx.o(.text)
    SAI1_IRQHandler                          0x0800044b   Thumb Code     0  startup_stm32h723xx.o(.text)
    SAI4_IRQHandler                          0x0800044b   Thumb Code     0  startup_stm32h723xx.o(.text)
    SDMMC1_IRQHandler                        0x0800044b   Thumb Code     0  startup_stm32h723xx.o(.text)
    SDMMC2_IRQHandler                        0x0800044b   Thumb Code     0  startup_stm32h723xx.o(.text)
    SPDIF_RX_IRQHandler                      0x0800044b   Thumb Code     0  startup_stm32h723xx.o(.text)
    SPI1_IRQHandler                          0x0800044b   Thumb Code     0  startup_stm32h723xx.o(.text)
    SPI2_IRQHandler                          0x0800044b   Thumb Code     0  startup_stm32h723xx.o(.text)
    SPI3_IRQHandler                          0x0800044b   Thumb Code     0  startup_stm32h723xx.o(.text)
    SPI4_IRQHandler                          0x0800044b   Thumb Code     0  startup_stm32h723xx.o(.text)
    SPI5_IRQHandler                          0x0800044b   Thumb Code     0  startup_stm32h723xx.o(.text)
    SPI6_IRQHandler                          0x0800044b   Thumb Code     0  startup_stm32h723xx.o(.text)
    SWPMI1_IRQHandler                        0x0800044b   Thumb Code     0  startup_stm32h723xx.o(.text)
    TAMP_STAMP_IRQHandler                    0x0800044b   Thumb Code     0  startup_stm32h723xx.o(.text)
    TIM15_IRQHandler                         0x0800044b   Thumb Code     0  startup_stm32h723xx.o(.text)
    TIM16_IRQHandler                         0x0800044b   Thumb Code     0  startup_stm32h723xx.o(.text)
    TIM17_IRQHandler                         0x0800044b   Thumb Code     0  startup_stm32h723xx.o(.text)
    TIM1_BRK_IRQHandler                      0x0800044b   Thumb Code     0  startup_stm32h723xx.o(.text)
    TIM1_CC_IRQHandler                       0x0800044b   Thumb Code     0  startup_stm32h723xx.o(.text)
    TIM1_TRG_COM_IRQHandler                  0x0800044b   Thumb Code     0  startup_stm32h723xx.o(.text)
    TIM1_UP_IRQHandler                       0x0800044b   Thumb Code     0  startup_stm32h723xx.o(.text)
    TIM24_IRQHandler                         0x0800044b   Thumb Code     0  startup_stm32h723xx.o(.text)
    TIM2_IRQHandler                          0x0800044b   Thumb Code     0  startup_stm32h723xx.o(.text)
    TIM3_IRQHandler                          0x0800044b   Thumb Code     0  startup_stm32h723xx.o(.text)
    TIM4_IRQHandler                          0x0800044b   Thumb Code     0  startup_stm32h723xx.o(.text)
    TIM5_IRQHandler                          0x0800044b   Thumb Code     0  startup_stm32h723xx.o(.text)
    TIM6_DAC_IRQHandler                      0x0800044b   Thumb Code     0  startup_stm32h723xx.o(.text)
    TIM7_IRQHandler                          0x0800044b   Thumb Code     0  startup_stm32h723xx.o(.text)
    TIM8_BRK_TIM12_IRQHandler                0x0800044b   Thumb Code     0  startup_stm32h723xx.o(.text)
    TIM8_CC_IRQHandler                       0x0800044b   Thumb Code     0  startup_stm32h723xx.o(.text)
    TIM8_TRG_COM_TIM14_IRQHandler            0x0800044b   Thumb Code     0  startup_stm32h723xx.o(.text)
    TIM8_UP_TIM13_IRQHandler                 0x0800044b   Thumb Code     0  startup_stm32h723xx.o(.text)
    UART4_IRQHandler                         0x0800044b   Thumb Code     0  startup_stm32h723xx.o(.text)
    UART5_IRQHandler                         0x0800044b   Thumb Code     0  startup_stm32h723xx.o(.text)
    UART7_IRQHandler                         0x0800044b   Thumb Code     0  startup_stm32h723xx.o(.text)
    UART8_IRQHandler                         0x0800044b   Thumb Code     0  startup_stm32h723xx.o(.text)
    UART9_IRQHandler                         0x0800044b   Thumb Code     0  startup_stm32h723xx.o(.text)
    USART10_IRQHandler                       0x0800044b   Thumb Code     0  startup_stm32h723xx.o(.text)
    USART1_IRQHandler                        0x0800044b   Thumb Code     0  startup_stm32h723xx.o(.text)
    USART2_IRQHandler                        0x0800044b   Thumb Code     0  startup_stm32h723xx.o(.text)
    USART3_IRQHandler                        0x0800044b   Thumb Code     0  startup_stm32h723xx.o(.text)
    USART6_IRQHandler                        0x0800044b   Thumb Code     0  startup_stm32h723xx.o(.text)
    WAKEUP_PIN_IRQHandler                    0x0800044b   Thumb Code     0  startup_stm32h723xx.o(.text)
    WWDG_IRQHandler                          0x0800044b   Thumb Code     0  startup_stm32h723xx.o(.text)
    __user_initial_stackheap                 0x0800044d   Thumb Code     0  startup_stm32h723xx.o(.text)
    __aeabi_memcpy4                          0x08000475   Thumb Code     0  rt_memcpy_w.o(.text)
    __aeabi_memcpy8                          0x08000475   Thumb Code     0  rt_memcpy_w.o(.text)
    __rt_memcpy_w                            0x08000475   Thumb Code   100  rt_memcpy_w.o(.text)
    _memcpy_lastbytes_aligned                0x080004bd   Thumb Code     0  rt_memcpy_w.o(.text)
    __aeabi_memclr4                          0x080004d9   Thumb Code     0  rt_memclr_w.o(.text)
    __aeabi_memclr8                          0x080004d9   Thumb Code     0  rt_memclr_w.o(.text)
    __rt_memclr_w                            0x080004d9   Thumb Code    78  rt_memclr_w.o(.text)
    _memset_w                                0x080004dd   Thumb Code     0  rt_memclr_w.o(.text)
    __use_two_region_memory                  0x08000527   Thumb Code     2  heapauxi.o(.text)
    __rt_heap_escrow$2region                 0x08000529   Thumb Code     2  heapauxi.o(.text)
    __rt_heap_expand$2region                 0x0800052b   Thumb Code     2  heapauxi.o(.text)
    __user_setup_stackheap                   0x0800052d   Thumb Code    74  sys_stackheap_outer.o(.text)
    exit                                     0x08000577   Thumb Code    18  exit.o(.text)
    __user_libspace                          0x08000589   Thumb Code     8  libspace.o(.text)
    __user_perproc_libspace                  0x08000589   Thumb Code     0  libspace.o(.text)
    __user_perthread_libspace                0x08000589   Thumb Code     0  libspace.o(.text)
    _sys_exit                                0x08000591   Thumb Code     8  sys_exit.o(.text)
    __I$use$semihosting                      0x0800059d   Thumb Code     0  use_no_semi.o(.text)
    __use_no_semihosting_swi                 0x0800059d   Thumb Code     2  use_no_semi.o(.text)
    BusFault_Handler                         0x0800059f   Thumb Code     2  stm32h7xx_it.o(i.BusFault_Handler)
    __semihosting_library_function           0x0800059f   Thumb Code     0  indicate_semi.o(.text)
    DebugMon_Handler                         0x080005a1   Thumb Code     2  stm32h7xx_it.o(i.DebugMon_Handler)
    Error_Handler                            0x080005a3   Thumb Code     4  main.o(i.Error_Handler)
    ExitRun0Mode                             0x080005a9   Thumb Code    22  system_stm32h7xx.o(i.ExitRun0Mode)
    HAL_Delay                                0x0800078d   Thumb Code    32  stm32h7xx_hal.o(i.HAL_Delay)
    HAL_FDCAN_Init                           0x080007b1   Thumb Code   572  stm32h7xx_hal_fdcan.o(i.HAL_FDCAN_Init)
    HAL_FDCAN_MspInit                        0x080009f5   Thumb Code   234  stm32h7xx_hal_msp.o(i.HAL_FDCAN_MspInit)
    HAL_GPIO_Init                            0x08000afd   Thumb Code   496  stm32h7xx_hal_gpio.o(i.HAL_GPIO_Init)
    HAL_GPIO_TogglePin                       0x08000d19   Thumb Code    16  stm32h7xx_hal_gpio.o(i.HAL_GPIO_TogglePin)
    HAL_GPIO_WritePin                        0x08000d29   Thumb Code    10  stm32h7xx_hal_gpio.o(i.HAL_GPIO_WritePin)
    HAL_GetTick                              0x08000d35   Thumb Code     6  stm32h7xx_hal.o(i.HAL_GetTick)
    HAL_IncTick                              0x08000d41   Thumb Code    12  stm32h7xx_hal.o(i.HAL_IncTick)
    HAL_Init                                 0x08000d51   Thumb Code    74  stm32h7xx_hal.o(i.HAL_Init)
    HAL_InitTick                             0x08000dad   Thumb Code   110  stm32h7xx_hal_timebase_tim.o(i.HAL_InitTick)
    HAL_MPU_ConfigRegion                     0x08000e31   Thumb Code    86  stm32h7xx_hal_cortex.o(i.HAL_MPU_ConfigRegion)
    HAL_MPU_Disable                          0x08000e8d   Thumb Code    24  stm32h7xx_hal_cortex.o(i.HAL_MPU_Disable)
    HAL_MPU_Enable                           0x08000ea9   Thumb Code    30  stm32h7xx_hal_cortex.o(i.HAL_MPU_Enable)
    HAL_MspInit                              0x08000ecd   Thumb Code    32  stm32h7xx_hal_msp.o(i.HAL_MspInit)
    HAL_NVIC_EnableIRQ                       0x08000ef1   Thumb Code    26  stm32h7xx_hal_cortex.o(i.HAL_NVIC_EnableIRQ)
    HAL_NVIC_SetPriority                     0x08000f0d   Thumb Code    60  stm32h7xx_hal_cortex.o(i.HAL_NVIC_SetPriority)
    HAL_NVIC_SetPriorityGrouping             0x08000f4d   Thumb Code    28  stm32h7xx_hal_cortex.o(i.HAL_NVIC_SetPriorityGrouping)
    HAL_PCDEx_ActivateLPM                    0x08000f71   Thumb Code    34  stm32h7xx_hal_pcd_ex.o(i.HAL_PCDEx_ActivateLPM)
    HAL_PCD_Init                             0x08000f99   Thumb Code   204  stm32h7xx_hal_pcd.o(i.HAL_PCD_Init)
    HAL_PCD_MspInit                          0x08001065   Thumb Code    98  stm32h7xx_hal_msp.o(i.HAL_PCD_MspInit)
    HAL_PWREx_ConfigSupply                   0x080010d1   Thumb Code    78  stm32h7xx_hal_pwr_ex.o(i.HAL_PWREx_ConfigSupply)
    HAL_PWREx_EnableUSBVoltageDetector       0x08001125   Thumb Code    12  stm32h7xx_hal_pwr_ex.o(i.HAL_PWREx_EnableUSBVoltageDetector)
    HAL_RCCEx_GetD3PCLK1Freq                 0x08001135   Thumb Code    26  stm32h7xx_hal_rcc_ex.o(i.HAL_RCCEx_GetD3PCLK1Freq)
    HAL_RCCEx_GetPLL1ClockFreq               0x08001159   Thumb Code   298  stm32h7xx_hal_rcc_ex.o(i.HAL_RCCEx_GetPLL1ClockFreq)
    HAL_RCCEx_GetPLL2ClockFreq               0x080012a1   Thumb Code   296  stm32h7xx_hal_rcc_ex.o(i.HAL_RCCEx_GetPLL2ClockFreq)
    HAL_RCCEx_GetPLL3ClockFreq               0x080013e5   Thumb Code   296  stm32h7xx_hal_rcc_ex.o(i.HAL_RCCEx_GetPLL3ClockFreq)
    HAL_RCCEx_GetPeriphCLKFreq               0x08001529   Thumb Code   648  stm32h7xx_hal_rcc_ex.o(i.HAL_RCCEx_GetPeriphCLKFreq)
    HAL_RCCEx_PeriphCLKConfig                0x080017c5   Thumb Code  2362  stm32h7xx_hal_rcc_ex.o(i.HAL_RCCEx_PeriphCLKConfig)
    HAL_RCC_ClockConfig                      0x08002101   Thumb Code   580  stm32h7xx_hal_rcc.o(i.HAL_RCC_ClockConfig)
    HAL_RCC_GetClockConfig                   0x0800235d   Thumb Code    84  stm32h7xx_hal_rcc.o(i.HAL_RCC_GetClockConfig)
    HAL_RCC_GetHCLKFreq                      0x080023b9   Thumb Code    52  stm32h7xx_hal_rcc.o(i.HAL_RCC_GetHCLKFreq)
    HAL_RCC_GetPCLK1Freq                     0x080023fd   Thumb Code    26  stm32h7xx_hal_rcc.o(i.HAL_RCC_GetPCLK1Freq)
    HAL_RCC_GetPCLK2Freq                     0x08002421   Thumb Code    26  stm32h7xx_hal_rcc.o(i.HAL_RCC_GetPCLK2Freq)
    HAL_RCC_GetSysClockFreq                  0x08002445   Thumb Code   278  stm32h7xx_hal_rcc.o(i.HAL_RCC_GetSysClockFreq)
    HAL_RCC_OscConfig                        0x0800257d   Thumb Code  1318  stm32h7xx_hal_rcc.o(i.HAL_RCC_OscConfig)
    HAL_SD_ConfigWideBusOperation            0x08002aa5   Thumb Code   378  stm32h7xx_hal_sd.o(i.HAL_SD_ConfigWideBusOperation)
    HAL_SD_GetCardCSD                        0x08002c2d   Thumb Code   440  stm32h7xx_hal_sd.o(i.HAL_SD_GetCardCSD)
    HAL_SD_GetCardState                      0x08002de9   Thumb Code    44  stm32h7xx_hal_sd.o(i.HAL_SD_GetCardState)
    HAL_SD_GetCardStatus                     0x08002e15   Thumb Code   198  stm32h7xx_hal_sd.o(i.HAL_SD_GetCardStatus)
    HAL_SD_Init                              0x08002ee1   Thumb Code   154  stm32h7xx_hal_sd.o(i.HAL_SD_Init)
    HAL_SD_InitCard                          0x08002f7d   Thumb Code   158  stm32h7xx_hal_sd.o(i.HAL_SD_InitCard)
    HAL_SD_MspInit                           0x08003029   Thumb Code   162  stm32h7xx_hal_msp.o(i.HAL_SD_MspInit)
    HAL_SPI_Init                             0x080030dd   Thumb Code   366  stm32h7xx_hal_spi.o(i.HAL_SPI_Init)
    HAL_SPI_MspInit                          0x08003259   Thumb Code   244  stm32h7xx_hal_msp.o(i.HAL_SPI_MspInit)
    HAL_TIMEx_Break2Callback                 0x08003365   Thumb Code     2  stm32h7xx_hal_tim_ex.o(i.HAL_TIMEx_Break2Callback)
    HAL_TIMEx_BreakCallback                  0x08003367   Thumb Code     2  stm32h7xx_hal_tim_ex.o(i.HAL_TIMEx_BreakCallback)
    HAL_TIMEx_CommutCallback                 0x08003369   Thumb Code     2  stm32h7xx_hal_tim_ex.o(i.HAL_TIMEx_CommutCallback)
    HAL_TIM_Base_Init                        0x0800336b   Thumb Code    98  stm32h7xx_hal_tim.o(i.HAL_TIM_Base_Init)
    HAL_TIM_Base_MspInit                     0x080033cd   Thumb Code     2  stm32h7xx_hal_tim.o(i.HAL_TIM_Base_MspInit)
    HAL_TIM_Base_Start_IT                    0x080033d1   Thumb Code   118  stm32h7xx_hal_tim.o(i.HAL_TIM_Base_Start_IT)
    HAL_TIM_IC_CaptureCallback               0x08003471   Thumb Code     2  stm32h7xx_hal_tim.o(i.HAL_TIM_IC_CaptureCallback)
    HAL_TIM_IRQHandler                       0x08003473   Thumb Code   328  stm32h7xx_hal_tim.o(i.HAL_TIM_IRQHandler)
    HAL_TIM_OC_DelayElapsedCallback          0x080035bb   Thumb Code     2  stm32h7xx_hal_tim.o(i.HAL_TIM_OC_DelayElapsedCallback)
    HAL_TIM_PWM_PulseFinishedCallback        0x080035bd   Thumb Code     2  stm32h7xx_hal_tim.o(i.HAL_TIM_PWM_PulseFinishedCallback)
    HAL_TIM_PeriodElapsedCallback            0x080035c1   Thumb Code    14  main.o(i.HAL_TIM_PeriodElapsedCallback)
    HAL_TIM_TriggerCallback                  0x080035d5   Thumb Code     2  stm32h7xx_hal_tim.o(i.HAL_TIM_TriggerCallback)
    HardFault_Handler                        0x080035d7   Thumb Code     2  stm32h7xx_it.o(i.HardFault_Handler)
    MemManage_Handler                        0x08003879   Thumb Code     2  stm32h7xx_it.o(i.MemManage_Handler)
    NMI_Handler                              0x0800387b   Thumb Code     2  stm32h7xx_it.o(i.NMI_Handler)
    PeriphCommonClock_Config                 0x0800387d   Thumb Code    66  main.o(i.PeriphCommonClock_Config)
    SDMMC_CmdAppCommand                      0x08003b01   Thumb Code    52  stm32h7xx_ll_sdmmc.o(i.SDMMC_CmdAppCommand)
    SDMMC_CmdAppOperCommand                  0x08003b35   Thumb Code    46  stm32h7xx_ll_sdmmc.o(i.SDMMC_CmdAppOperCommand)
    SDMMC_CmdBlockLength                     0x08003b63   Thumb Code    50  stm32h7xx_ll_sdmmc.o(i.SDMMC_CmdBlockLength)
    SDMMC_CmdBusWidth                        0x08003b95   Thumb Code    52  stm32h7xx_ll_sdmmc.o(i.SDMMC_CmdBusWidth)
    SDMMC_CmdGoIdleState                     0x08003bc9   Thumb Code    74  stm32h7xx_ll_sdmmc.o(i.SDMMC_CmdGoIdleState)
    SDMMC_CmdOperCond                        0x08003c1d   Thumb Code    40  stm32h7xx_ll_sdmmc.o(i.SDMMC_CmdOperCond)
    SDMMC_CmdSelDesel                        0x08003c45   Thumb Code    52  stm32h7xx_ll_sdmmc.o(i.SDMMC_CmdSelDesel)
    SDMMC_CmdSendCID                         0x08003c79   Thumb Code    44  stm32h7xx_ll_sdmmc.o(i.SDMMC_CmdSendCID)
    SDMMC_CmdSendCSD                         0x08003ca5   Thumb Code    48  stm32h7xx_ll_sdmmc.o(i.SDMMC_CmdSendCSD)
    SDMMC_CmdSendSCR                         0x08003cd5   Thumb Code    50  stm32h7xx_ll_sdmmc.o(i.SDMMC_CmdSendSCR)
    SDMMC_CmdSendStatus                      0x08003d07   Thumb Code    52  stm32h7xx_ll_sdmmc.o(i.SDMMC_CmdSendStatus)
    SDMMC_CmdSetRelAdd                       0x08003d3b   Thumb Code    50  stm32h7xx_ll_sdmmc.o(i.SDMMC_CmdSetRelAdd)
    SDMMC_CmdStatusRegister                  0x08003d6d   Thumb Code    50  stm32h7xx_ll_sdmmc.o(i.SDMMC_CmdStatusRegister)
    SDMMC_ConfigData                         0x08003d9f   Thumb Code    38  stm32h7xx_ll_sdmmc.o(i.SDMMC_ConfigData)
    SDMMC_GetCmdResp1                        0x08003dc5   Thumb Code   280  stm32h7xx_ll_sdmmc.o(i.SDMMC_GetCmdResp1)
    SDMMC_GetCmdResp2                        0x08003ee9   Thumb Code    76  stm32h7xx_ll_sdmmc.o(i.SDMMC_GetCmdResp2)
    SDMMC_GetCmdResp3                        0x08003f3d   Thumb Code    62  stm32h7xx_ll_sdmmc.o(i.SDMMC_GetCmdResp3)
    SDMMC_GetCmdResp6                        0x08003f85   Thumb Code   130  stm32h7xx_ll_sdmmc.o(i.SDMMC_GetCmdResp6)
    SDMMC_GetCmdResp7                        0x08004011   Thumb Code    82  stm32h7xx_ll_sdmmc.o(i.SDMMC_GetCmdResp7)
    SDMMC_GetPowerState                      0x08004069   Thumb Code     8  stm32h7xx_ll_sdmmc.o(i.SDMMC_GetPowerState)
    SDMMC_GetResponse                        0x08004071   Thumb Code     6  stm32h7xx_ll_sdmmc.o(i.SDMMC_GetResponse)
    SDMMC_Init                               0x08004079   Thumb Code    28  stm32h7xx_ll_sdmmc.o(i.SDMMC_Init)
    SDMMC_PowerState_ON                      0x08004099   Thumb Code    12  stm32h7xx_ll_sdmmc.o(i.SDMMC_PowerState_ON)
    SDMMC_ReadFIFO                           0x080040a5   Thumb Code     6  stm32h7xx_ll_sdmmc.o(i.SDMMC_ReadFIFO)
    SDMMC_SendCommand                        0x080040ad   Thumb Code    34  stm32h7xx_ll_sdmmc.o(i.SDMMC_SendCommand)
    StartDefaultTask                         0x08004449   Thumb Code     8  main.o(i.StartDefaultTask)
    SysTick_Handler                          0x08004451   Thumb Code    38  port.o(i.SysTick_Handler)
    SystemClock_Config                       0x0800447d   Thumb Code   146  main.o(i.SystemClock_Config)
    SystemInit                               0x08004515   Thumb Code   184  system_stm32h7xx.o(i.SystemInit)
    TIM23_IRQHandler                         0x080045ed   Thumb Code     6  stm32h7xx_it.o(i.TIM23_IRQHandler)
    TIM_Base_SetConfig                       0x080045f9   Thumb Code   182  stm32h7xx_hal_tim.o(i.TIM_Base_SetConfig)
    USB_CoreInit                             0x080046d9   Thumb Code   142  stm32h7xx_ll_usb.o(i.USB_CoreInit)
    USB_DevDisconnect                        0x080047ad   Thumb Code    28  stm32h7xx_ll_usb.o(i.USB_DevDisconnect)
    USB_DevInit                              0x080047c9   Thumb Code   354  stm32h7xx_ll_usb.o(i.USB_DevInit)
    USB_DisableGlobalInt                     0x08004935   Thumb Code    12  stm32h7xx_ll_usb.o(i.USB_DisableGlobalInt)
    USB_FlushRxFifo                          0x08004941   Thumb Code    56  stm32h7xx_ll_usb.o(i.USB_FlushRxFifo)
    USB_FlushTxFifo                          0x08004979   Thumb Code    60  stm32h7xx_ll_usb.o(i.USB_FlushTxFifo)
    USB_SetCurrentMode                       0x080049b5   Thumb Code    94  stm32h7xx_ll_usb.o(i.USB_SetCurrentMode)
    UsageFault_Handler                       0x08004a13   Thumb Code     2  stm32h7xx_it.o(i.UsageFault_Handler)
    main                                     0x08004a39   Thumb Code   196  main.o(i.main)
    osDelay                                  0x08004b1b   Thumb Code    14  cmsis_os.o(i.osDelay)
    osKernelStart                            0x08004b29   Thumb Code    10  cmsis_os.o(i.osKernelStart)
    osThreadCreate                           0x08004b33   Thumb Code    84  cmsis_os.o(i.osThreadCreate)
    pvPortMalloc                             0x08004edd   Thumb Code   216  heap_4.o(i.pvPortMalloc)
    pxPortInitialiseStack                    0x08004fb9   Thumb Code    42  port.o(i.pxPortInitialiseStack)
    taskHeartBeat                            0x08004fe9   Thumb Code    22  main.o(i.taskHeartBeat)
    uxListRemove                             0x08005005   Thumb Code    38  list.o(i.uxListRemove)
    vApplicationGetIdleTaskMemory            0x0800502d   Thumb Code    18  freertos.o(i.vApplicationGetIdleTaskMemory)
    vListInitialise                          0x08005045   Thumb Code    22  list.o(i.vListInitialise)
    vListInitialiseItem                      0x0800505b   Thumb Code     6  list.o(i.vListInitialiseItem)
    vListInsert                              0x08005061   Thumb Code    48  list.o(i.vListInsert)
    vListInsertEnd                           0x08005091   Thumb Code    24  list.o(i.vListInsertEnd)
    vPortEnterCritical                       0x080050a9   Thumb Code    54  port.o(i.vPortEnterCritical)
    vPortExitCritical                        0x080050e9   Thumb Code    34  port.o(i.vPortExitCritical)
    vPortFree                                0x08005111   Thumb Code    94  heap_4.o(i.vPortFree)
    vPortSetupTimerInterrupt                 0x08005175   Thumb Code    32  port.o(i.vPortSetupTimerInterrupt)
    vTaskDelay                               0x08005199   Thumb Code    66  tasks.o(i.vTaskDelay)
    vTaskStartScheduler                      0x080051e5   Thumb Code    90  tasks.o(i.vTaskStartScheduler)
    vTaskSuspendAll                          0x08005251   Thumb Code    10  tasks.o(i.vTaskSuspendAll)
    vTaskSwitchContext                       0x08005261   Thumb Code    82  tasks.o(i.vTaskSwitchContext)
    xPortStartScheduler                      0x080052bd   Thumb Code   222  port.o(i.xPortStartScheduler)
    xTaskCreate                              0x080053b1   Thumb Code    90  tasks.o(i.xTaskCreate)
    xTaskCreateStatic                        0x0800540b   Thumb Code    86  tasks.o(i.xTaskCreateStatic)
    xTaskIncrementTick                       0x08005461   Thumb Code   194  tasks.o(i.xTaskIncrementTick)
    xTaskResumeAll                           0x0800552d   Thumb Code   184  tasks.o(i.xTaskResumeAll)
    _fp_init                                 0x080055f1   Thumb Code    10  fpinit.o(x$fpl$fpinit)
    __fplib_config_fpu_vfp                   0x080055f9   Thumb Code     0  fpinit.o(x$fpl$fpinit)
    __fplib_config_pureend_doubles           0x080055f9   Thumb Code     0  fpinit.o(x$fpl$fpinit)
    D1CorePrescTable                         0x08005690   Data          16  system_stm32h7xx.o(.constdata)
    Region$$Table$$Base                      0x080056b8   Number         0  anon$$obj.o(Region$$Table)
    Region$$Table$$Limit                     0x080056e8   Number         0  anon$$obj.o(Region$$Table)
    defaultTaskHandle                        0x24000000   Data           4  main.o(.data)
    HeartBeatHandle                          0x24000004   Data           4  main.o(.data)
    uwTickFreq                               0x2400000c   Data           1  stm32h7xx_hal.o(.data)
    uwTickPrio                               0x24000010   Data           4  stm32h7xx_hal.o(.data)
    uwTick                                   0x24000014   Data           4  stm32h7xx_hal.o(.data)
    SystemCoreClock                          0x24000018   Data           4  system_stm32h7xx.o(.data)
    SystemD2Clock                            0x2400001c   Data           4  system_stm32h7xx.o(.data)
    pxCurrentTCB                             0x24000020   Data           4  tasks.o(.data)
    hfdcan1                                  0x24000088   Data         160  main.o(.bss)
    hfdcan2                                  0x24000128   Data         160  main.o(.bss)
    hfdcan3                                  0x240001c8   Data         160  main.o(.bss)
    hsd1                                     0x24000268   Data         124  main.o(.bss)
    hspi1                                    0x240002e4   Data         136  main.o(.bss)
    hspi4                                    0x2400036c   Data         136  main.o(.bss)
    hpcd_USB_OTG_HS                          0x240003f4   Data        1252  main.o(.bss)
    htim23                                   0x24000b2c   Data          76  stm32h7xx_hal_timebase_tim.o(.bss)
    __libspace_start                         0x24000c68   Data          96  libspace.o(.bss)
    __temporary_stack_top$libspace           0x24000cc8   Data           0  libspace.o(.bss)



==============================================================================

Memory Map of the image

  Image Entry point : 0x080002cd

  Load Region LR_IROM1 (Base: 0x08000000, Size: 0x00005770, Max: 0x00100000, ABSOLUTE)

    Execution Region ER_IROM1 (Exec base: 0x08000000, Load base: 0x08000000, Size: 0x000056e8, Max: 0x00100000, ABSOLUTE)

    Exec Addr    Load Addr    Size         Type   Attr      Idx    E Section Name        Object

    0x08000000   0x08000000   0x000002cc   Data   RO            3    RESET               startup_stm32h723xx.o
    0x080002cc   0x080002cc   0x00000008   Code   RO         7532  * !!!main             c_w.l(__main.o)
    0x080002d4   0x080002d4   0x00000034   Code   RO         7693    !!!scatter          c_w.l(__scatter.o)
    0x08000308   0x08000308   0x0000001a   Code   RO         7695    !!handler_copy      c_w.l(__scatter_copy.o)
    0x08000322   0x08000322   0x00000002   PAD
    0x08000324   0x08000324   0x0000001c   Code   RO         7697    !!handler_zi        c_w.l(__scatter_zi.o)
    0x08000340   0x08000340   0x00000002   Code   RO         7561    .ARM.Collect$$libinit$$00000000  c_w.l(libinit.o)
    0x08000342   0x08000342   0x00000004   Code   RO         7567    .ARM.Collect$$libinit$$00000001  c_w.l(libinit2.o)
    0x08000346   0x08000346   0x00000000   Code   RO         7570    .ARM.Collect$$libinit$$00000004  c_w.l(libinit2.o)
    0x08000346   0x08000346   0x00000000   Code   RO         7573    .ARM.Collect$$libinit$$0000000A  c_w.l(libinit2.o)
    0x08000346   0x08000346   0x00000000   Code   RO         7575    .ARM.Collect$$libinit$$0000000C  c_w.l(libinit2.o)
    0x08000346   0x08000346   0x00000000   Code   RO         7577    .ARM.Collect$$libinit$$0000000E  c_w.l(libinit2.o)
    0x08000346   0x08000346   0x00000000   Code   RO         7580    .ARM.Collect$$libinit$$00000011  c_w.l(libinit2.o)
    0x08000346   0x08000346   0x00000000   Code   RO         7582    .ARM.Collect$$libinit$$00000013  c_w.l(libinit2.o)
    0x08000346   0x08000346   0x00000000   Code   RO         7584    .ARM.Collect$$libinit$$00000015  c_w.l(libinit2.o)
    0x08000346   0x08000346   0x00000000   Code   RO         7586    .ARM.Collect$$libinit$$00000017  c_w.l(libinit2.o)
    0x08000346   0x08000346   0x00000000   Code   RO         7588    .ARM.Collect$$libinit$$00000019  c_w.l(libinit2.o)
    0x08000346   0x08000346   0x00000000   Code   RO         7590    .ARM.Collect$$libinit$$0000001B  c_w.l(libinit2.o)
    0x08000346   0x08000346   0x00000000   Code   RO         7592    .ARM.Collect$$libinit$$0000001D  c_w.l(libinit2.o)
    0x08000346   0x08000346   0x00000000   Code   RO         7594    .ARM.Collect$$libinit$$0000001F  c_w.l(libinit2.o)
    0x08000346   0x08000346   0x00000000   Code   RO         7596    .ARM.Collect$$libinit$$00000021  c_w.l(libinit2.o)
    0x08000346   0x08000346   0x00000000   Code   RO         7598    .ARM.Collect$$libinit$$00000023  c_w.l(libinit2.o)
    0x08000346   0x08000346   0x00000000   Code   RO         7600    .ARM.Collect$$libinit$$00000025  c_w.l(libinit2.o)
    0x08000346   0x08000346   0x00000000   Code   RO         7604    .ARM.Collect$$libinit$$0000002C  c_w.l(libinit2.o)
    0x08000346   0x08000346   0x00000000   Code   RO         7606    .ARM.Collect$$libinit$$0000002E  c_w.l(libinit2.o)
    0x08000346   0x08000346   0x00000000   Code   RO         7608    .ARM.Collect$$libinit$$00000030  c_w.l(libinit2.o)
    0x08000346   0x08000346   0x00000000   Code   RO         7610    .ARM.Collect$$libinit$$00000032  c_w.l(libinit2.o)
    0x08000346   0x08000346   0x00000002   Code   RO         7611    .ARM.Collect$$libinit$$00000033  c_w.l(libinit2.o)
    0x08000348   0x08000348   0x00000002   Code   RO         7631    .ARM.Collect$$libshutdown$$00000000  c_w.l(libshutdown.o)
    0x0800034a   0x0800034a   0x00000000   Code   RO         7644    .ARM.Collect$$libshutdown$$00000002  c_w.l(libshutdown2.o)
    0x0800034a   0x0800034a   0x00000000   Code   RO         7646    .ARM.Collect$$libshutdown$$00000004  c_w.l(libshutdown2.o)
    0x0800034a   0x0800034a   0x00000000   Code   RO         7648    .ARM.Collect$$libshutdown$$00000006  c_w.l(libshutdown2.o)
    0x0800034a   0x0800034a   0x00000000   Code   RO         7651    .ARM.Collect$$libshutdown$$00000009  c_w.l(libshutdown2.o)
    0x0800034a   0x0800034a   0x00000000   Code   RO         7654    .ARM.Collect$$libshutdown$$0000000C  c_w.l(libshutdown2.o)
    0x0800034a   0x0800034a   0x00000000   Code   RO         7656    .ARM.Collect$$libshutdown$$0000000E  c_w.l(libshutdown2.o)
    0x0800034a   0x0800034a   0x00000000   Code   RO         7659    .ARM.Collect$$libshutdown$$00000011  c_w.l(libshutdown2.o)
    0x0800034a   0x0800034a   0x00000002   Code   RO         7660    .ARM.Collect$$libshutdown$$00000012  c_w.l(libshutdown2.o)
    0x0800034c   0x0800034c   0x00000000   Code   RO         7534    .ARM.Collect$$rtentry$$00000000  c_w.l(__rtentry.o)
    0x0800034c   0x0800034c   0x00000000   Code   RO         7538    .ARM.Collect$$rtentry$$00000002  c_w.l(__rtentry2.o)
    0x0800034c   0x0800034c   0x00000006   Code   RO         7550    .ARM.Collect$$rtentry$$00000004  c_w.l(__rtentry4.o)
    0x08000352   0x08000352   0x00000000   Code   RO         7540    .ARM.Collect$$rtentry$$00000009  c_w.l(__rtentry2.o)
    0x08000352   0x08000352   0x00000004   Code   RO         7541    .ARM.Collect$$rtentry$$0000000A  c_w.l(__rtentry2.o)
    0x08000356   0x08000356   0x00000000   Code   RO         7543    .ARM.Collect$$rtentry$$0000000C  c_w.l(__rtentry2.o)
    0x08000356   0x08000356   0x00000008   Code   RO         7544    .ARM.Collect$$rtentry$$0000000D  c_w.l(__rtentry2.o)
    0x0800035e   0x0800035e   0x00000002   Code   RO         7565    .ARM.Collect$$rtexit$$00000000  c_w.l(rtexit.o)
    0x08000360   0x08000360   0x00000000   Code   RO         7613    .ARM.Collect$$rtexit$$00000002  c_w.l(rtexit2.o)
    0x08000360   0x08000360   0x00000004   Code   RO         7614    .ARM.Collect$$rtexit$$00000003  c_w.l(rtexit2.o)
    0x08000364   0x08000364   0x00000006   Code   RO         7615    .ARM.Collect$$rtexit$$00000004  c_w.l(rtexit2.o)
    0x0800036a   0x0800036a   0x00000002   PAD
    0x0800036c   0x0800036c   0x000000be   Code   RO         7443    .emb_text           port.o
    0x0800042a   0x0800042a   0x00000002   PAD
    0x0800042c   0x0800042c   0x00000048   Code   RO            4    .text               startup_stm32h723xx.o
    0x08000474   0x08000474   0x00000064   Code   RO         7524    .text               c_w.l(rt_memcpy_w.o)
    0x080004d8   0x080004d8   0x0000004e   Code   RO         7528    .text               c_w.l(rt_memclr_w.o)
    0x08000526   0x08000526   0x00000006   Code   RO         7530    .text               c_w.l(heapauxi.o)
    0x0800052c   0x0800052c   0x0000004a   Code   RO         7552    .text               c_w.l(sys_stackheap_outer.o)
    0x08000576   0x08000576   0x00000012   Code   RO         7554    .text               c_w.l(exit.o)
    0x08000588   0x08000588   0x00000008   Code   RO         7562    .text               c_w.l(libspace.o)
    0x08000590   0x08000590   0x0000000c   Code   RO         7623    .text               c_w.l(sys_exit.o)
    0x0800059c   0x0800059c   0x00000002   Code   RO         7634    .text               c_w.l(use_no_semi.o)
    0x0800059e   0x0800059e   0x00000000   Code   RO         7636    .text               c_w.l(indicate_semi.o)
    0x0800059e   0x0800059e   0x00000002   Code   RO          328    i.BusFault_Handler  stm32h7xx_it.o
    0x080005a0   0x080005a0   0x00000002   Code   RO          329    i.DebugMon_Handler  stm32h7xx_it.o
    0x080005a2   0x080005a2   0x00000004   Code   RO           13    i.Error_Handler     main.o
    0x080005a6   0x080005a6   0x00000002   PAD
    0x080005a8   0x080005a8   0x0000001c   Code   RO         6183    i.ExitRun0Mode      system_stm32h7xx.o
    0x080005c4   0x080005c4   0x000001c8   Code   RO         1677    i.FDCAN_CalcultateRamBlockAddresses  stm32h7xx_hal_fdcan.o
    0x0800078c   0x0800078c   0x00000024   Code   RO         3617    i.HAL_Delay         stm32h7xx_hal.o
    0x080007b0   0x080007b0   0x00000244   Code   RO         1729    i.HAL_FDCAN_Init    stm32h7xx_hal_fdcan.o
    0x080009f4   0x080009f4   0x00000108   Code   RO          393    i.HAL_FDCAN_MspInit  stm32h7xx_hal_msp.o
    0x08000afc   0x08000afc   0x0000021c   Code   RO         2768    i.HAL_GPIO_Init     stm32h7xx_hal_gpio.o
    0x08000d18   0x08000d18   0x00000010   Code   RO         2771    i.HAL_GPIO_TogglePin  stm32h7xx_hal_gpio.o
    0x08000d28   0x08000d28   0x0000000a   Code   RO         2772    i.HAL_GPIO_WritePin  stm32h7xx_hal_gpio.o
    0x08000d32   0x08000d32   0x00000002   PAD
    0x08000d34   0x08000d34   0x0000000c   Code   RO         3633    i.HAL_GetTick       stm32h7xx_hal.o
    0x08000d40   0x08000d40   0x00000010   Code   RO         3639    i.HAL_IncTick       stm32h7xx_hal.o
    0x08000d50   0x08000d50   0x0000005c   Code   RO         3640    i.HAL_Init          stm32h7xx_hal.o
    0x08000dac   0x08000dac   0x00000084   Code   RO          466    i.HAL_InitTick      stm32h7xx_hal_timebase_tim.o
    0x08000e30   0x08000e30   0x0000005c   Code   RO         1525    i.HAL_MPU_ConfigRegion  stm32h7xx_hal_cortex.o
    0x08000e8c   0x08000e8c   0x0000001c   Code   RO         1526    i.HAL_MPU_Disable   stm32h7xx_hal_cortex.o
    0x08000ea8   0x08000ea8   0x00000024   Code   RO         1528    i.HAL_MPU_Enable    stm32h7xx_hal_cortex.o
    0x08000ecc   0x08000ecc   0x00000024   Code   RO          394    i.HAL_MspInit       stm32h7xx_hal_msp.o
    0x08000ef0   0x08000ef0   0x0000001a   Code   RO         1532    i.HAL_NVIC_EnableIRQ  stm32h7xx_hal_cortex.o
    0x08000f0a   0x08000f0a   0x00000002   PAD
    0x08000f0c   0x08000f0c   0x00000040   Code   RO         1538    i.HAL_NVIC_SetPriority  stm32h7xx_hal_cortex.o
    0x08000f4c   0x08000f4c   0x00000024   Code   RO         1539    i.HAL_NVIC_SetPriorityGrouping  stm32h7xx_hal_cortex.o
    0x08000f70   0x08000f70   0x00000028   Code   RO         5807    i.HAL_PCDEx_ActivateLPM  stm32h7xx_hal_pcd_ex.o
    0x08000f98   0x08000f98   0x000000cc   Code   RO         5596    i.HAL_PCD_Init      stm32h7xx_hal_pcd.o
    0x08001064   0x08001064   0x0000006c   Code   RO          396    i.HAL_PCD_MspInit   stm32h7xx_hal_msp.o
    0x080010d0   0x080010d0   0x00000054   Code   RO         3369    i.HAL_PWREx_ConfigSupply  stm32h7xx_hal_pwr_ex.o
    0x08001124   0x08001124   0x00000010   Code   RO         3386    i.HAL_PWREx_EnableUSBVoltageDetector  stm32h7xx_hal_pwr_ex.o
    0x08001134   0x08001134   0x00000024   Code   RO         2411    i.HAL_RCCEx_GetD3PCLK1Freq  stm32h7xx_hal_rcc_ex.o
    0x08001158   0x08001158   0x00000148   Code   RO         2412    i.HAL_RCCEx_GetPLL1ClockFreq  stm32h7xx_hal_rcc_ex.o
    0x080012a0   0x080012a0   0x00000144   Code   RO         2413    i.HAL_RCCEx_GetPLL2ClockFreq  stm32h7xx_hal_rcc_ex.o
    0x080013e4   0x080013e4   0x00000144   Code   RO         2414    i.HAL_RCCEx_GetPLL3ClockFreq  stm32h7xx_hal_rcc_ex.o
    0x08001528   0x08001528   0x0000029c   Code   RO         2416    i.HAL_RCCEx_GetPeriphCLKFreq  stm32h7xx_hal_rcc_ex.o
    0x080017c4   0x080017c4   0x0000093a   Code   RO         2420    i.HAL_RCCEx_PeriphCLKConfig  stm32h7xx_hal_rcc_ex.o
    0x080020fe   0x080020fe   0x00000002   PAD
    0x08002100   0x08002100   0x0000025c   Code   RO         2296    i.HAL_RCC_ClockConfig  stm32h7xx_hal_rcc.o
    0x0800235c   0x0800235c   0x0000005c   Code   RO         2300    i.HAL_RCC_GetClockConfig  stm32h7xx_hal_rcc.o
    0x080023b8   0x080023b8   0x00000044   Code   RO         2301    i.HAL_RCC_GetHCLKFreq  stm32h7xx_hal_rcc.o
    0x080023fc   0x080023fc   0x00000024   Code   RO         2303    i.HAL_RCC_GetPCLK1Freq  stm32h7xx_hal_rcc.o
    0x08002420   0x08002420   0x00000024   Code   RO         2304    i.HAL_RCC_GetPCLK2Freq  stm32h7xx_hal_rcc.o
    0x08002444   0x08002444   0x00000138   Code   RO         2305    i.HAL_RCC_GetSysClockFreq  stm32h7xx_hal_rcc.o
    0x0800257c   0x0800257c   0x00000526   Code   RO         2308    i.HAL_RCC_OscConfig  stm32h7xx_hal_rcc.o
    0x08002aa2   0x08002aa2   0x00000002   PAD
    0x08002aa4   0x08002aa4   0x00000188   Code   RO         4940    i.HAL_SD_ConfigWideBusOperation  stm32h7xx_hal_sd.o
    0x08002c2c   0x08002c2c   0x000001bc   Code   RO         4945    i.HAL_SD_GetCardCSD  stm32h7xx_hal_sd.o
    0x08002de8   0x08002de8   0x0000002c   Code   RO         4947    i.HAL_SD_GetCardState  stm32h7xx_hal_sd.o
    0x08002e14   0x08002e14   0x000000cc   Code   RO         4948    i.HAL_SD_GetCardStatus  stm32h7xx_hal_sd.o
    0x08002ee0   0x08002ee0   0x0000009a   Code   RO         4952    i.HAL_SD_Init       stm32h7xx_hal_sd.o
    0x08002f7a   0x08002f7a   0x00000002   PAD
    0x08002f7c   0x08002f7c   0x000000ac   Code   RO         4953    i.HAL_SD_InitCard   stm32h7xx_hal_sd.o
    0x08003028   0x08003028   0x000000b4   Code   RO          398    i.HAL_SD_MspInit    stm32h7xx_hal_msp.o
    0x080030dc   0x080030dc   0x0000017c   Code   RO         5256    i.HAL_SPI_Init      stm32h7xx_hal_spi.o
    0x08003258   0x08003258   0x0000010c   Code   RO          400    i.HAL_SPI_MspInit   stm32h7xx_hal_msp.o
    0x08003364   0x08003364   0x00000002   Code   RO         1221    i.HAL_TIMEx_Break2Callback  stm32h7xx_hal_tim_ex.o
    0x08003366   0x08003366   0x00000002   Code   RO         1222    i.HAL_TIMEx_BreakCallback  stm32h7xx_hal_tim_ex.o
    0x08003368   0x08003368   0x00000002   Code   RO         1223    i.HAL_TIMEx_CommutCallback  stm32h7xx_hal_tim_ex.o
    0x0800336a   0x0800336a   0x00000062   Code   RO          507    i.HAL_TIM_Base_Init  stm32h7xx_hal_tim.o
    0x080033cc   0x080033cc   0x00000002   Code   RO          509    i.HAL_TIM_Base_MspInit  stm32h7xx_hal_tim.o
    0x080033ce   0x080033ce   0x00000002   PAD
    0x080033d0   0x080033d0   0x000000a0   Code   RO          512    i.HAL_TIM_Base_Start_IT  stm32h7xx_hal_tim.o
    0x08003470   0x08003470   0x00000002   Code   RO          541    i.HAL_TIM_IC_CaptureCallback  stm32h7xx_hal_tim.o
    0x08003472   0x08003472   0x00000148   Code   RO          555    i.HAL_TIM_IRQHandler  stm32h7xx_hal_tim.o
    0x080035ba   0x080035ba   0x00000002   Code   RO          558    i.HAL_TIM_OC_DelayElapsedCallback  stm32h7xx_hal_tim.o
    0x080035bc   0x080035bc   0x00000002   Code   RO          585    i.HAL_TIM_PWM_PulseFinishedCallback  stm32h7xx_hal_tim.o
    0x080035be   0x080035be   0x00000002   PAD
    0x080035c0   0x080035c0   0x00000014   Code   RO           14    i.HAL_TIM_PeriodElapsedCallback  main.o
    0x080035d4   0x080035d4   0x00000002   Code   RO          598    i.HAL_TIM_TriggerCallback  stm32h7xx_hal_tim.o
    0x080035d6   0x080035d6   0x00000002   Code   RO          330    i.HardFault_Handler  stm32h7xx_it.o
    0x080035d8   0x080035d8   0x0000005c   Code   RO           15    i.MX_FDCAN1_Init    main.o
    0x08003634   0x08003634   0x0000005c   Code   RO           16    i.MX_FDCAN2_Init    main.o
    0x08003690   0x08003690   0x0000005c   Code   RO           17    i.MX_FDCAN3_Init    main.o
    0x080036ec   0x080036ec   0x000000ac   Code   RO           18    i.MX_GPIO_Init      main.o
    0x08003798   0x08003798   0x00000054   Code   RO           19    i.MX_SPI1_Init      main.o
    0x080037ec   0x080037ec   0x00000054   Code   RO           20    i.MX_SPI4_Init      main.o
    0x08003840   0x08003840   0x00000038   Code   RO           21    i.MX_USB_OTG_HS_PCD_Init  main.o
    0x08003878   0x08003878   0x00000002   Code   RO          331    i.MemManage_Handler  stm32h7xx_it.o
    0x0800387a   0x0800387a   0x00000002   Code   RO          332    i.NMI_Handler       stm32h7xx_it.o
    0x0800387c   0x0800387c   0x00000042   Code   RO           22    i.PeriphCommonClock_Config  main.o
    0x080038be   0x080038be   0x00000002   PAD
    0x080038c0   0x080038c0   0x00000120   Code   RO         2423    i.RCCEx_PLL2_Config  stm32h7xx_hal_rcc_ex.o
    0x080039e0   0x080039e0   0x00000120   Code   RO         2424    i.RCCEx_PLL3_Config  stm32h7xx_hal_rcc_ex.o
    0x08003b00   0x08003b00   0x00000034   Code   RO         4556    i.SDMMC_CmdAppCommand  stm32h7xx_ll_sdmmc.o
    0x08003b34   0x08003b34   0x0000002e   Code   RO         4557    i.SDMMC_CmdAppOperCommand  stm32h7xx_ll_sdmmc.o
    0x08003b62   0x08003b62   0x00000032   Code   RO         4559    i.SDMMC_CmdBlockLength  stm32h7xx_ll_sdmmc.o
    0x08003b94   0x08003b94   0x00000034   Code   RO         4560    i.SDMMC_CmdBusWidth  stm32h7xx_ll_sdmmc.o
    0x08003bc8   0x08003bc8   0x00000054   Code   RO         4564    i.SDMMC_CmdGoIdleState  stm32h7xx_ll_sdmmc.o
    0x08003c1c   0x08003c1c   0x00000028   Code   RO         4566    i.SDMMC_CmdOperCond  stm32h7xx_ll_sdmmc.o
    0x08003c44   0x08003c44   0x00000034   Code   RO         4571    i.SDMMC_CmdSelDesel  stm32h7xx_ll_sdmmc.o
    0x08003c78   0x08003c78   0x0000002c   Code   RO         4572    i.SDMMC_CmdSendCID  stm32h7xx_ll_sdmmc.o
    0x08003ca4   0x08003ca4   0x00000030   Code   RO         4573    i.SDMMC_CmdSendCSD  stm32h7xx_ll_sdmmc.o
    0x08003cd4   0x08003cd4   0x00000032   Code   RO         4576    i.SDMMC_CmdSendSCR  stm32h7xx_ll_sdmmc.o
    0x08003d06   0x08003d06   0x00000034   Code   RO         4577    i.SDMMC_CmdSendStatus  stm32h7xx_ll_sdmmc.o
    0x08003d3a   0x08003d3a   0x00000032   Code   RO         4578    i.SDMMC_CmdSetRelAdd  stm32h7xx_ll_sdmmc.o
    0x08003d6c   0x08003d6c   0x00000032   Code   RO         4581    i.SDMMC_CmdStatusRegister  stm32h7xx_ll_sdmmc.o
    0x08003d9e   0x08003d9e   0x00000026   Code   RO         4587    i.SDMMC_ConfigData  stm32h7xx_ll_sdmmc.o
    0x08003dc4   0x08003dc4   0x00000124   Code   RO         4588    i.SDMMC_GetCmdResp1  stm32h7xx_ll_sdmmc.o
    0x08003ee8   0x08003ee8   0x00000054   Code   RO         4589    i.SDMMC_GetCmdResp2  stm32h7xx_ll_sdmmc.o
    0x08003f3c   0x08003f3c   0x00000048   Code   RO         4590    i.SDMMC_GetCmdResp3  stm32h7xx_ll_sdmmc.o
    0x08003f84   0x08003f84   0x0000008c   Code   RO         4593    i.SDMMC_GetCmdResp6  stm32h7xx_ll_sdmmc.o
    0x08004010   0x08004010   0x00000058   Code   RO         4594    i.SDMMC_GetCmdResp7  stm32h7xx_ll_sdmmc.o
    0x08004068   0x08004068   0x00000008   Code   RO         4598    i.SDMMC_GetPowerState  stm32h7xx_ll_sdmmc.o
    0x08004070   0x08004070   0x00000006   Code   RO         4599    i.SDMMC_GetResponse  stm32h7xx_ll_sdmmc.o
    0x08004076   0x08004076   0x00000002   PAD
    0x08004078   0x08004078   0x00000020   Code   RO         4600    i.SDMMC_Init        stm32h7xx_ll_sdmmc.o
    0x08004098   0x08004098   0x0000000c   Code   RO         4603    i.SDMMC_PowerState_ON  stm32h7xx_ll_sdmmc.o
    0x080040a4   0x080040a4   0x00000006   Code   RO         4604    i.SDMMC_ReadFIFO    stm32h7xx_ll_sdmmc.o
    0x080040aa   0x080040aa   0x00000002   PAD
    0x080040ac   0x080040ac   0x00000028   Code   RO         4607    i.SDMMC_SendCommand  stm32h7xx_ll_sdmmc.o
    0x080040d4   0x080040d4   0x000000e4   Code   RO         4964    i.SD_FindSCR        stm32h7xx_hal_sd.o
    0x080041b8   0x080041b8   0x000000f6   Code   RO         4965    i.SD_InitCard       stm32h7xx_hal_sd.o
    0x080042ae   0x080042ae   0x00000002   PAD
    0x080042b0   0x080042b0   0x000000b4   Code   RO         4966    i.SD_PowerON        stm32h7xx_hal_sd.o
    0x08004364   0x08004364   0x000000e4   Code   RO         4967    i.SD_SendSDStatus   stm32h7xx_hal_sd.o
    0x08004448   0x08004448   0x00000008   Code   RO           23    i.StartDefaultTask  main.o
    0x08004450   0x08004450   0x0000002c   Code   RO         7444    i.SysTick_Handler   port.o
    0x0800447c   0x0800447c   0x00000098   Code   RO           24    i.SystemClock_Config  main.o
    0x08004514   0x08004514   0x000000d8   Code   RO         6185    i.SystemInit        system_stm32h7xx.o
    0x080045ec   0x080045ec   0x0000000c   Code   RO          333    i.TIM23_IRQHandler  stm32h7xx_it.o
    0x080045f8   0x080045f8   0x000000e0   Code   RO          600    i.TIM_Base_SetConfig  stm32h7xx_hal_tim.o
    0x080046d8   0x080046d8   0x00000098   Code   RO         5883    i.USB_CoreInit      stm32h7xx_ll_usb.o
    0x08004770   0x08004770   0x0000003c   Code   RO         5884    i.USB_CoreReset     stm32h7xx_ll_usb.o
    0x080047ac   0x080047ac   0x0000001c   Code   RO         5889    i.USB_DevDisconnect  stm32h7xx_ll_usb.o
    0x080047c8   0x080047c8   0x0000016c   Code   RO         5890    i.USB_DevInit       stm32h7xx_ll_usb.o
    0x08004934   0x08004934   0x0000000c   Code   RO         5891    i.USB_DisableGlobalInt  stm32h7xx_ll_usb.o
    0x08004940   0x08004940   0x00000038   Code   RO         5900    i.USB_FlushRxFifo   stm32h7xx_ll_usb.o
    0x08004978   0x08004978   0x0000003c   Code   RO         5901    i.USB_FlushTxFifo   stm32h7xx_ll_usb.o
    0x080049b4   0x080049b4   0x0000005e   Code   RO         5920    i.USB_SetCurrentMode  stm32h7xx_ll_usb.o
    0x08004a12   0x08004a12   0x00000002   Code   RO          334    i.UsageFault_Handler  stm32h7xx_it.o
    0x08004a14   0x08004a14   0x00000022   Code   RO         1545    i.__NVIC_SetPriority  stm32h7xx_hal_cortex.o
    0x08004a36   0x08004a36   0x00000002   PAD
    0x08004a38   0x08004a38   0x000000d4   Code   RO           25    i.main              main.o
    0x08004b0c   0x08004b0c   0x0000000e   Code   RO         7009    i.makeFreeRtosPriority  cmsis_os.o
    0x08004b1a   0x08004b1a   0x0000000e   Code   RO         7011    i.osDelay           cmsis_os.o
    0x08004b28   0x08004b28   0x0000000a   Code   RO         7014    i.osKernelStart     cmsis_os.o
    0x08004b32   0x08004b32   0x00000054   Code   RO         7048    i.osThreadCreate    cmsis_os.o
    0x08004b86   0x08004b86   0x00000002   PAD
    0x08004b88   0x08004b88   0x00000070   Code   RO         6691    i.prvAddCurrentTaskToDelayedList  tasks.o
    0x08004bf8   0x08004bf8   0x000000d0   Code   RO         6692    i.prvAddNewTaskToReadyList  tasks.o
    0x08004cc8   0x08004cc8   0x00000034   Code   RO         6693    i.prvDeleteTCB      tasks.o
    0x08004cfc   0x08004cfc   0x00000050   Code   RO         7376    i.prvHeapInit       heap_4.o
    0x08004d4c   0x08004d4c   0x00000060   Code   RO         6694    i.prvIdleTask       tasks.o
    0x08004dac   0x08004dac   0x0000009a   Code   RO         6695    i.prvInitialiseNewTask  tasks.o
    0x08004e46   0x08004e46   0x00000002   PAD
    0x08004e48   0x08004e48   0x0000004c   Code   RO         7377    i.prvInsertBlockIntoFreeList  heap_4.o
    0x08004e94   0x08004e94   0x00000020   Code   RO         6696    i.prvResetNextTaskUnblockTime  tasks.o
    0x08004eb4   0x08004eb4   0x00000028   Code   RO         7445    i.prvTaskExitError  port.o
    0x08004edc   0x08004edc   0x000000dc   Code   RO         7378    i.pvPortMalloc      heap_4.o
    0x08004fb8   0x08004fb8   0x00000030   Code   RO         7446    i.pxPortInitialiseStack  port.o
    0x08004fe8   0x08004fe8   0x0000001c   Code   RO           26    i.taskHeartBeat     main.o
    0x08005004   0x08005004   0x00000026   Code   RO         6327    i.uxListRemove      list.o
    0x0800502a   0x0800502a   0x00000002   PAD
    0x0800502c   0x0800502c   0x00000018   Code   RO          294    i.vApplicationGetIdleTaskMemory  freertos.o
    0x08005044   0x08005044   0x00000016   Code   RO         6328    i.vListInitialise   list.o
    0x0800505a   0x0800505a   0x00000006   Code   RO         6329    i.vListInitialiseItem  list.o
    0x08005060   0x08005060   0x00000030   Code   RO         6330    i.vListInsert       list.o
    0x08005090   0x08005090   0x00000018   Code   RO         6331    i.vListInsertEnd    list.o
    0x080050a8   0x080050a8   0x00000040   Code   RO         7448    i.vPortEnterCritical  port.o
    0x080050e8   0x080050e8   0x00000028   Code   RO         7449    i.vPortExitCritical  port.o
    0x08005110   0x08005110   0x00000064   Code   RO         7379    i.vPortFree         heap_4.o
    0x08005174   0x08005174   0x00000024   Code   RO         7450    i.vPortSetupTimerInterrupt  port.o
    0x08005198   0x08005198   0x0000004c   Code   RO         6705    i.vTaskDelay        tasks.o
    0x080051e4   0x080051e4   0x0000006c   Code   RO         6718    i.vTaskStartScheduler  tasks.o
    0x08005250   0x08005250   0x00000010   Code   RO         6720    i.vTaskSuspendAll   tasks.o
    0x08005260   0x08005260   0x0000005c   Code   RO         6721    i.vTaskSwitchContext  tasks.o
    0x080052bc   0x080052bc   0x000000f4   Code   RO         7452    i.xPortStartScheduler  port.o
    0x080053b0   0x080053b0   0x0000005a   Code   RO         6724    i.xTaskCreate       tasks.o
    0x0800540a   0x0800540a   0x00000056   Code   RO         6725    i.xTaskCreateStatic  tasks.o
    0x08005460   0x08005460   0x000000cc   Code   RO         6732    i.xTaskIncrementTick  tasks.o
    0x0800552c   0x0800552c   0x000000c4   Code   RO         6738    i.xTaskResumeAll    tasks.o
    0x080055f0   0x080055f0   0x0000000a   Code   RO         7621    x$fpl$fpinit        fz_wv.l(fpinit.o)
    0x080055fa   0x080055fa   0x00000002   PAD
    0x080055fc   0x080055fc   0x00000038   Data   RO           28    .constdata          main.o
    0x08005634   0x08005634   0x0000005c   Data   RO         1777    .constdata          stm32h7xx_hal_fdcan.o
    0x08005690   0x08005690   0x00000010   Data   RO         6186    .constdata          system_stm32h7xx.o
    0x080056a0   0x080056a0   0x00000016   Data   RO           29    .conststring        main.o
    0x080056b6   0x080056b6   0x00000002   PAD
    0x080056b8   0x080056b8   0x00000030   Data   RO         7691    Region$$Table       anon$$obj.o


    Execution Region RW_IRAM1 (Exec base: 0x20000000, Load base: 0x080056e8, Size: 0x00003c00, Max: 0x00020000, ABSOLUTE)

    Exec Addr    Load Addr    Size         Type   Attr      Idx    E Section Name        Object

    0x20000000        -       0x00003c00   Zero   RW         7384    .bss                heap_4.o


    Execution Region RW_IRAM2 (Exec base: 0x24000000, Load base: 0x080056e8, Size: 0x000012c8, Max: 0x00020000, ABSOLUTE)

    Exec Addr    Load Addr    Size         Type   Attr      Idx    E Section Name        Object

    0x24000000   0x080056e8   0x00000008   Data   RW           30    .data               main.o
    0x24000008   0x080056f0   0x00000004   Data   RW          401    .data               stm32h7xx_hal_msp.o
    0x2400000c   0x080056f4   0x0000000c   Data   RW         3664    .data               stm32h7xx_hal.o
    0x24000018   0x08005700   0x00000008   Data   RW         6187    .data               system_stm32h7xx.o
    0x24000020   0x08005708   0x0000003c   Data   RW         6741    .data               tasks.o
    0x2400005c   0x08005744   0x00000020   Data   RW         7385    .data               heap_4.o
    0x2400007c   0x08005764   0x0000000c   Data   RW         7453    .data               port.o
    0x24000088        -       0x00000850   Zero   RW           27    .bss                main.o
    0x240008d8        -       0x00000254   Zero   RW          295    .bss                freertos.o
    0x24000b2c        -       0x0000004c   Zero   RW          469    .bss                stm32h7xx_hal_timebase_tim.o
    0x24000b78        -       0x000000f0   Zero   RW         6740    .bss                tasks.o
    0x24000c68        -       0x00000060   Zero   RW         7563    .bss                c_w.l(libspace.o)
    0x24000cc8        -       0x00000200   Zero   RW            2    HEAP                startup_stm32h723xx.o
    0x24000ec8        -       0x00000400   Zero   RW            1    STACK               startup_stm32h723xx.o


==============================================================================

Image component sizes


      Code (inc. data)   RO Data    RW Data    ZI Data      Debug   Object Name

       122          0          0          0          0      23393   cmsis_os.o
         0          0          0          0          0      16840   event_groups.o
        24          6          0          0        596       1384   freertos.o
       476         24          0         32      15360       7527   heap_4.o
       138          0          0          0          0       3674   list.o
      1162         90         78          8       2128    1293822   main.o
       706         74          0         12          0      11120   port.o
        72         30        716          0       1536        848   startup_stm32h723xx.o
       156         32          0         12          0      23046   stm32h7xx_hal.o
       316         28          0          0          0      41092   stm32h7xx_hal_cortex.o
      1036         18         92          0          0       4673   stm32h7xx_hal_fdcan.o
       566         44          0          0          0       2973   stm32h7xx_hal_gpio.o
       856         86          0          4          0       4679   stm32h7xx_hal_msp.o
       204          0          0          0          0       1807   stm32h7xx_hal_pcd.o
        40          6          0          0          0       1250   stm32h7xx_hal_pcd_ex.o
       100         10          0          0          0       1358   stm32h7xx_hal_pwr_ex.o
      2466        110          0          0          0       7853   stm32h7xx_hal_rcc.o
      4618        168          0          0          0      10495   stm32h7xx_hal_rcc_ex.o
      2292         52          0          0          0      11629   stm32h7xx_hal_sd.o
       380         14          0          0          0       1719   stm32h7xx_hal_spi.o
       820         84          0          0          0       7692   stm32h7xx_hal_tim.o
         6          0          0          0          0       2348   stm32h7xx_hal_tim_ex.o
       132         22          0          0         76       1588   stm32h7xx_hal_timebase_tim.o
        24          6          0          0          0       3256   stm32h7xx_it.o
      1488         66          0          0          0      20172   stm32h7xx_ll_sdmmc.o
       826         20          0          0          0       7677   stm32h7xx_ll_usb.o
         0          0          0          0          0        384   stream_buffer.o
       244         38         16          8          0       2001   system_stm32h7xx.o
      1522        110          0         60        240      19650   tasks.o

    ----------------------------------------------------------------------
     20826       1138        952        136      19936    1535950   Object Totals
         0          0         48          0          0          0   (incl. Generated)
        34          0          2          0          0          0   (incl. Padding)

    ----------------------------------------------------------------------

      Code (inc. data)   RO Data    RW Data    ZI Data      Debug   Library Member Name

         8          0          0          0          0         68   __main.o
         0          0          0          0          0          0   __rtentry.o
        12          0          0          0          0          0   __rtentry2.o
         6          0          0          0          0          0   __rtentry4.o
        52          8          0          0          0          0   __scatter.o
        26          0          0          0          0          0   __scatter_copy.o
        28          0          0          0          0          0   __scatter_zi.o
        18          0          0          0          0         80   exit.o
         6          0          0          0          0        152   heapauxi.o
         0          0          0          0          0          0   indicate_semi.o
         2          0          0          0          0          0   libinit.o
         6          0          0          0          0          0   libinit2.o
         2          0          0          0          0          0   libshutdown.o
         2          0          0          0          0          0   libshutdown2.o
         8          4          0          0         96         68   libspace.o
        78          0          0          0          0         80   rt_memclr_w.o
       100          0          0          0          0         80   rt_memcpy_w.o
         2          0          0          0          0          0   rtexit.o
        10          0          0          0          0          0   rtexit2.o
        12          4          0          0          0         68   sys_exit.o
        74          0          0          0          0         80   sys_stackheap_outer.o
         2          0          0          0          0         68   use_no_semi.o
        10          0          0          0          0        116   fpinit.o

    ----------------------------------------------------------------------
       470         16          0          0         96        860   Library Totals
         6          0          0          0          0          0   (incl. Padding)

    ----------------------------------------------------------------------

      Code (inc. data)   RO Data    RW Data    ZI Data      Debug   Library Name

       454         16          0          0         96        744   c_w.l
        10          0          0          0          0        116   fz_wv.l

    ----------------------------------------------------------------------
       470         16          0          0         96        860   Library Totals

    ----------------------------------------------------------------------

==============================================================================


      Code (inc. data)   RO Data    RW Data    ZI Data      Debug   

     21296       1154        952        136      20032    1521850   Grand Totals
     21296       1154        952        136      20032    1521850   ELF Image Totals
     21296       1154        952        136          0          0   ROM Totals

==============================================================================

    Total RO  Size (Code + RO Data)                22248 (  21.73kB)
    Total RW  Size (RW Data + ZI Data)             20168 (  19.70kB)
    Total ROM Size (Code + RO Data + RW Data)      22384 (  21.86kB)

==============================================================================

