Component: ARM Compiler 5.06 update 7 (build 960) Tool: armlink [4d3601]

==============================================================================

Section Cross References

    startup_stm32h723xx.o(STACK) refers (Special) to heapauxi.o(.text) for __use_two_region_memory
    startup_stm32h723xx.o(HEAP) refers (Special) to heapauxi.o(.text) for __use_two_region_memory
    startup_stm32h723xx.o(RESET) refers (Special) to heapauxi.o(.text) for __use_two_region_memory
    startup_stm32h723xx.o(RESET) refers to startup_stm32h723xx.o(STACK) for __initial_sp
    startup_stm32h723xx.o(RESET) refers to startup_stm32h723xx.o(.text) for Reset_Handler
    startup_stm32h723xx.o(RESET) refers to stm32h7xx_it.o(i.NMI_Handler) for NMI_Handler
    startup_stm32h723xx.o(RESET) refers to stm32h7xx_it.o(i.HardFault_Handler) for HardFault_Handler
    startup_stm32h723xx.o(RESET) refers to stm32h7xx_it.o(i.MemManage_Handler) for MemManage_Handler
    startup_stm32h723xx.o(RESET) refers to stm32h7xx_it.o(i.BusFault_Handler) for BusFault_Handler
    startup_stm32h723xx.o(RESET) refers to stm32h7xx_it.o(i.UsageFault_Handler) for UsageFault_Handler
    startup_stm32h723xx.o(RESET) refers to port.o(.emb_text) for SVC_Handler
    startup_stm32h723xx.o(RESET) refers to stm32h7xx_it.o(i.DebugMon_Handler) for DebugMon_Handler
    startup_stm32h723xx.o(RESET) refers to port.o(i.SysTick_Handler) for SysTick_Handler
    startup_stm32h723xx.o(RESET) refers to stm32h7xx_it.o(i.FDCAN1_IT0_IRQHandler) for FDCAN1_IT0_IRQHandler
    startup_stm32h723xx.o(RESET) refers to stm32h7xx_it.o(i.FDCAN2_IT0_IRQHandler) for FDCAN2_IT0_IRQHandler
    startup_stm32h723xx.o(RESET) refers to stm32h7xx_it.o(i.USART1_IRQHandler) for USART1_IRQHandler
    startup_stm32h723xx.o(RESET) refers to stm32h7xx_it.o(i.OTG_HS_IRQHandler) for OTG_HS_IRQHandler
    startup_stm32h723xx.o(RESET) refers to stm32h7xx_it.o(i.FDCAN3_IT0_IRQHandler) for FDCAN3_IT0_IRQHandler
    startup_stm32h723xx.o(RESET) refers to stm32h7xx_it.o(i.TIM23_IRQHandler) for TIM23_IRQHandler
    startup_stm32h723xx.o(.text) refers (Special) to heapauxi.o(.text) for __use_two_region_memory
    startup_stm32h723xx.o(.text) refers to system_stm32h7xx.o(i.ExitRun0Mode) for ExitRun0Mode
    startup_stm32h723xx.o(.text) refers to system_stm32h7xx.o(i.SystemInit) for SystemInit
    startup_stm32h723xx.o(.text) refers to __main.o(!!!main) for __main
    startup_stm32h723xx.o(.text) refers to startup_stm32h723xx.o(HEAP) for Heap_Mem
    startup_stm32h723xx.o(.text) refers to startup_stm32h723xx.o(STACK) for Stack_Mem
    main.o(i.HAL_TIM_PeriodElapsedCallback) refers to stm32h7xx_hal.o(i.HAL_IncTick) for HAL_IncTick
    main.o(i.MX_FDCAN1_Init) refers to stm32h7xx_hal_fdcan.o(i.HAL_FDCAN_Init) for HAL_FDCAN_Init
    main.o(i.MX_FDCAN1_Init) refers to main.o(.bss) for .bss
    main.o(i.MX_FDCAN2_Init) refers to stm32h7xx_hal_fdcan.o(i.HAL_FDCAN_Init) for HAL_FDCAN_Init
    main.o(i.MX_FDCAN2_Init) refers to main.o(.bss) for .bss
    main.o(i.MX_FDCAN3_Init) refers to stm32h7xx_hal_fdcan.o(i.HAL_FDCAN_Init) for HAL_FDCAN_Init
    main.o(i.MX_FDCAN3_Init) refers to main.o(.bss) for .bss
    main.o(i.MX_GPIO_Init) refers to rt_memclr_w.o(.text) for __aeabi_memclr4
    main.o(i.MX_GPIO_Init) refers to stm32h7xx_hal_gpio.o(i.HAL_GPIO_WritePin) for HAL_GPIO_WritePin
    main.o(i.MX_GPIO_Init) refers to stm32h7xx_hal_gpio.o(i.HAL_GPIO_Init) for HAL_GPIO_Init
    main.o(i.MX_SPI1_Init) refers to stm32h7xx_hal_spi.o(i.HAL_SPI_Init) for HAL_SPI_Init
    main.o(i.MX_SPI1_Init) refers to main.o(.bss) for .bss
    main.o(i.MX_SPI4_Init) refers to stm32h7xx_hal_spi.o(i.HAL_SPI_Init) for HAL_SPI_Init
    main.o(i.MX_SPI4_Init) refers to main.o(.bss) for .bss
    main.o(i.MX_USART1_UART_Init) refers to stm32h7xx_hal_uart.o(i.HAL_UART_Init) for HAL_UART_Init
    main.o(i.MX_USART1_UART_Init) refers to stm32h7xx_hal_uart_ex.o(i.HAL_UARTEx_SetTxFifoThreshold) for HAL_UARTEx_SetTxFifoThreshold
    main.o(i.MX_USART1_UART_Init) refers to stm32h7xx_hal_uart_ex.o(i.HAL_UARTEx_SetRxFifoThreshold) for HAL_UARTEx_SetRxFifoThreshold
    main.o(i.MX_USART1_UART_Init) refers to stm32h7xx_hal_uart_ex.o(i.HAL_UARTEx_DisableFifoMode) for HAL_UARTEx_DisableFifoMode
    main.o(i.MX_USART1_UART_Init) refers to main.o(.bss) for .bss
    main.o(i.PeriphCommonClock_Config) refers to rt_memclr_w.o(.text) for __aeabi_memclr4
    main.o(i.PeriphCommonClock_Config) refers to stm32h7xx_hal_rcc_ex.o(i.HAL_RCCEx_PeriphCLKConfig) for HAL_RCCEx_PeriphCLKConfig
    main.o(i.StartDefaultTask) refers to usb_device.o(i.MX_USB_DEVICE_Init) for MX_USB_DEVICE_Init
    main.o(i.StartDefaultTask) refers to cmsis_os.o(i.osDelay) for osDelay
    main.o(i.SystemClock_Config) refers to rt_memclr_w.o(.text) for __aeabi_memclr4
    main.o(i.SystemClock_Config) refers to stm32h7xx_hal_pwr_ex.o(i.HAL_PWREx_ConfigSupply) for HAL_PWREx_ConfigSupply
    main.o(i.SystemClock_Config) refers to stm32h7xx_hal_rcc.o(i.HAL_RCC_OscConfig) for HAL_RCC_OscConfig
[...]
    DMA1_Stream3_IRQHandler                  0x0800048b   Thumb Code     0  startup_stm32h723xx.o(.text)
    DMA1_Stream4_IRQHandler                  0x0800048b   Thumb Code     0  startup_stm32h723xx.o(.text)
    DMA1_Stream5_IRQHandler                  0x0800048b   Thumb Code     0  startup_stm32h723xx.o(.text)
    DMA1_Stream6_IRQHandler                  0x0800048b   Thumb Code     0  startup_stm32h723xx.o(.text)
    DMA1_Stream7_IRQHandler                  0x0800048b   Thumb Code     0  startup_stm32h723xx.o(.text)
    DMA2D_IRQHandler                         0x0800048b   Thumb Code     0  startup_stm32h723xx.o(.text)
    DMA2_Stream0_IRQHandler                  0x0800048b   Thumb Code     0  startup_stm32h723xx.o(.text)
    DMA2_Stream1_IRQHandler                  0x0800048b   Thumb Code     0  startup_stm32h723xx.o(.text)
    DMA2_Stream2_IRQHandler                  0x0800048b   Thumb Code     0  startup_stm32h723xx.o(.text)
    DMA2_Stream3_IRQHandler                  0x0800048b   Thumb Code     0  startup_stm32h723xx.o(.text)
    DMA2_Stream4_IRQHandler                  0x0800048b   Thumb Code     0  startup_stm32h723xx.o(.text)
    DMA2_Stream5_IRQHandler                  0x0800048b   Thumb Code     0  startup_stm32h723xx.o(.text)
    DMA2_Stream6_IRQHandler                  0x0800048b   Thumb Code     0  startup_stm32h723xx.o(.text)
    DMA2_Stream7_IRQHandler                  0x0800048b   Thumb Code     0  startup_stm32h723xx.o(.text)
    DMAMUX1_OVR_IRQHandler                   0x0800048b   Thumb Code     0  startup_stm32h723xx.o(.text)
    DMAMUX2_OVR_IRQHandler                   0x0800048b   Thumb Code     0  startup_stm32h723xx.o(.text)
    DTS_IRQHandler                           0x0800048b   Thumb Code     0  startup_stm32h723xx.o(.text)
    ECC_IRQHandler                           0x0800048b   Thumb Code     0  startup_stm32h723xx.o(.text)
    ETH_IRQHandler                           0x0800048b   Thumb Code     0  startup_stm32h723xx.o(.text)
    ETH_WKUP_IRQHandler                      0x0800048b   Thumb Code     0  startup_stm32h723xx.o(.text)
    EXTI0_IRQHandler                         0x0800048b   Thumb Code     0  startup_stm32h723xx.o(.text)
    EXTI15_10_IRQHandler                     0x0800048b   Thumb Code     0  startup_stm32h723xx.o(.text)
    EXTI1_IRQHandler                         0x0800048b   Thumb Code     0  startup_stm32h723xx.o(.text)
    EXTI2_IRQHandler                         0x0800048b   Thumb Code     0  startup_stm32h723xx.o(.text)
    EXTI3_IRQHandler                         0x0800048b   Thumb Code     0  startup_stm32h723xx.o(.text)
    EXTI4_IRQHandler                         0x0800048b   Thumb Code     0  startup_stm32h723xx.o(.text)
    EXTI9_5_IRQHandler                       0x0800048b   Thumb Code     0  startup_stm32h723xx.o(.text)
    FDCAN1_IT1_IRQHandler                    0x0800048b   Thumb Code     0  startup_stm32h723xx.o(.text)
    FDCAN2_IT1_IRQHandler                    0x0800048b   Thumb Code     0  startup_stm32h723xx.o(.text)
    FDCAN3_IT1_IRQHandler                    0x0800048b   Thumb Code     0  startup_stm32h723xx.o(.text)
    FDCAN_CAL_IRQHandler                     0x0800048b   Thumb Code     0  startup_stm32h723xx.o(.text)
    FLASH_IRQHandler                         0x0800048b   Thumb Code     0  startup_stm32h723xx.o(.text)
    FMAC_IRQHandler                          0x0800048b   Thumb Code     0  startup_stm32h723xx.o(.text)
    FMC_IRQHandler                           0x0800048b   Thumb Code     0  startup_stm32h723xx.o(.text)
    FPU_IRQHandler                           0x0800048b   Thumb Code     0  startup_stm32h723xx.o(.text)
    HSEM1_IRQHandler                         0x0800048b   Thumb Code     0  startup_stm32h723xx.o(.text)
    I2C1_ER_IRQHandler                       0x0800048b   Thumb Code     0  startup_stm32h723xx.o(.text)
    I2C1_EV_IRQHandler                       0x0800048b   Thumb Code     0  startup_stm32h723xx.o(.text)
    I2C2_ER_IRQHandler                       0x0800048b   Thumb Code     0  startup_stm32h723xx.o(.text)
    I2C2_EV_IRQHandler                       0x0800048b   Thumb Code     0  startup_stm32h723xx.o(.text)
    I2C3_ER_IRQHandler                       0x0800048b   Thumb Code     0  startup_stm32h723xx.o(.text)
    I2C3_EV_IRQHandler                       0x0800048b   Thumb Code     0  startup_stm32h723xx.o(.text)
    I2C4_ER_IRQHandler                       0x0800048b   Thumb Code     0  startup_stm32h723xx.o(.text)
    I2C4_EV_IRQHandler                       0x0800048b   Thumb Code     0  startup_stm32h723xx.o(.text)
    I2C5_ER_IRQHandler                       0x0800048b   Thumb Code     0  startup_stm32h723xx.o(.text)
    I2C5_EV_IRQHandler                       0x0800048b   Thumb Code     0  startup_stm32h723xx.o(.text)
    LPTIM1_IRQHandler                        0x0800048b   Thumb Code     0  startup_stm32h723xx.o(.text)
    LPTIM2_IRQHandler                        0x0800048b   Thumb Code     0  startup_stm32h723xx.o(.text)
    LPTIM3_IRQHandler                        0x0800048b   Thumb Code     0  startup_stm32h723xx.o(.text)
    LPTIM4_IRQHandler                        0x0800048b   Thumb Code     0  startup_stm32h723xx.o(.text)
    LPTIM5_IRQHandler                        0x0800048b   Thumb Code     0  startup_stm32h723xx.o(.text)
    LPUART1_IRQHandler                       0x0800048b   Thumb Code     0  startup_stm32h723xx.o(.text)
    LTDC_ER_IRQHandler                       0x0800048b   Thumb Code     0  startup_stm32h723xx.o(.text)
    LTDC_IRQHandler                          0x0800048b   Thumb Code     0  startup_stm32h723xx.o(.text)
    MDIOS_IRQHandler                         0x0800048b   Thumb Code     0  startup_stm32h723xx.o(.text)
    MDIOS_WKUP_IRQHandler                    0x0800048b   Thumb Code     0  startup_stm32h723xx.o(.text)
    MDMA_IRQHandler                          0x0800048b   Thumb Code     0  startup_stm32h723xx.o(.text)
    OCTOSPI1_IRQHandler                      0x0800048b   Thumb Code     0  startup_stm32h723xx.o(.text)
    OCTOSPI2_IRQHandler                      0x0800048b   Thumb Code     0  startup_stm32h723xx.o(.text)
    OTG_HS_EP1_IN_IRQHandler                 0x0800048b   Thumb Code     0  startup_stm32h723xx.o(.text)
    OTG_HS_EP1_OUT_IRQHandler                0x0800048b   Thumb Code     0  startup_stm32h723xx.o(.text)
    OTG_HS_WKUP_IRQHandler                   0x0800048b   Thumb Code     0  startup_stm32h723xx.o(.text)
    PVD_AVD_IRQHandler                       0x0800048b   Thumb Code     0  startup_stm32h723xx.o(.text)
    RCC_IRQHandler                           0x0800048b   Thumb Code     0  startup_stm32h723xx.o(.text)
    RNG_IRQHandler                           0x0800048b   Thumb Code     0  startup_stm32h723xx.o(.text)
    RTC_Alarm_IRQHandler                     0x0800048b   Thumb Code     0  startup_stm32h723xx.o(.text)
    RTC_WKUP_IRQHandler                      0x0800048b   Thumb Code     0  startup_stm32h723xx.o(.text)
    SAI1_IRQHandler                          0x0800048b   Thumb Code     0  startup_stm32h723xx.o(.text)
    SAI4_IRQHandler                          0x0800048b   Thumb Code     0  startup_stm32h723xx.o(.text)
    SDMMC1_IRQHandler                        0x0800048b   Thumb Code     0  startup_stm32h723xx.o(.text)
    SDMMC2_IRQHandler                        0x0800048b   Thumb Code     0  startup_stm32h723xx.o(.text)
    SPDIF_RX_IRQHandler                      0x0800048b   Thumb Code     0  startup_stm32h723xx.o(.text)
    SPI1_IRQHandler                          0x0800048b   Thumb Code     0  startup_stm32h723xx.o(.text)
    SPI2_IRQHandler                          0x0800048b   Thumb Code     0  startup_stm32h723xx.o(.text)
    SPI3_IRQHandler                          0x0800048b   Thumb Code     0  startup_stm32h723xx.o(.text)
    SPI4_IRQHandler                          0x0800048b   Thumb Code     0  startup_stm32h723xx.o(.text)
    SPI5_IRQHandler                          0x0800048b   Thumb Code     0  startup_stm32h723xx.o(.text)
    SPI6_IRQHandler                          0x0800048b   Thumb Code     0  startup_stm32h723xx.o(.text)
    SWPMI1_IRQHandler                        0x0800048b   Thumb Code     0  startup_stm32h723xx.o(.text)
    TAMP_STAMP_IRQHandler                    0x0800048b   Thumb Code     0  startup_stm32h723xx.o(.text)
    TIM15_IRQHandler                         0x0800048b   Thumb Code     0  startup_stm32h723xx.o(.text)
    TIM16_IRQHandler                         0x0800048b   Thumb Code     0  startup_stm32h723xx.o(.text)
    TIM17_IRQHandler                         0x0800048b   Thumb Code     0  startup_stm32h723xx.o(.text)
    TIM1_BRK_IRQHandler                      0x0800048b   Thumb Code     0  startup_stm32h723xx.o(.text)
    TIM1_CC_IRQHandler                       0x0800048b   Thumb Code     0  startup_stm32h723xx.o(.text)
    TIM1_TRG_COM_IRQHandler                  0x0800048b   Thumb Code     0  startup_stm32h723xx.o(.text)
    TIM1_UP_IRQHandler                       0x0800048b   Thumb Code     0  startup_stm32h723xx.o(.text)
    TIM24_IRQHandler                         0x0800048b   Thumb Code     0  startup_stm32h723xx.o(.text)
    TIM2_IRQHandler                          0x0800048b   Thumb Code     0  startup_stm32h723xx.o(.text)
    TIM3_IRQHandler                          0x0800048b   Thumb Code     0  startup_stm32h723xx.o(.text)
    TIM4_IRQHandler                          0x0800048b   Thumb Code     0  startup_stm32h723xx.o(.text)
    TIM5_IRQHandler                          0x0800048b   Thumb Code     0  startup_stm32h723xx.o(.text)
    TIM6_DAC_IRQHandler                      0x0800048b   Thumb Code     0  startup_stm32h723xx.o(.text)
    TIM7_IRQHandler                          0x0800048b   Thumb Code     0  startup_stm32h723xx.o(.text)
    TIM8_BRK_TIM12_IRQHandler                0x0800048b   Thumb Code     0  startup_stm32h723xx.o(.text)
    TIM8_CC_IRQHandler                       0x0800048b   Thumb Code     0  startup_stm32h723xx.o(.text)
    TIM8_TRG_COM_TIM14_IRQHandler            0x0800048b   Thumb Code     0  startup_stm32h723xx.o(.text)
    TIM8_UP_TIM13_IRQHandler                 0x0800048b   Thumb Code     0  startup_stm32h723xx.o(.text)
    UART4_IRQHandler                         0x0800048b   Thumb Code     0  startup_stm32h723xx.o(.text)
    UART5_IRQHandler                         0x0800048b   Thumb Code     0  startup_stm32h723xx.o(.text)
    UART7_IRQHandler                         0x0800048b   Thumb Code     0  startup_stm32h723xx.o(.text)
    UART8_IRQHandler                         0x0800048b   Thumb Code     0  startup_stm32h723xx.o(.text)
    UART9_IRQHandler                         0x0800048b   Thumb Code     0  startup_stm32h723xx.o(.text)
    USART10_IRQHandler                       0x0800048b   Thumb Code     0  startup_stm32h723xx.o(.text)
    USART2_IRQHandler                        0x0800048b   Thumb Code     0  startup_stm32h723xx.o(.text)
    USART3_IRQHandler                        0x0800048b   Thumb Code     0  startup_stm32h723xx.o(.text)
    USART6_IRQHandler                        0x0800048b   Thumb Code     0  startup_stm32h723xx.o(.text)
    WAKEUP_PIN_IRQHandler                    0x0800048b   Thumb Code     0  startup_stm32h723xx.o(.text)
    WWDG_IRQHandler                          0x0800048b   Thumb Code     0  startup_stm32h723xx.o(.text)
    __user_initial_stackheap                 0x0800048d   Thumb Code     0  startup_stm32h723xx.o(.text)
    __aeabi_uldivmod                         0x080004b5   Thumb Code     0  lludivv7m.o(.text)
    _ll_udiv                                 0x080004b5   Thumb Code   238  lludivv7m.o(.text)
    __aeabi_memcpy4                          0x080005a3   Thumb Code     0  rt_memcpy_w.o(.text)
    __aeabi_memcpy8                          0x080005a3   Thumb Code     0  rt_memcpy_w.o(.text)
    __rt_memcpy_w                            0x080005a3   Thumb Code   100  rt_memcpy_w.o(.text)
    _memcpy_lastbytes_aligned                0x080005eb   Thumb Code     0  rt_memcpy_w.o(.text)
    __aeabi_memclr4                          0x08000607   Thumb Code     0  rt_memclr_w.o(.text)
    __aeabi_memclr8                          0x08000607   Thumb Code     0  rt_memclr_w.o(.text)
    __rt_memclr_w                            0x08000607   Thumb Code    78  rt_memclr_w.o(.text)
    _memset_w                                0x0800060b   Thumb Code     0  rt_memclr_w.o(.text)
    __use_two_region_memory                  0x08000655   Thumb Code     2  heapauxi.o(.text)
    __rt_heap_escrow$2region                 0x08000657   Thumb Code     2  heapauxi.o(.text)
    __rt_heap_expand$2region                 0x08000659   Thumb Code     2  heapauxi.o(.text)
    __user_setup_stackheap                   0x0800065b   Thumb Code    74  sys_stackheap_outer.o(.text)
    exit                                     0x080006a5   Thumb Code    18  exit.o(.text)
    __user_libspace                          0x080006b9   Thumb Code     8  libspace.o(.text)
    __user_perproc_libspace                  0x080006b9   Thumb Code     0  libspace.o(.text)
    __user_perthread_libspace                0x080006b9   Thumb Code     0  libspace.o(.text)
    _sys_exit                                0x080006c1   Thumb Code     8  sys_exit.o(.text)
    __I$use$semihosting                      0x080006cd   Thumb Code     0  use_no_semi.o(.text)
    __use_no_semihosting_swi                 0x080006cd   Thumb Code     2  use_no_semi.o(.text)
    BusFault_Handler                         0x080006cf   Thumb Code     2  stm32h7xx_it.o(i.BusFault_Handler)
    __semihosting_library_function           0x080006cf   Thumb Code     0  indicate_semi.o(.text)
    DebugMon_Handler                         0x080006d1   Thumb Code     2  stm32h7xx_it.o(i.DebugMon_Handler)
    Error_Handler                            0x080006d3   Thumb Code     4  main.o(i.Error_Handler)
    ExitRun0Mode                             0x080006d9   Thumb Code    22  system_stm32h7xx.o(i.ExitRun0Mode)
    FDCAN1_IT0_IRQHandler                    0x080006f5   Thumb Code     6  stm32h7xx_it.o(i.FDCAN1_IT0_IRQHandler)
    FDCAN2_IT0_IRQHandler                    0x08000701   Thumb Code     6  stm32h7xx_it.o(i.FDCAN2_IT0_IRQHandler)
    FDCAN3_IT0_IRQHandler                    0x0800070d   Thumb Code     6  stm32h7xx_it.o(i.FDCAN3_IT0_IRQHandler)
    HAL_DMA_Abort                            0x0800095d   Thumb Code   836  stm32h7xx_hal_dma.o(i.HAL_DMA_Abort)
    HAL_DMA_Abort_IT                         0x08000cbd   Thumb Code   602  stm32h7xx_hal_dma.o(i.HAL_DMA_Abort_IT)
    HAL_Delay                                0x08000f41   Thumb Code    32  stm32h7xx_hal.o(i.HAL_Delay)
    HAL_FDCAN_AddMessageToTxBuffer           0x08000f65   Thumb Code    96  stm32h7xx_hal_fdcan.o(i.HAL_FDCAN_AddMessageToTxBuffer)
    HAL_FDCAN_ClockCalibrationCallback       0x08000fc5   Thumb Code     2  stm32h7xx_hal_fdcan.o(i.HAL_FDCAN_ClockCalibrationCallback)
    HAL_FDCAN_ErrorCallback                  0x08000fc7   Thumb Code     2  stm32h7xx_hal_fdcan.o(i.HAL_FDCAN_ErrorCallback)
    HAL_FDCAN_ErrorStatusCallback            0x08000fc9   Thumb Code     2  stm32h7xx_hal_fdcan.o(i.HAL_FDCAN_ErrorStatusCallback)
    HAL_FDCAN_HighPriorityMessageCallback    0x08000fcb   Thumb Code     2  stm32h7xx_hal_fdcan.o(i.HAL_FDCAN_HighPriorityMessageCallback)
    HAL_FDCAN_IRQHandler                     0x08000fcd   Thumb Code   788  stm32h7xx_hal_fdcan.o(i.HAL_FDCAN_IRQHandler)
    HAL_FDCAN_Init                           0x080012ed   Thumb Code   572  stm32h7xx_hal_fdcan.o(i.HAL_FDCAN_Init)
    HAL_FDCAN_MspInit                        0x08001531   Thumb Code   286  stm32h7xx_hal_msp.o(i.HAL_FDCAN_MspInit)
    HAL_FDCAN_RxBufferNewMessageCallback     0x0800166d   Thumb Code     2  stm32h7xx_hal_fdcan.o(i.HAL_FDCAN_RxBufferNewMessageCallback)
    HAL_FDCAN_RxFifo0Callback                0x0800166f   Thumb Code     2  stm32h7xx_hal_fdcan.o(i.HAL_FDCAN_RxFifo0Callback)
    HAL_FDCAN_RxFifo1Callback                0x08001671   Thumb Code     2  stm32h7xx_hal_fdcan.o(i.HAL_FDCAN_RxFifo1Callback)
    HAL_FDCAN_TT_GlobalTimeCallback          0x08001673   Thumb Code     2  stm32h7xx_hal_fdcan.o(i.HAL_FDCAN_TT_GlobalTimeCallback)
    HAL_FDCAN_TT_ScheduleSyncCallback        0x08001675   Thumb Code     2  stm32h7xx_hal_fdcan.o(i.HAL_FDCAN_TT_ScheduleSyncCallback)
    HAL_FDCAN_TT_StopWatchCallback           0x08001677   Thumb Code     2  stm32h7xx_hal_fdcan.o(i.HAL_FDCAN_TT_StopWatchCallback)
    HAL_FDCAN_TT_TimeMarkCallback            0x08001679   Thumb Code     2  stm32h7xx_hal_fdcan.o(i.HAL_FDCAN_TT_TimeMarkCallback)
    HAL_FDCAN_TimeoutOccurredCallback        0x0800167b   Thumb Code     2  stm32h7xx_hal_fdcan.o(i.HAL_FDCAN_TimeoutOccurredCallback)
    HAL_FDCAN_TimestampWraparoundCallback    0x0800167d   Thumb Code     2  stm32h7xx_hal_fdcan.o(i.HAL_FDCAN_TimestampWraparoundCallback)
    HAL_FDCAN_TxBufferAbortCallback          0x0800167f   Thumb Code     2  stm32h7xx_hal_fdcan.o(i.HAL_FDCAN_TxBufferAbortCallback)
    HAL_FDCAN_TxBufferCompleteCallback       0x08001681   Thumb Code     2  stm32h7xx_hal_fdcan.o(i.HAL_FDCAN_TxBufferCompleteCallback)
    HAL_FDCAN_TxEventFifoCallback            0x08001683   Thumb Code     2  stm32h7xx_hal_fdcan.o(i.HAL_FDCAN_TxEventFifoCallback)
    HAL_FDCAN_TxFifoEmptyCallback            0x08001685   Thumb Code     2  stm32h7xx_hal_fdcan.o(i.HAL_FDCAN_TxFifoEmptyCallback)
    HAL_GPIO_Init                            0x08001689   Thumb Code   496  stm32h7xx_hal_gpio.o(i.HAL_GPIO_Init)
    HAL_GPIO_TogglePin                       0x080018a5   Thumb Code    16  stm32h7xx_hal_gpio.o(i.HAL_GPIO_TogglePin)
    HAL_GPIO_WritePin                        0x080018b5   Thumb Code    10  stm32h7xx_hal_gpio.o(i.HAL_GPIO_WritePin)
    HAL_GetTick                              0x080018c1   Thumb Code     6  stm32h7xx_hal.o(i.HAL_GetTick)
    HAL_IncTick                              0x080018cd   Thumb Code    12  stm32h7xx_hal.o(i.HAL_IncTick)
    HAL_Init                                 0x080018dd   Thumb Code    74  stm32h7xx_hal.o(i.HAL_Init)
    HAL_InitTick                             0x08001939   Thumb Code   110  stm32h7xx_hal_timebase_tim.o(i.HAL_InitTick)
    HAL_MPU_ConfigRegion                     0x080019bd   Thumb Code    86  stm32h7xx_hal_cortex.o(i.HAL_MPU_ConfigRegion)
    HAL_MPU_Disable                          0x08001a19   Thumb Code    24  stm32h7xx_hal_cortex.o(i.HAL_MPU_Disable)
    HAL_MPU_Enable                           0x08001a35   Thumb Code    30  stm32h7xx_hal_cortex.o(i.HAL_MPU_Enable)
    HAL_MspInit                              0x08001a59   Thumb Code    32  stm32h7xx_hal_msp.o(i.HAL_MspInit)
    HAL_NVIC_EnableIRQ                       0x08001a7d   Thumb Code    26  stm32h7xx_hal_cortex.o(i.HAL_NVIC_EnableIRQ)
    HAL_NVIC_SetPriority                     0x08001a99   Thumb Code    60  stm32h7xx_hal_cortex.o(i.HAL_NVIC_SetPriority)
    HAL_NVIC_SetPriorityGrouping             0x08001ad9   Thumb Code    28  stm32h7xx_hal_cortex.o(i.HAL_NVIC_SetPriorityGrouping)
    HAL_PCDEx_ActivateLPM                    0x08001afd   Thumb Code    34  stm32h7xx_hal_pcd_ex.o(i.HAL_PCDEx_ActivateLPM)
    HAL_PCDEx_LPM_Callback                   0x08001b25   Thumb Code     2  stm32h7xx_hal_pcd_ex.o(i.HAL_PCDEx_LPM_Callback)
    HAL_PCDEx_SetRxFiFo                      0x08001b27   Thumb Code     8  stm32h7xx_hal_pcd_ex.o(i.HAL_PCDEx_SetRxFiFo)
    HAL_PCDEx_SetTxFiFo                      0x08001b2f   Thumb Code    70  stm32h7xx_hal_pcd_ex.o(i.HAL_PCDEx_SetTxFiFo)
    HAL_PCD_ConnectCallback                  0x08001b75   Thumb Code     8  usbd_conf.o(i.HAL_PCD_ConnectCallback)
    HAL_PCD_DataInStageCallback              0x08001b7d   Thumb Code    18  usbd_conf.o(i.HAL_PCD_DataInStageCallback)
    HAL_PCD_DataOutStageCallback             0x08001b8f   Thumb Code    20  usbd_conf.o(i.HAL_PCD_DataOutStageCallback)
    HAL_PCD_DisconnectCallback               0x08001ba3   Thumb Code     8  usbd_conf.o(i.HAL_PCD_DisconnectCallback)
    HAL_PCD_EP_Abort                         0x08001bab   Thumb Code    30  stm32h7xx_hal_pcd.o(i.HAL_PCD_EP_Abort)
    HAL_PCD_EP_Close                         0x08001bc9   Thumb Code    74  stm32h7xx_hal_pcd.o(i.HAL_PCD_EP_Close)
    HAL_PCD_EP_ClrStall                      0x08001c13   Thumb Code    90  stm32h7xx_hal_pcd.o(i.HAL_PCD_EP_ClrStall)
    HAL_PCD_EP_Open                          0x08001c6d   Thumb Code    98  stm32h7xx_hal_pcd.o(i.HAL_PCD_EP_Open)
    HAL_PCD_EP_Receive                       0x08001ccf   Thumb Code    52  stm32h7xx_hal_pcd.o(i.HAL_PCD_EP_Receive)
    HAL_PCD_EP_SetStall                      0x08001d03   Thumb Code   114  stm32h7xx_hal_pcd.o(i.HAL_PCD_EP_SetStall)
    HAL_PCD_EP_Transmit                      0x08001d75   Thumb Code    52  stm32h7xx_hal_pcd.o(i.HAL_PCD_EP_Transmit)
    HAL_PCD_IRQHandler                       0x08001da9   Thumb Code  1428  stm32h7xx_hal_pcd.o(i.HAL_PCD_IRQHandler)
    HAL_PCD_ISOINIncompleteCallback          0x0800233d   Thumb Code     8  usbd_conf.o(i.HAL_PCD_ISOINIncompleteCallback)
    HAL_PCD_ISOOUTIncompleteCallback         0x08002345   Thumb Code     8  usbd_conf.o(i.HAL_PCD_ISOOUTIncompleteCallback)
    HAL_PCD_Init                             0x0800234d   Thumb Code   204  stm32h7xx_hal_pcd.o(i.HAL_PCD_Init)
    HAL_PCD_MspInit                          0x08002419   Thumb Code   116  usbd_conf.o(i.HAL_PCD_MspInit)
    HAL_PCD_ResetCallback                    0x08002495   Thumb Code    44  usbd_conf.o(i.HAL_PCD_ResetCallback)
    HAL_PCD_ResumeCallback                   0x080024c1   Thumb Code     8  usbd_conf.o(i.HAL_PCD_ResumeCallback)
    HAL_PCD_SOFCallback                      0x080024c9   Thumb Code     8  usbd_conf.o(i.HAL_PCD_SOFCallback)
    HAL_PCD_SetAddress                       0x080024d1   Thumb Code    38  stm32h7xx_hal_pcd.o(i.HAL_PCD_SetAddress)
    HAL_PCD_SetupStageCallback               0x080024f7   Thumb Code    14  usbd_conf.o(i.HAL_PCD_SetupStageCallback)
    HAL_PCD_Start                            0x08002505   Thumb Code    66  stm32h7xx_hal_pcd.o(i.HAL_PCD_Start)
    HAL_PCD_SuspendCallback                  0x08002549   Thumb Code    44  usbd_conf.o(i.HAL_PCD_SuspendCallback)
    HAL_PWREx_ConfigSupply                   0x08002579   Thumb Code    78  stm32h7xx_hal_pwr_ex.o(i.HAL_PWREx_ConfigSupply)
    HAL_PWREx_EnableUSBVoltageDetector       0x080025cd   Thumb Code    12  stm32h7xx_hal_pwr_ex.o(i.HAL_PWREx_EnableUSBVoltageDetector)
    HAL_RCCEx_GetD3PCLK1Freq                 0x080025dd   Thumb Code    26  stm32h7xx_hal_rcc_ex.o(i.HAL_RCCEx_GetD3PCLK1Freq)
    HAL_RCCEx_GetPLL2ClockFreq               0x08002601   Thumb Code   296  stm32h7xx_hal_rcc_ex.o(i.HAL_RCCEx_GetPLL2ClockFreq)
    HAL_RCCEx_GetPLL3ClockFreq               0x08002745   Thumb Code   296  stm32h7xx_hal_rcc_ex.o(i.HAL_RCCEx_GetPLL3ClockFreq)
    HAL_RCCEx_PeriphCLKConfig                0x08002889   Thumb Code  2362  stm32h7xx_hal_rcc_ex.o(i.HAL_RCCEx_PeriphCLKConfig)
    HAL_RCC_ClockConfig                      0x080031c5   Thumb Code   580  stm32h7xx_hal_rcc.o(i.HAL_RCC_ClockConfig)
    HAL_RCC_GetClockConfig                   0x08003421   Thumb Code    84  stm32h7xx_hal_rcc.o(i.HAL_RCC_GetClockConfig)
    HAL_RCC_GetHCLKFreq                      0x0800347d   Thumb Code    52  stm32h7xx_hal_rcc.o(i.HAL_RCC_GetHCLKFreq)
    HAL_RCC_GetPCLK1Freq                     0x080034c1   Thumb Code    26  stm32h7xx_hal_rcc.o(i.HAL_RCC_GetPCLK1Freq)
    HAL_RCC_GetPCLK2Freq                     0x080034e5   Thumb Code    26  stm32h7xx_hal_rcc.o(i.HAL_RCC_GetPCLK2Freq)
    HAL_RCC_GetSysClockFreq                  0x08003509   Thumb Code   278  stm32h7xx_hal_rcc.o(i.HAL_RCC_GetSysClockFreq)
    HAL_RCC_OscConfig                        0x08003641   Thumb Code  1318  stm32h7xx_hal_rcc.o(i.HAL_RCC_OscConfig)
    HAL_SPI_Init                             0x08003b69   Thumb Code   366  stm32h7xx_hal_spi.o(i.HAL_SPI_Init)
    HAL_SPI_MspInit                          0x08003ce5   Thumb Code   244  stm32h7xx_hal_msp.o(i.HAL_SPI_MspInit)
    HAL_TIMEx_Break2Callback                 0x08003df1   Thumb Code     2  stm32h7xx_hal_tim_ex.o(i.HAL_TIMEx_Break2Callback)
    HAL_TIMEx_BreakCallback                  0x08003df3   Thumb Code     2  stm32h7xx_hal_tim_ex.o(i.HAL_TIMEx_BreakCallback)
    HAL_TIMEx_CommutCallback                 0x08003df5   Thumb Code     2  stm32h7xx_hal_tim_ex.o(i.HAL_TIMEx_CommutCallback)
    HAL_TIM_Base_Init                        0x08003df7   Thumb Code    98  stm32h7xx_hal_tim.o(i.HAL_TIM_Base_Init)
    HAL_TIM_Base_MspInit                     0x08003e59   Thumb Code     2  stm32h7xx_hal_tim.o(i.HAL_TIM_Base_MspInit)
    HAL_TIM_Base_Start_IT                    0x08003e5d   Thumb Code   118  stm32h7xx_hal_tim.o(i.HAL_TIM_Base_Start_IT)
    HAL_TIM_IC_CaptureCallback               0x08003efd   Thumb Code     2  stm32h7xx_hal_tim.o(i.HAL_TIM_IC_CaptureCallback)
    HAL_TIM_IRQHandler                       0x08003eff   Thumb Code   328  stm32h7xx_hal_tim.o(i.HAL_TIM_IRQHandler)
    HAL_TIM_OC_DelayElapsedCallback          0x08004047   Thumb Code     2  stm32h7xx_hal_tim.o(i.HAL_TIM_OC_DelayElapsedCallback)
    HAL_TIM_PWM_PulseFinishedCallback        0x08004049   Thumb Code     2  stm32h7xx_hal_tim.o(i.HAL_TIM_PWM_PulseFinishedCallback)
    HAL_TIM_PeriodElapsedCallback            0x0800404d   Thumb Code    14  main.o(i.HAL_TIM_PeriodElapsedCallback)
    HAL_TIM_TriggerCallback                  0x08004061   Thumb Code     2  stm32h7xx_hal_tim.o(i.HAL_TIM_TriggerCallback)
    HAL_UARTEx_DisableFifoMode               0x08004063   Thumb Code    64  stm32h7xx_hal_uart_ex.o(i.HAL_UARTEx_DisableFifoMode)
    HAL_UARTEx_RxEventCallback               0x080040a3   Thumb Code     2  stm32h7xx_hal_uart.o(i.HAL_UARTEx_RxEventCallback)
    HAL_UARTEx_RxFifoFullCallback            0x080040a5   Thumb Code     2  stm32h7xx_hal_uart_ex.o(i.HAL_UARTEx_RxFifoFullCallback)
    HAL_UARTEx_SetRxFifoThreshold            0x080040a7   Thumb Code    76  stm32h7xx_hal_uart_ex.o(i.HAL_UARTEx_SetRxFifoThreshold)
    HAL_UARTEx_SetTxFifoThreshold            0x080040f3   Thumb Code    76  stm32h7xx_hal_uart_ex.o(i.HAL_UARTEx_SetTxFifoThreshold)
    HAL_UARTEx_TxFifoEmptyCallback           0x0800413f   Thumb Code     2  stm32h7xx_hal_uart_ex.o(i.HAL_UARTEx_TxFifoEmptyCallback)
    HAL_UARTEx_WakeupCallback                0x08004141   Thumb Code     2  stm32h7xx_hal_uart_ex.o(i.HAL_UARTEx_WakeupCallback)
    HAL_UART_ErrorCallback                   0x08004143   Thumb Code     2  stm32h7xx_hal_uart.o(i.HAL_UART_ErrorCallback)
    HAL_UART_IRQHandler                      0x08004145   Thumb Code   898  stm32h7xx_hal_uart.o(i.HAL_UART_IRQHandler)
    HAL_UART_Init                            0x080044e1   Thumb Code   106  stm32h7xx_hal_uart.o(i.HAL_UART_Init)
    HAL_UART_MspInit                         0x0800454d   Thumb Code   140  stm32h7xx_hal_msp.o(i.HAL_UART_MspInit)
    HAL_UART_TxCpltCallback                  0x080045e5   Thumb Code     2  stm32h7xx_hal_uart.o(i.HAL_UART_TxCpltCallback)
    HardFault_Handler                        0x080045e7   Thumb Code     2  stm32h7xx_it.o(i.HardFault_Handler)
    MX_USB_DEVICE_Init                       0x080048e9   Thumb Code    52  usb_device.o(i.MX_USB_DEVICE_Init)
    MemManage_Handler                        0x08004929   Thumb Code     2  stm32h7xx_it.o(i.MemManage_Handler)
    NMI_Handler                              0x0800492b   Thumb Code     2  stm32h7xx_it.o(i.NMI_Handler)
    OTG_HS_IRQHandler                        0x0800492d   Thumb Code     6  stm32h7xx_it.o(i.OTG_HS_IRQHandler)
    PeriphCommonClock_Config                 0x08004aa7   Thumb Code    68  main.o(i.PeriphCommonClock_Config)
    StartDefaultTask                         0x08004d37   Thumb Code    12  main.o(i.StartDefaultTask)
    SysTick_Handler                          0x08004d45   Thumb Code    38  port.o(i.SysTick_Handler)
    SystemClock_Config                       0x08004d71   Thumb Code   146  main.o(i.SystemClock_Config)
    SystemInit                               0x08004e09   Thumb Code   184  system_stm32h7xx.o(i.SystemInit)
    TIM23_IRQHandler                         0x08004ee1   Thumb Code     6  stm32h7xx_it.o(i.TIM23_IRQHandler)
    TIM_Base_SetConfig                       0x08004eed   Thumb Code   182  stm32h7xx_hal_tim.o(i.TIM_Base_SetConfig)
    UART_AdvFeatureConfig                    0x08005011   Thumb Code   200  stm32h7xx_hal_uart.o(i.UART_AdvFeatureConfig)
    UART_CheckIdleState                      0x080050d9   Thumb Code   170  stm32h7xx_hal_uart.o(i.UART_CheckIdleState)
    UART_SetConfig                           0x080051e9   Thumb Code   914  stm32h7xx_hal_uart.o(i.UART_SetConfig)
    UART_WaitOnFlagUntilTimeout              0x080055c5   Thumb Code   148  stm32h7xx_hal_uart.o(i.UART_WaitOnFlagUntilTimeout)
    USART1_IRQHandler                        0x08005659   Thumb Code     6  stm32h7xx_it.o(i.USART1_IRQHandler)
    USBD_ClrClassConfig                      0x08005665   Thumb Code    20  usbd_core.o(i.USBD_ClrClassConfig)
    USBD_CoreFindEP                          0x08005679   Thumb Code     4  usbd_core.o(i.USBD_CoreFindEP)
    USBD_CoreFindIF                          0x0800567d   Thumb Code     4  usbd_core.o(i.USBD_CoreFindIF)
    USBD_CtlContinueRx                       0x08005681   Thumb Code    16  usbd_ioreq.o(i.USBD_CtlContinueRx)
    USBD_CtlContinueSendData                 0x08005691   Thumb Code    16  usbd_ioreq.o(i.USBD_CtlContinueSendData)
    USBD_CtlError                            0x080056a1   Thumb Code    22  usbd_ctlreq.o(i.USBD_CtlError)
    USBD_CtlReceiveStatus                    0x080056b7   Thumb Code    22  usbd_ioreq.o(i.USBD_CtlReceiveStatus)
    USBD_CtlSendData                         0x080056cd   Thumb Code    26  usbd_ioreq.o(i.USBD_CtlSendData)
    USBD_CtlSendStatus                       0x080056e7   Thumb Code    22  usbd_ioreq.o(i.USBD_CtlSendStatus)
    USBD_GetEpDesc                           0x080057f7   Thumb Code    58  usbd_core.o(i.USBD_GetEpDesc)
    USBD_GetNextDesc                         0x08005845   Thumb Code    14  usbd_core.o(i.USBD_GetNextDesc)
    USBD_GetString                           0x08005853   Thumb Code    78  usbd_ctlreq.o(i.USBD_GetString)
    USBD_Get_USB_Status                      0x080058a1   Thumb Code    24  usbd_conf.o(i.USBD_Get_USB_Status)
    USBD_HS_ConfigStrDescriptor              0x08005ad9   Thumb Code    16  usbd_desc.o(i.USBD_HS_ConfigStrDescriptor)
    USBD_HS_DeviceDescriptor                 0x08005af9   Thumb Code     8  usbd_desc.o(i.USBD_HS_DeviceDescriptor)
    USBD_HS_InterfaceStrDescriptor           0x08005b05   Thumb Code    16  usbd_desc.o(i.USBD_HS_InterfaceStrDescriptor)
    USBD_HS_LangIDStrDescriptor              0x08005b29   Thumb Code     8  usbd_desc.o(i.USBD_HS_LangIDStrDescriptor)
    USBD_HS_ManufacturerStrDescriptor        0x08005b35   Thumb Code    16  usbd_desc.o(i.USBD_HS_ManufacturerStrDescriptor)
    USBD_HS_ProductStrDescriptor             0x08005b5d   Thumb Code    16  usbd_desc.o(i.USBD_HS_ProductStrDescriptor)
    USBD_HS_SerialStrDescriptor              0x08005b89   Thumb Code    50  usbd_desc.o(i.USBD_HS_SerialStrDescriptor)
    USBD_Init                                0x08005bc5   Thumb Code    38  usbd_core.o(i.USBD_Init)
    USBD_LL_ClearStallEP                     0x08005beb   Thumb Code    18  usbd_conf.o(i.USBD_LL_ClearStallEP)
    USBD_LL_CloseEP                          0x08005bfd   Thumb Code    18  usbd_conf.o(i.USBD_LL_CloseEP)
    USBD_LL_DataInStage                      0x08005c0f   Thumb Code   184  usbd_core.o(i.USBD_LL_DataInStage)
    USBD_LL_DataOutStage                     0x08005cc7   Thumb Code   144  usbd_core.o(i.USBD_LL_DataOutStage)
    USBD_LL_DevConnected                     0x08005d57   Thumb Code     4  usbd_core.o(i.USBD_LL_DevConnected)
    USBD_LL_DevDisconnected                  0x08005d5b   Thumb Code    32  usbd_core.o(i.USBD_LL_DevDisconnected)
    USBD_LL_Init                             0x08005d7d   Thumb Code    96  usbd_conf.o(i.USBD_LL_Init)
    USBD_LL_IsStallEP                        0x08005de5   Thumb Code    30  usbd_conf.o(i.USBD_LL_IsStallEP)
    USBD_LL_IsoINIncomplete                  0x08005e03   Thumb Code    40  usbd_core.o(i.USBD_LL_IsoINIncomplete)
    USBD_LL_IsoOUTIncomplete                 0x08005e2b   Thumb Code    40  usbd_core.o(i.USBD_LL_IsoOUTIncomplete)
    USBD_LL_OpenEP                           0x08005e53   Thumb Code    24  usbd_conf.o(i.USBD_LL_OpenEP)
    USBD_LL_PrepareReceive                   0x08005e6b   Thumb Code    18  usbd_conf.o(i.USBD_LL_PrepareReceive)
    USBD_LL_Reset                            0x08005e7d   Thumb Code    94  usbd_core.o(i.USBD_LL_Reset)
    USBD_LL_Resume                           0x08005edb   Thumb Code    20  usbd_core.o(i.USBD_LL_Resume)
    USBD_LL_SOF                              0x08005eef   Thumb Code    26  usbd_core.o(i.USBD_LL_SOF)
    USBD_LL_SetSpeed                         0x08005f09   Thumb Code     6  usbd_core.o(i.USBD_LL_SetSpeed)
    USBD_LL_SetUSBAddress                    0x08005f0f   Thumb Code    18  usbd_conf.o(i.USBD_LL_SetUSBAddress)
    USBD_LL_SetupStage                       0x08005f21   Thumb Code    96  usbd_core.o(i.USBD_LL_SetupStage)
    USBD_LL_StallEP                          0x08005f81   Thumb Code    18  usbd_conf.o(i.USBD_LL_StallEP)
    USBD_LL_Start                            0x08005f93   Thumb Code    18  usbd_conf.o(i.USBD_LL_Start)
    USBD_LL_Suspend                          0x08005fa5   Thumb Code    26  usbd_core.o(i.USBD_LL_Suspend)
    USBD_LL_Transmit                         0x08005fbf   Thumb Code    18  usbd_conf.o(i.USBD_LL_Transmit)
    USBD_ParseSetupRequest                   0x08005fd1   Thumb Code    42  usbd_ctlreq.o(i.USBD_ParseSetupRequest)
    USBD_RegisterClass                       0x08005ffb   Thumb Code    58  usbd_core.o(i.USBD_RegisterClass)
    USBD_SetClassConfig                      0x08006035   Thumb Code    20  usbd_core.o(i.USBD_SetClassConfig)
    USBD_Start                               0x08006105   Thumb Code     4  usbd_core.o(i.USBD_Start)
    USBD_StdDevReq                           0x08006109   Thumb Code   302  usbd_ctlreq.o(i.USBD_StdDevReq)
    USBD_StdEPReq                            0x08006237   Thumb Code   356  usbd_ctlreq.o(i.USBD_StdEPReq)
    USBD_StdItfReq                           0x0800639b   Thumb Code   116  usbd_ctlreq.o(i.USBD_StdItfReq)
    USBD_static_free                         0x0800640f   Thumb Code     2  usbd_conf.o(i.USBD_static_free)
    USBD_static_malloc                       0x08006411   Thumb Code     4  usbd_conf.o(i.USBD_static_malloc)
    USB_ActivateEndpoint                     0x08006419   Thumb Code   124  stm32h7xx_ll_usb.o(i.USB_ActivateEndpoint)
    USB_ActivateSetup                        0x08006499   Thumb Code    28  stm32h7xx_ll_usb.o(i.USB_ActivateSetup)
    USB_CoreInit                             0x080064b5   Thumb Code   142  stm32h7xx_ll_usb.o(i.USB_CoreInit)
    USB_DeactivateEndpoint                   0x08006589   Thumb Code   194  stm32h7xx_ll_usb.o(i.USB_DeactivateEndpoint)
    USB_DevConnect                           0x08006655   Thumb Code    28  stm32h7xx_ll_usb.o(i.USB_DevConnect)
    USB_DevDisconnect                        0x08006671   Thumb Code    28  stm32h7xx_ll_usb.o(i.USB_DevDisconnect)
    USB_DevInit                              0x0800668d   Thumb Code   354  stm32h7xx_ll_usb.o(i.USB_DevInit)
    USB_DisableGlobalInt                     0x080067f9   Thumb Code    12  stm32h7xx_ll_usb.o(i.USB_DisableGlobalInt)
    USB_EP0_OutStart                         0x08006805   Thumb Code    84  stm32h7xx_ll_usb.o(i.USB_EP0_OutStart)
    USB_EPClearStall                         0x0800685d   Thumb Code    88  stm32h7xx_ll_usb.o(i.USB_EPClearStall)
    USB_EPSetStall                           0x080068b5   Thumb Code    88  stm32h7xx_ll_usb.o(i.USB_EPSetStall)
    USB_EPStartXfer                          0x0800690d   Thumb Code   572  stm32h7xx_ll_usb.o(i.USB_EPStartXfer)
    USB_EPStopXfer                           0x08006b4d   Thumb Code   158  stm32h7xx_ll_usb.o(i.USB_EPStopXfer)
    USB_EnableGlobalInt                      0x08006beb   Thumb Code    12  stm32h7xx_ll_usb.o(i.USB_EnableGlobalInt)
    USB_FlushRxFifo                          0x08006bf7   Thumb Code    56  stm32h7xx_ll_usb.o(i.USB_FlushRxFifo)
    USB_FlushTxFifo                          0x08006c2f   Thumb Code    60  stm32h7xx_ll_usb.o(i.USB_FlushTxFifo)
    USB_GetDevSpeed                          0x08006c6b   Thumb Code    26  stm32h7xx_ll_usb.o(i.USB_GetDevSpeed)
    USB_GetMode                              0x08006c85   Thumb Code     8  stm32h7xx_ll_usb.o(i.USB_GetMode)
    USB_ReadDevAllInEpInterrupt              0x08006c8d   Thumb Code    14  stm32h7xx_ll_usb.o(i.USB_ReadDevAllInEpInterrupt)
    USB_ReadDevAllOutEpInterrupt             0x08006c9b   Thumb Code    14  stm32h7xx_ll_usb.o(i.USB_ReadDevAllOutEpInterrupt)
    USB_ReadDevInEPInterrupt                 0x08006ca9   Thumb Code    36  stm32h7xx_ll_usb.o(i.USB_ReadDevInEPInterrupt)
    USB_ReadDevOutEPInterrupt                0x08006ccd   Thumb Code    16  stm32h7xx_ll_usb.o(i.USB_ReadDevOutEPInterrupt)
    USB_ReadInterrupts                       0x08006cdd   Thumb Code     8  stm32h7xx_ll_usb.o(i.USB_ReadInterrupts)
    USB_ReadPacket                           0x08006ce5   Thumb Code    64  stm32h7xx_ll_usb.o(i.USB_ReadPacket)
    USB_SetCurrentMode                       0x08006d25   Thumb Code    94  stm32h7xx_ll_usb.o(i.USB_SetCurrentMode)
    USB_SetDevAddress                        0x08006d83   Thumb Code    34  stm32h7xx_ll_usb.o(i.USB_SetDevAddress)
    USB_SetTurnaroundTime                    0x08006da5   Thumb Code   158  stm32h7xx_ll_usb.o(i.USB_SetTurnaroundTime)
    USB_WritePacket                          0x08006e8d   Thumb Code    40  stm32h7xx_ll_usb.o(i.USB_WritePacket)
    UsageFault_Handler                       0x08006eb5   Thumb Code     2  stm32h7xx_it.o(i.UsageFault_Handler)
    main                                     0x08006ed9   Thumb Code   254  main.o(i.main)
    osDelay                                  0x08006fef   Thumb Code    14  cmsis_os.o(i.osDelay)
    osKernelStart                            0x08006ffd   Thumb Code    10  cmsis_os.o(i.osKernelStart)
    osThreadCreate                           0x08007007   Thumb Code    84  cmsis_os.o(i.osThreadCreate)
    pvPortMalloc                             0x080073b1   Thumb Code   216  heap_4.o(i.pvPortMalloc)
    pxPortInitialiseStack                    0x0800748d   Thumb Code    42  port.o(i.pxPortInitialiseStack)
    taskFDCAN1                               0x080074bd   Thumb Code    38  main.o(i.taskFDCAN1)
    taskFDCAN2                               0x080074f1   Thumb Code    38  main.o(i.taskFDCAN2)
    taskFDCAN3                               0x08007525   Thumb Code    38  main.o(i.taskFDCAN3)
    taskHeartBeat                            0x08007559   Thumb Code    22  main.o(i.taskHeartBeat)
    taskUART1                                0x08007575   Thumb Code     8  main.o(i.taskUART1)
    uxListRemove                             0x0800757d   Thumb Code    38  list.o(i.uxListRemove)
    vApplicationGetIdleTaskMemory            0x080075a5   Thumb Code    18  freertos.o(i.vApplicationGetIdleTaskMemory)
    vListInitialise                          0x080075bd   Thumb Code    22  list.o(i.vListInitialise)
    vListInitialiseItem                      0x080075d3   Thumb Code     6  list.o(i.vListInitialiseItem)
    vListInsert                              0x080075d9   Thumb Code    48  list.o(i.vListInsert)
    vListInsertEnd                           0x08007609   Thumb Code    24  list.o(i.vListInsertEnd)
    vPortEnterCritical                       0x08007621   Thumb Code    54  port.o(i.vPortEnterCritical)
    vPortExitCritical                        0x08007661   Thumb Code    34  port.o(i.vPortExitCritical)
    vPortFree                                0x08007689   Thumb Code    94  heap_4.o(i.vPortFree)
    vPortSetupTimerInterrupt                 0x080076ed   Thumb Code    32  port.o(i.vPortSetupTimerInterrupt)
    vTaskDelay                               0x08007711   Thumb Code    66  tasks.o(i.vTaskDelay)
    vTaskStartScheduler                      0x0800775d   Thumb Code    90  tasks.o(i.vTaskStartScheduler)
    vTaskSuspendAll                          0x080077c9   Thumb Code    10  tasks.o(i.vTaskSuspendAll)
    vTaskSwitchContext                       0x080077d9   Thumb Code    82  tasks.o(i.vTaskSwitchContext)
    xPortStartScheduler                      0x08007835   Thumb Code   222  port.o(i.xPortStartScheduler)
    xTaskCreate                              0x08007929   Thumb Code    90  tasks.o(i.xTaskCreate)
    xTaskCreateStatic                        0x08007983   Thumb Code    86  tasks.o(i.xTaskCreateStatic)
    xTaskIncrementTick                       0x080079d9   Thumb Code   194  tasks.o(i.xTaskIncrementTick)
    xTaskResumeAll                           0x08007aa5   Thumb Code   184  tasks.o(i.xTaskResumeAll)
    _fp_init                                 0x08007b69   Thumb Code    10  fpinit.o(x$fpl$fpinit)
    __fplib_config_fpu_vfp                   0x08007b71   Thumb Code     0  fpinit.o(x$fpl$fpinit)
    __fplib_config_pureend_doubles           0x08007b71   Thumb Code     0  fpinit.o(x$fpl$fpinit)
    UARTPrescTable                           0x08007c78   Data          24  stm32h7xx_hal_uart.o(.constdata)
    D1CorePrescTable                         0x08007ca0   Data          16  system_stm32h7xx.o(.constdata)
    Region$$Table$$Base                      0x08007ce8   Number         0  anon$$obj.o(Region$$Table)
    Region$$Table$$Limit                     0x08007d18   Number         0  anon$$obj.o(Region$$Table)
    defaultTaskHandle                        0x24000000   Data           4  main.o(.data)
    HeartBeatHandle                          0x24000004   Data           4  main.o(.data)
    FDCAN1Handle                             0x24000008   Data           4  main.o(.data)
    FDCAN2Handle                             0x2400000c   Data           4  main.o(.data)
    FDCAN3Handle                             0x24000010   Data           4  main.o(.data)
    UART1Handle                              0x24000014   Data           4  main.o(.data)
    uwTickFreq                               0x2400001c   Data           1  stm32h7xx_hal.o(.data)
    uwTickPrio                               0x24000020   Data           4  stm32h7xx_hal.o(.data)
    uwTick                                   0x24000024   Data           4  stm32h7xx_hal.o(.data)
    SystemCoreClock                          0x24000028   Data           4  system_stm32h7xx.o(.data)
    SystemD2Clock                            0x2400002c   Data           4  system_stm32h7xx.o(.data)
    pxCurrentTCB                             0x24000030   Data           4  tasks.o(.data)
    HS_Desc                                  0x24000098   Data          32  usbd_desc.o(.data)
    USBD_LangIDDesc                          0x240000b8   Data           4  usbd_desc.o(.data)
    USBD_HS_DeviceDesc                       0x240000bc   Data          18  usbd_desc.o(.data)
    USBD_HS_BOSDesc                          0x240000d0   Data          12  usbd_desc.o(.data)
    USBD_StringSerial                        0x240000dc   Data          26  usbd_desc.o(.data)
    USBD_HID                                 0x240000f8   Data          56  usbd_hid.o(.data)
    hfdcan1                                  0x240001bc   Data         160  main.o(.bss)
    hfdcan2                                  0x2400025c   Data         160  main.o(.bss)
    hfdcan3                                  0x240002fc   Data         160  main.o(.bss)
    hspi1                                    0x2400039c   Data         136  main.o(.bss)
    hspi4                                    0x24000424   Data         136  main.o(.bss)
    huart1                                   0x240004ac   Data         148  main.o(.bss)
    htim23                                   0x24000794   Data          76  stm32h7xx_hal_timebase_tim.o(.bss)
    hUsbDeviceHS                             0x240008d0   Data         732  usb_device.o(.bss)
    USBD_StrDesc                             0x24000bac   Data         512  usbd_desc.o(.bss)
    hpcd_USB_OTG_HS                          0x24000dc0   Data        1252  usbd_conf.o(.bss)
    __libspace_start                         0x240012a4   Data          96  libspace.o(.bss)
    __temporary_stack_top$libspace           0x24001304   Data           0  libspace.o(.bss)



==============================================================================

Memory Map of the image

  Image Entry point : 0x080002cd

  Load Region LR_IROM1 (Base: 0x08000000, Size: 0x00007ed4, Max: 0x00100000, ABSOLUTE, COMPRESSED[0x00007e00])

    Execution Region ER_IROM1 (Exec base: 0x08000000, Load base: 0x08000000, Size: 0x00007d18, Max: 0x00100000, ABSOLUTE)

    Exec Addr    Load Addr    Size         Type   Attr      Idx    E Section Name        Object

    0x08000000   0x08000000   0x000002cc   Data   RO            3    RESET               startup_stm32h723xx.o
    0x080002cc   0x080002cc   0x00000008   Code   RO         8288  * !!!main             c_w.l(__main.o)
    0x080002d4   0x080002d4   0x00000034   Code   RO         8461    !!!scatter          c_w.l(__scatter.o)
    0x08000308   0x08000308   0x0000005a   Code   RO         8459    !!dczerorl2         c_w.l(__dczerorl2.o)
    0x08000362   0x08000362   0x00000002   PAD
    0x08000364   0x08000364   0x0000001c   Code   RO         8463    !!handler_zi        c_w.l(__scatter_zi.o)
    0x08000380   0x08000380   0x00000002   Code   RO         8327    .ARM.Collect$$libinit$$00000000  c_w.l(libinit.o)
    0x08000382   0x08000382   0x00000004   Code   RO         8339    .ARM.Collect$$libinit$$00000001  c_w.l(libinit2.o)
    0x08000386   0x08000386   0x00000000   Code   RO         8342    .ARM.Collect$$libinit$$00000004  c_w.l(libinit2.o)
    0x08000386   0x08000386   0x00000000   Code   RO         8345    .ARM.Collect$$libinit$$0000000A  c_w.l(libinit2.o)
    0x08000386   0x08000386   0x00000000   Code   RO         8347    .ARM.Collect$$libinit$$0000000C  c_w.l(libinit2.o)
    0x08000386   0x08000386   0x00000000   Code   RO         8349    .ARM.Collect$$libinit$$0000000E  c_w.l(libinit2.o)
    0x08000386   0x08000386   0x00000000   Code   RO         8352    .ARM.Collect$$libinit$$00000011  c_w.l(libinit2.o)
    0x08000386   0x08000386   0x00000000   Code   RO         8354    .ARM.Collect$$libinit$$00000013  c_w.l(libinit2.o)
    0x08000386   0x08000386   0x00000000   Code   RO         8356    .ARM.Collect$$libinit$$00000015  c_w.l(libinit2.o)
    0x08000386   0x08000386   0x00000000   Code   RO         8358    .ARM.Collect$$libinit$$00000017  c_w.l(libinit2.o)
    0x08000386   0x08000386   0x00000000   Code   RO         8360    .ARM.Collect$$libinit$$00000019  c_w.l(libinit2.o)
    0x08000386   0x08000386   0x00000000   Code   RO         8362    .ARM.Collect$$libinit$$0000001B  c_w.l(libinit2.o)
    0x08000386   0x08000386   0x00000000   Code   RO         8364    .ARM.Collect$$libinit$$0000001D  c_w.l(libinit2.o)
    0x08000386   0x08000386   0x00000000   Code   RO         8366    .ARM.Collect$$libinit$$0000001F  c_w.l(libinit2.o)
    0x08000386   0x08000386   0x00000000   Code   RO         8368    .ARM.Collect$$libinit$$00000021  c_w.l(libinit2.o)
    0x08000386   0x08000386   0x00000000   Code   RO         8370    .ARM.Collect$$libinit$$00000023  c_w.l(libinit2.o)
    0x08000386   0x08000386   0x00000000   Code   RO         8372    .ARM.Collect$$libinit$$00000025  c_w.l(libinit2.o)
    0x08000386   0x08000386   0x00000000   Code   RO         8376    .ARM.Collect$$libinit$$0000002C  c_w.l(libinit2.o)
    0x08000386   0x08000386   0x00000000   Code   RO         8378    .ARM.Collect$$libinit$$0000002E  c_w.l(libinit2.o)
    0x08000386   0x08000386   0x00000000   Code   RO         8380    .ARM.Collect$$libinit$$00000030  c_w.l(libinit2.o)
    0x08000386   0x08000386   0x00000000   Code   RO         8382    .ARM.Collect$$libinit$$00000032  c_w.l(libinit2.o)
    0x08000386   0x08000386   0x00000002   Code   RO         8383    .ARM.Collect$$libinit$$00000033  c_w.l(libinit2.o)
    0x08000388   0x08000388   0x00000002   Code   RO         8414    .ARM.Collect$$libshutdown$$00000000  c_w.l(libshutdown.o)
    0x0800038a   0x0800038a   0x00000000   Code   RO         8440    .ARM.Collect$$libshutdown$$00000002  c_w.l(libshutdown2.o)
    0x0800038a   0x0800038a   0x00000000   Code   RO         8442    .ARM.Collect$$libshutdown$$00000004  c_w.l(libshutdown2.o)
    0x0800038a   0x0800038a   0x00000000   Code   RO         8444    .ARM.Collect$$libshutdown$$00000006  c_w.l(libshutdown2.o)
    0x0800038a   0x0800038a   0x00000000   Code   RO         8447    .ARM.Collect$$libshutdown$$00000009  c_w.l(libshutdown2.o)
    0x0800038a   0x0800038a   0x00000000   Code   RO         8450    .ARM.Collect$$libshutdown$$0000000C  c_w.l(libshutdown2.o)
    0x0800038a   0x0800038a   0x00000000   Code   RO         8452    .ARM.Collect$$libshutdown$$0000000E  c_w.l(libshutdown2.o)
    0x0800038a   0x0800038a   0x00000000   Code   RO         8455    .ARM.Collect$$libshutdown$$00000011  c_w.l(libshutdown2.o)
    0x0800038a   0x0800038a   0x00000002   Code   RO         8456    .ARM.Collect$$libshutdown$$00000012  c_w.l(libshutdown2.o)
    0x0800038c   0x0800038c   0x00000000   Code   RO         8290    .ARM.Collect$$rtentry$$00000000  c_w.l(__rtentry.o)
    0x0800038c   0x0800038c   0x00000000   Code   RO         8298    .ARM.Collect$$rtentry$$00000002  c_w.l(__rtentry2.o)
    0x0800038c   0x0800038c   0x00000006   Code   RO         8310    .ARM.Collect$$rtentry$$00000004  c_w.l(__rtentry4.o)
    0x08000392   0x08000392   0x00000000   Code   RO         8300    .ARM.Collect$$rtentry$$00000009  c_w.l(__rtentry2.o)
    0x08000392   0x08000392   0x00000004   Code   RO         8301    .ARM.Collect$$rtentry$$0000000A  c_w.l(__rtentry2.o)
    0x08000396   0x08000396   0x00000000   Code   RO         8303    .ARM.Collect$$rtentry$$0000000C  c_w.l(__rtentry2.o)
    0x08000396   0x08000396   0x00000008   Code   RO         8304    .ARM.Collect$$rtentry$$0000000D  c_w.l(__rtentry2.o)
    0x0800039e   0x0800039e   0x00000002   Code   RO         8331    .ARM.Collect$$rtexit$$00000000  c_w.l(rtexit.o)
    0x080003a0   0x080003a0   0x00000000   Code   RO         8387    .ARM.Collect$$rtexit$$00000002  c_w.l(rtexit2.o)
    0x080003a0   0x080003a0   0x00000004   Code   RO         8388    .ARM.Collect$$rtexit$$00000003  c_w.l(rtexit2.o)
    0x080003a4   0x080003a4   0x00000006   Code   RO         8389    .ARM.Collect$$rtexit$$00000004  c_w.l(rtexit2.o)
    0x080003aa   0x080003aa   0x00000002   PAD
    0x080003ac   0x080003ac   0x000000be   Code   RO         7456    .emb_text           port.o
    0x0800046a   0x0800046a   0x00000002   PAD
    0x0800046c   0x0800046c   0x00000048   Code   RO            4    .text               startup_stm32h723xx.o
    0x080004b4   0x080004b4   0x000000ee   Code   RO         8276    .text               c_w.l(lludivv7m.o)
    0x080005a2   0x080005a2   0x00000064   Code   RO         8280    .text               c_w.l(rt_memcpy_w.o)
    0x08000606   0x08000606   0x0000004e   Code   RO         8284    .text               c_w.l(rt_memclr_w.o)
    0x08000654   0x08000654   0x00000006   Code   RO         8286    .text               c_w.l(heapauxi.o)
    0x0800065a   0x0800065a   0x0000004a   Code   RO         8314    .text               c_w.l(sys_stackheap_outer.o)
    0x080006a4   0x080006a4   0x00000012   Code   RO         8316    .text               c_w.l(exit.o)
    0x080006b6   0x080006b6   0x00000002   PAD
    0x080006b8   0x080006b8   0x00000008   Code   RO         8328    .text               c_w.l(libspace.o)
    0x080006c0   0x080006c0   0x0000000c   Code   RO         8384    .text               c_w.l(sys_exit.o)
    0x080006cc   0x080006cc   0x00000002   Code   RO         8403    .text               c_w.l(use_no_semi.o)
    0x080006ce   0x080006ce   0x00000000   Code   RO         8405    .text               c_w.l(indicate_semi.o)
    0x080006ce   0x080006ce   0x00000002   Code   RO          366    i.BusFault_Handler  stm32h7xx_it.o
    0x080006d0   0x080006d0   0x00000002   Code   RO          367    i.DebugMon_Handler  stm32h7xx_it.o
    0x080006d2   0x080006d2   0x00000004   Code   RO           13    i.Error_Handler     main.o
    0x080006d6   0x080006d6   0x00000002   PAD
    0x080006d8   0x080006d8   0x0000001c   Code   RO         6196    i.ExitRun0Mode      system_stm32h7xx.o
    0x080006f4   0x080006f4   0x0000000c   Code   RO          368    i.FDCAN1_IT0_IRQHandler  stm32h7xx_it.o
    0x08000700   0x08000700   0x0000000c   Code   RO          369    i.FDCAN2_IT0_IRQHandler  stm32h7xx_it.o
    0x0800070c   0x0800070c   0x0000000c   Code   RO          370    i.FDCAN3_IT0_IRQHandler  stm32h7xx_it.o
    0x08000718   0x08000718   0x000001c8   Code   RO         4711    i.FDCAN_CalcultateRamBlockAddresses  stm32h7xx_hal_fdcan.o
    0x080008e0   0x080008e0   0x0000007c   Code   RO         4712    i.FDCAN_CopyMessageToRAM  stm32h7xx_hal_fdcan.o
    0x0800095c   0x0800095c   0x00000360   Code   RO         2922    i.HAL_DMA_Abort     stm32h7xx_hal_dma.o
    0x08000cbc   0x08000cbc   0x00000284   Code   RO         2923    i.HAL_DMA_Abort_IT  stm32h7xx_hal_dma.o
    0x08000f40   0x08000f40   0x00000024   Code   RO         3772    i.HAL_Delay         stm32h7xx_hal.o
    0x08000f64   0x08000f64   0x00000060   Code   RO         4715    i.HAL_FDCAN_AddMessageToTxBuffer  stm32h7xx_hal_fdcan.o
    0x08000fc4   0x08000fc4   0x00000002   Code   RO         4717    i.HAL_FDCAN_ClockCalibrationCallback  stm32h7xx_hal_fdcan.o
    0x08000fc6   0x08000fc6   0x00000002   Code   RO         4743    i.HAL_FDCAN_ErrorCallback  stm32h7xx_hal_fdcan.o
    0x08000fc8   0x08000fc8   0x00000002   Code   RO         4744    i.HAL_FDCAN_ErrorStatusCallback  stm32h7xx_hal_fdcan.o
    0x08000fca   0x08000fca   0x00000002   Code   RO         4761    i.HAL_FDCAN_HighPriorityMessageCallback  stm32h7xx_hal_fdcan.o
    0x08000fcc   0x08000fcc   0x00000320   Code   RO         4762    i.HAL_FDCAN_IRQHandler  stm32h7xx_hal_fdcan.o
    0x080012ec   0x080012ec   0x00000244   Code   RO         4763    i.HAL_FDCAN_Init    stm32h7xx_hal_fdcan.o
    0x08001530   0x08001530   0x0000013c   Code   RO          461    i.HAL_FDCAN_MspInit  stm32h7xx_hal_msp.o
    0x0800166c   0x0800166c   0x00000002   Code   RO         4772    i.HAL_FDCAN_RxBufferNewMessageCallback  stm32h7xx_hal_fdcan.o
    0x0800166e   0x0800166e   0x00000002   Code   RO         4773    i.HAL_FDCAN_RxFifo0Callback  stm32h7xx_hal_fdcan.o
    0x08001670   0x08001670   0x00000002   Code   RO         4774    i.HAL_FDCAN_RxFifo1Callback  stm32h7xx_hal_fdcan.o
    0x08001672   0x08001672   0x00000002   Code   RO         4797    i.HAL_FDCAN_TT_GlobalTimeCallback  stm32h7xx_hal_fdcan.o
    0x08001674   0x08001674   0x00000002   Code   RO         4798    i.HAL_FDCAN_TT_ScheduleSyncCallback  stm32h7xx_hal_fdcan.o
    0x08001676   0x08001676   0x00000002   Code   RO         4803    i.HAL_FDCAN_TT_StopWatchCallback  stm32h7xx_hal_fdcan.o
    0x08001678   0x08001678   0x00000002   Code   RO         4804    i.HAL_FDCAN_TT_TimeMarkCallback  stm32h7xx_hal_fdcan.o
    0x0800167a   0x0800167a   0x00000002   Code   RO         4805    i.HAL_FDCAN_TimeoutOccurredCallback  stm32h7xx_hal_fdcan.o
    0x0800167c   0x0800167c   0x00000002   Code   RO         4806    i.HAL_FDCAN_TimestampWraparoundCallback  stm32h7xx_hal_fdcan.o
    0x0800167e   0x0800167e   0x00000002   Code   RO         4807    i.HAL_FDCAN_TxBufferAbortCallback  stm32h7xx_hal_fdcan.o
    0x08001680   0x08001680   0x00000002   Code   RO         4808    i.HAL_FDCAN_TxBufferCompleteCallback  stm32h7xx_hal_fdcan.o
    0x08001682   0x08001682   0x00000002   Code   RO         4809    i.HAL_FDCAN_TxEventFifoCallback  stm32h7xx_hal_fdcan.o
    0x08001684   0x08001684   0x00000002   Code   RO         4810    i.HAL_FDCAN_TxFifoEmptyCallback  stm32h7xx_hal_fdcan.o
    0x08001686   0x08001686   0x00000002   PAD
    0x08001688   0x08001688   0x0000021c   Code   RO         2770    i.HAL_GPIO_Init     stm32h7xx_hal_gpio.o
    0x080018a4   0x080018a4   0x00000010   Code   RO         2773    i.HAL_GPIO_TogglePin  stm32h7xx_hal_gpio.o
    0x080018b4   0x080018b4   0x0000000a   Code   RO         2774    i.HAL_GPIO_WritePin  stm32h7xx_hal_gpio.o
    0x080018be   0x080018be   0x00000002   PAD
    0x080018c0   0x080018c0   0x0000000c   Code   RO         3788    i.HAL_GetTick       stm32h7xx_hal.o
    0x080018cc   0x080018cc   0x00000010   Code   RO         3794    i.HAL_IncTick       stm32h7xx_hal.o
    0x080018dc   0x080018dc   0x0000005c   Code   RO         3795    i.HAL_Init          stm32h7xx_hal.o
    0x08001938   0x08001938   0x00000084   Code   RO          522    i.HAL_InitTick      stm32h7xx_hal_timebase_tim.o
    0x080019bc   0x080019bc   0x0000005c   Code   RO         3613    i.HAL_MPU_ConfigRegion  stm32h7xx_hal_cortex.o
    0x08001a18   0x08001a18   0x0000001c   Code   RO         3614    i.HAL_MPU_Disable   stm32h7xx_hal_cortex.o
    0x08001a34   0x08001a34   0x00000024   Code   RO         3616    i.HAL_MPU_Enable    stm32h7xx_hal_cortex.o
    0x08001a58   0x08001a58   0x00000024   Code   RO          462    i.HAL_MspInit       stm32h7xx_hal_msp.o
    0x08001a7c   0x08001a7c   0x0000001a   Code   RO         3620    i.HAL_NVIC_EnableIRQ  stm32h7xx_hal_cortex.o
    0x08001a96   0x08001a96   0x00000002   PAD
    0x08001a98   0x08001a98   0x00000040   Code   RO         3626    i.HAL_NVIC_SetPriority  stm32h7xx_hal_cortex.o
    0x08001ad8   0x08001ad8   0x00000024   Code   RO         3627    i.HAL_NVIC_SetPriorityGrouping  stm32h7xx_hal_cortex.o
    0x08001afc   0x08001afc   0x00000028   Code   RO         1921    i.HAL_PCDEx_ActivateLPM  stm32h7xx_hal_pcd_ex.o
    0x08001b24   0x08001b24   0x00000002   Code   RO         1926    i.HAL_PCDEx_LPM_Callback  stm32h7xx_hal_pcd_ex.o
    0x08001b26   0x08001b26   0x00000008   Code   RO         1927    i.HAL_PCDEx_SetRxFiFo  stm32h7xx_hal_pcd_ex.o
    0x08001b2e   0x08001b2e   0x00000046   Code   RO         1928    i.HAL_PCDEx_SetTxFiFo  stm32h7xx_hal_pcd_ex.o
    0x08001b74   0x08001b74   0x00000008   Code   RO         7676    i.HAL_PCD_ConnectCallback  usbd_conf.o
    0x08001b7c   0x08001b7c   0x00000012   Code   RO         7677    i.HAL_PCD_DataInStageCallback  usbd_conf.o
    0x08001b8e   0x08001b8e   0x00000014   Code   RO         7678    i.HAL_PCD_DataOutStageCallback  usbd_conf.o
    0x08001ba2   0x08001ba2   0x00000008   Code   RO         7679    i.HAL_PCD_DisconnectCallback  usbd_conf.o
    0x08001baa   0x08001baa   0x0000001e   Code   RO         1697    i.HAL_PCD_EP_Abort  stm32h7xx_hal_pcd.o
    0x08001bc8   0x08001bc8   0x0000004a   Code   RO         1698    i.HAL_PCD_EP_Close  stm32h7xx_hal_pcd.o
    0x08001c12   0x08001c12   0x0000005a   Code   RO         1699    i.HAL_PCD_EP_ClrStall  stm32h7xx_hal_pcd.o
    0x08001c6c   0x08001c6c   0x00000062   Code   RO         1702    i.HAL_PCD_EP_Open   stm32h7xx_hal_pcd.o
    0x08001cce   0x08001cce   0x00000034   Code   RO         1703    i.HAL_PCD_EP_Receive  stm32h7xx_hal_pcd.o
    0x08001d02   0x08001d02   0x00000072   Code   RO         1704    i.HAL_PCD_EP_SetStall  stm32h7xx_hal_pcd.o
    0x08001d74   0x08001d74   0x00000034   Code   RO         1705    i.HAL_PCD_EP_Transmit  stm32h7xx_hal_pcd.o
    0x08001da8   0x08001da8   0x00000594   Code   RO         1707    i.HAL_PCD_IRQHandler  stm32h7xx_hal_pcd.o
    0x0800233c   0x0800233c   0x00000008   Code   RO         7680    i.HAL_PCD_ISOINIncompleteCallback  usbd_conf.o
    0x08002344   0x08002344   0x00000008   Code   RO         7681    i.HAL_PCD_ISOOUTIncompleteCallback  usbd_conf.o
    0x0800234c   0x0800234c   0x000000cc   Code   RO         1710    i.HAL_PCD_Init      stm32h7xx_hal_pcd.o
    0x08002418   0x08002418   0x0000007c   Code   RO         7683    i.HAL_PCD_MspInit   usbd_conf.o
    0x08002494   0x08002494   0x0000002c   Code   RO         7684    i.HAL_PCD_ResetCallback  usbd_conf.o
    0x080024c0   0x080024c0   0x00000008   Code   RO         7685    i.HAL_PCD_ResumeCallback  usbd_conf.o
    0x080024c8   0x080024c8   0x00000008   Code   RO         7686    i.HAL_PCD_SOFCallback  usbd_conf.o
    0x080024d0   0x080024d0   0x00000026   Code   RO         1716    i.HAL_PCD_SetAddress  stm32h7xx_hal_pcd.o
    0x080024f6   0x080024f6   0x0000000e   Code   RO         7687    i.HAL_PCD_SetupStageCallback  usbd_conf.o
    0x08002504   0x08002504   0x00000042   Code   RO         1719    i.HAL_PCD_Start     stm32h7xx_hal_pcd.o
    0x08002546   0x08002546   0x00000002   PAD
    0x08002548   0x08002548   0x00000030   Code   RO         7688    i.HAL_PCD_SuspendCallback  usbd_conf.o
    0x08002578   0x08002578   0x00000054   Code   RO         3371    i.HAL_PWREx_ConfigSupply  stm32h7xx_hal_pwr_ex.o
    0x080025cc   0x080025cc   0x00000010   Code   RO         3388    i.HAL_PWREx_EnableUSBVoltageDetector  stm32h7xx_hal_pwr_ex.o
    0x080025dc   0x080025dc   0x00000024   Code   RO         2413    i.HAL_RCCEx_GetD3PCLK1Freq  stm32h7xx_hal_rcc_ex.o
    0x08002600   0x08002600   0x00000144   Code   RO         2415    i.HAL_RCCEx_GetPLL2ClockFreq  stm32h7xx_hal_rcc_ex.o
    0x08002744   0x08002744   0x00000144   Code   RO         2416    i.HAL_RCCEx_GetPLL3ClockFreq  stm32h7xx_hal_rcc_ex.o
    0x08002888   0x08002888   0x0000093a   Code   RO         2422    i.HAL_RCCEx_PeriphCLKConfig  stm32h7xx_hal_rcc_ex.o
    0x080031c2   0x080031c2   0x00000002   PAD
    0x080031c4   0x080031c4   0x0000025c   Code   RO         2298    i.HAL_RCC_ClockConfig  stm32h7xx_hal_rcc.o
    0x08003420   0x08003420   0x0000005c   Code   RO         2302    i.HAL_RCC_GetClockConfig  stm32h7xx_hal_rcc.o
    0x0800347c   0x0800347c   0x00000044   Code   RO         2303    i.HAL_RCC_GetHCLKFreq  stm32h7xx_hal_rcc.o
    0x080034c0   0x080034c0   0x00000024   Code   RO         2305    i.HAL_RCC_GetPCLK1Freq  stm32h7xx_hal_rcc.o
    0x080034e4   0x080034e4   0x00000024   Code   RO         2306    i.HAL_RCC_GetPCLK2Freq  stm32h7xx_hal_rcc.o
    0x08003508   0x08003508   0x00000138   Code   RO         2307    i.HAL_RCC_GetSysClockFreq  stm32h7xx_hal_rcc.o
    0x08003640   0x08003640   0x00000526   Code   RO         2310    i.HAL_RCC_OscConfig  stm32h7xx_hal_rcc.o
    0x08003b66   0x08003b66   0x00000002   PAD
    0x08003b68   0x08003b68   0x0000017c   Code   RO         5340    i.HAL_SPI_Init      stm32h7xx_hal_spi.o
    0x08003ce4   0x08003ce4   0x0000010c   Code   RO          464    i.HAL_SPI_MspInit   stm32h7xx_hal_msp.o
    0x08003df0   0x08003df0   0x00000002   Code   RO         1385    i.HAL_TIMEx_Break2Callback  stm32h7xx_hal_tim_ex.o
    0x08003df2   0x08003df2   0x00000002   Code   RO         1386    i.HAL_TIMEx_BreakCallback  stm32h7xx_hal_tim_ex.o
    0x08003df4   0x08003df4   0x00000002   Code   RO         1387    i.HAL_TIMEx_CommutCallback  stm32h7xx_hal_tim_ex.o
    0x08003df6   0x08003df6   0x00000062   Code   RO          671    i.HAL_TIM_Base_Init  stm32h7xx_hal_tim.o
    0x08003e58   0x08003e58   0x00000002   Code   RO          673    i.HAL_TIM_Base_MspInit  stm32h7xx_hal_tim.o
    0x08003e5a   0x08003e5a   0x00000002   PAD
    0x08003e5c   0x08003e5c   0x000000a0   Code   RO          676    i.HAL_TIM_Base_Start_IT  stm32h7xx_hal_tim.o
    0x08003efc   0x08003efc   0x00000002   Code   RO          705    i.HAL_TIM_IC_CaptureCallback  stm32h7xx_hal_tim.o
    0x08003efe   0x08003efe   0x00000148   Code   RO          719    i.HAL_TIM_IRQHandler  stm32h7xx_hal_tim.o
    0x08004046   0x08004046   0x00000002   Code   RO          722    i.HAL_TIM_OC_DelayElapsedCallback  stm32h7xx_hal_tim.o
    0x08004048   0x08004048   0x00000002   Code   RO          749    i.HAL_TIM_PWM_PulseFinishedCallback  stm32h7xx_hal_tim.o
    0x0800404a   0x0800404a   0x00000002   PAD
    0x0800404c   0x0800404c   0x00000014   Code   RO           14    i.HAL_TIM_PeriodElapsedCallback  main.o
    0x08004060   0x08004060   0x00000002   Code   RO          762    i.HAL_TIM_TriggerCallback  stm32h7xx_hal_tim.o
    0x08004062   0x08004062   0x00000040   Code   RO         6078    i.HAL_UARTEx_DisableFifoMode  stm32h7xx_hal_uart_ex.o
    0x080040a2   0x080040a2   0x00000002   Code   RO         5667    i.HAL_UARTEx_RxEventCallback  stm32h7xx_hal_uart.o
    0x080040a4   0x080040a4   0x00000002   Code   RO         6086    i.HAL_UARTEx_RxFifoFullCallback  stm32h7xx_hal_uart_ex.o
    0x080040a6   0x080040a6   0x0000004c   Code   RO         6087    i.HAL_UARTEx_SetRxFifoThreshold  stm32h7xx_hal_uart_ex.o
    0x080040f2   0x080040f2   0x0000004c   Code   RO         6088    i.HAL_UARTEx_SetTxFifoThreshold  stm32h7xx_hal_uart_ex.o
    0x0800413e   0x0800413e   0x00000002   Code   RO         6090    i.HAL_UARTEx_TxFifoEmptyCallback  stm32h7xx_hal_uart_ex.o
    0x08004140   0x08004140   0x00000002   Code   RO         6091    i.HAL_UARTEx_WakeupCallback  stm32h7xx_hal_uart_ex.o
    0x08004142   0x08004142   0x00000002   Code   RO         5683    i.HAL_UART_ErrorCallback  stm32h7xx_hal_uart.o
    0x08004144   0x08004144   0x0000039c   Code   RO         5686    i.HAL_UART_IRQHandler  stm32h7xx_hal_uart.o
    0x080044e0   0x080044e0   0x0000006a   Code   RO         5687    i.HAL_UART_Init     stm32h7xx_hal_uart.o
    0x0800454a   0x0800454a   0x00000002   PAD
    0x0800454c   0x0800454c   0x00000098   Code   RO          466    i.HAL_UART_MspInit  stm32h7xx_hal_msp.o
    0x080045e4   0x080045e4   0x00000002   Code   RO         5699    i.HAL_UART_TxCpltCallback  stm32h7xx_hal_uart.o
    0x080045e6   0x080045e6   0x00000002   Code   RO          371    i.HardFault_Handler  stm32h7xx_it.o
    0x080045e8   0x080045e8   0x00000038   Code   RO         7584    i.IntToUnicode      usbd_desc.o
    0x08004620   0x08004620   0x00000060   Code   RO           15    i.MX_FDCAN1_Init    main.o
    0x08004680   0x08004680   0x00000060   Code   RO           16    i.MX_FDCAN2_Init    main.o
    0x080046e0   0x080046e0   0x00000060   Code   RO           17    i.MX_FDCAN3_Init    main.o
    0x08004740   0x08004740   0x0000009c   Code   RO           18    i.MX_GPIO_Init      main.o
    0x080047dc   0x080047dc   0x00000054   Code   RO           19    i.MX_SPI1_Init      main.o
    0x08004830   0x08004830   0x00000054   Code   RO           20    i.MX_SPI4_Init      main.o
    0x08004884   0x08004884   0x00000064   Code   RO           21    i.MX_USART1_UART_Init  main.o
    0x080048e8   0x080048e8   0x00000040   Code   RO         7536    i.MX_USB_DEVICE_Init  usb_device.o
    0x08004928   0x08004928   0x00000002   Code   RO          372    i.MemManage_Handler  stm32h7xx_it.o
    0x0800492a   0x0800492a   0x00000002   Code   RO          373    i.NMI_Handler       stm32h7xx_it.o
    0x0800492c   0x0800492c   0x0000000c   Code   RO          374    i.OTG_HS_IRQHandler  stm32h7xx_it.o
    0x08004938   0x08004938   0x000000cc   Code   RO         1722    i.PCD_EP_OutXfrComplete_int  stm32h7xx_hal_pcd.o
    0x08004a04   0x08004a04   0x000000a2   Code   RO         1723    i.PCD_WriteEmptyTxFifo  stm32h7xx_hal_pcd.o
    0x08004aa6   0x08004aa6   0x00000044   Code   RO           22    i.PeriphCommonClock_Config  main.o
    0x08004aea   0x08004aea   0x00000002   PAD
    0x08004aec   0x08004aec   0x00000120   Code   RO         2425    i.RCCEx_PLL2_Config  stm32h7xx_hal_rcc_ex.o
    0x08004c0c   0x08004c0c   0x00000120   Code   RO         2426    i.RCCEx_PLL3_Config  stm32h7xx_hal_rcc_ex.o
    0x08004d2c   0x08004d2c   0x0000000a   Code   RO         8050    i.SWAPBYTE          usbd_ctlreq.o
    0x08004d36   0x08004d36   0x0000000c   Code   RO           23    i.StartDefaultTask  main.o
    0x08004d42   0x08004d42   0x00000002   PAD
    0x08004d44   0x08004d44   0x0000002c   Code   RO         7457    i.SysTick_Handler   port.o
    0x08004d70   0x08004d70   0x00000098   Code   RO           24    i.SystemClock_Config  main.o
    0x08004e08   0x08004e08   0x000000d8   Code   RO         6198    i.SystemInit        system_stm32h7xx.o
    0x08004ee0   0x08004ee0   0x0000000c   Code   RO          375    i.TIM23_IRQHandler  stm32h7xx_it.o
    0x08004eec   0x08004eec   0x000000e0   Code   RO          764    i.TIM_Base_SetConfig  stm32h7xx_hal_tim.o
    0x08004fcc   0x08004fcc   0x00000044   Code   RO         6092    i.UARTEx_SetNbDataToProcess  stm32h7xx_hal_uart_ex.o
    0x08005010   0x08005010   0x000000c8   Code   RO         5701    i.UART_AdvFeatureConfig  stm32h7xx_hal_uart.o
    0x080050d8   0x080050d8   0x000000aa   Code   RO         5702    i.UART_CheckIdleState  stm32h7xx_hal_uart.o
    0x08005182   0x08005182   0x00000010   Code   RO         5703    i.UART_DMAAbortOnError  stm32h7xx_hal_uart.o
    0x08005192   0x08005192   0x00000002   PAD
    0x08005194   0x08005194   0x00000054   Code   RO         5713    i.UART_EndRxTransfer  stm32h7xx_hal_uart.o
    0x080051e8   0x080051e8   0x000003dc   Code   RO         5719    i.UART_SetConfig    stm32h7xx_hal_uart.o
    0x080055c4   0x080055c4   0x00000094   Code   RO         5726    i.UART_WaitOnFlagUntilTimeout  stm32h7xx_hal_uart.o
    0x08005658   0x08005658   0x0000000c   Code   RO          376    i.USART1_IRQHandler  stm32h7xx_it.o
    0x08005664   0x08005664   0x00000014   Code   RO         7887    i.USBD_ClrClassConfig  usbd_core.o
    0x08005678   0x08005678   0x00000004   Code   RO         7888    i.USBD_CoreFindEP   usbd_core.o
    0x0800567c   0x0800567c   0x00000004   Code   RO         7889    i.USBD_CoreFindIF   usbd_core.o
    0x08005680   0x08005680   0x00000010   Code   RO         8132    i.USBD_CtlContinueRx  usbd_ioreq.o
    0x08005690   0x08005690   0x00000010   Code   RO         8133    i.USBD_CtlContinueSendData  usbd_ioreq.o
    0x080056a0   0x080056a0   0x00000016   Code   RO         8051    i.USBD_CtlError     usbd_ctlreq.o
    0x080056b6   0x080056b6   0x00000016   Code   RO         8135    i.USBD_CtlReceiveStatus  usbd_ioreq.o
    0x080056cc   0x080056cc   0x0000001a   Code   RO         8136    i.USBD_CtlSendData  usbd_ioreq.o
    0x080056e6   0x080056e6   0x00000016   Code   RO         8137    i.USBD_CtlSendStatus  usbd_ioreq.o
    0x080056fc   0x080056fc   0x000000fa   Code   RO         8052    i.USBD_GetDescriptor  usbd_ctlreq.o
    0x080057f6   0x080057f6   0x0000003a   Code   RO         7891    i.USBD_GetEpDesc    usbd_core.o
    0x08005830   0x08005830   0x00000014   Code   RO         8053    i.USBD_GetLen       usbd_ctlreq.o
    0x08005844   0x08005844   0x0000000e   Code   RO         7892    i.USBD_GetNextDesc  usbd_core.o
    0x08005852   0x08005852   0x0000004e   Code   RO         8054    i.USBD_GetString    usbd_ctlreq.o
    0x080058a0   0x080058a0   0x00000018   Code   RO         7689    i.USBD_Get_USB_Status  usbd_conf.o
    0x080058b8   0x080058b8   0x00000014   Code   RO         8196    i.USBD_HID_DataIn   usbd_hid.o
    0x080058cc   0x080058cc   0x00000048   Code   RO         8197    i.USBD_HID_DeInit   usbd_hid.o
    0x08005914   0x08005914   0x0000000c   Code   RO         8198    i.USBD_HID_GetDeviceQualifierDesc  usbd_hid.o
    0x08005920   0x08005920   0x00000020   Code   RO         8199    i.USBD_HID_GetFSCfgDesc  usbd_hid.o
    0x08005940   0x08005940   0x00000020   Code   RO         8200    i.USBD_HID_GetHSCfgDesc  usbd_hid.o
    0x08005960   0x08005960   0x00000020   Code   RO         8201    i.USBD_HID_GetOtherSpeedCfgDesc  usbd_hid.o
    0x08005980   0x08005980   0x00000078   Code   RO         8203    i.USBD_HID_Init     usbd_hid.o
    0x080059f8   0x080059f8   0x000000e0   Code   RO         8205    i.USBD_HID_Setup    usbd_hid.o
    0x08005ad8   0x08005ad8   0x00000020   Code   RO         7585    i.USBD_HS_ConfigStrDescriptor  usbd_desc.o
    0x08005af8   0x08005af8   0x0000000c   Code   RO         7586    i.USBD_HS_DeviceDescriptor  usbd_desc.o
    0x08005b04   0x08005b04   0x00000024   Code   RO         7587    i.USBD_HS_InterfaceStrDescriptor  usbd_desc.o
    0x08005b28   0x08005b28   0x0000000c   Code   RO         7588    i.USBD_HS_LangIDStrDescriptor  usbd_desc.o
    0x08005b34   0x08005b34   0x00000028   Code   RO         7589    i.USBD_HS_ManufacturerStrDescriptor  usbd_desc.o
    0x08005b5c   0x08005b5c   0x0000002c   Code   RO         7590    i.USBD_HS_ProductStrDescriptor  usbd_desc.o
    0x08005b88   0x08005b88   0x0000003c   Code   RO         7591    i.USBD_HS_SerialStrDescriptor  usbd_desc.o
    0x08005bc4   0x08005bc4   0x00000026   Code   RO         7893    i.USBD_Init         usbd_core.o
    0x08005bea   0x08005bea   0x00000012   Code   RO         7690    i.USBD_LL_ClearStallEP  usbd_conf.o
    0x08005bfc   0x08005bfc   0x00000012   Code   RO         7691    i.USBD_LL_CloseEP   usbd_conf.o
    0x08005c0e   0x08005c0e   0x000000b8   Code   RO         7894    i.USBD_LL_DataInStage  usbd_core.o
    0x08005cc6   0x08005cc6   0x00000090   Code   RO         7895    i.USBD_LL_DataOutStage  usbd_core.o
    0x08005d56   0x08005d56   0x00000004   Code   RO         7896    i.USBD_LL_DevConnected  usbd_core.o
    0x08005d5a   0x08005d5a   0x00000020   Code   RO         7897    i.USBD_LL_DevDisconnected  usbd_core.o
    0x08005d7a   0x08005d7a   0x00000002   PAD
    0x08005d7c   0x08005d7c   0x00000068   Code   RO         7696    i.USBD_LL_Init      usbd_conf.o
    0x08005de4   0x08005de4   0x0000001e   Code   RO         7697    i.USBD_LL_IsStallEP  usbd_conf.o
    0x08005e02   0x08005e02   0x00000028   Code   RO         7898    i.USBD_LL_IsoINIncomplete  usbd_core.o
    0x08005e2a   0x08005e2a   0x00000028   Code   RO         7899    i.USBD_LL_IsoOUTIncomplete  usbd_core.o
    0x08005e52   0x08005e52   0x00000018   Code   RO         7698    i.USBD_LL_OpenEP    usbd_conf.o
    0x08005e6a   0x08005e6a   0x00000012   Code   RO         7699    i.USBD_LL_PrepareReceive  usbd_conf.o
    0x08005e7c   0x08005e7c   0x0000005e   Code   RO         7900    i.USBD_LL_Reset     usbd_core.o
    0x08005eda   0x08005eda   0x00000014   Code   RO         7901    i.USBD_LL_Resume    usbd_core.o
    0x08005eee   0x08005eee   0x0000001a   Code   RO         7902    i.USBD_LL_SOF       usbd_core.o
    0x08005f08   0x08005f08   0x00000006   Code   RO         7903    i.USBD_LL_SetSpeed  usbd_core.o
    0x08005f0e   0x08005f0e   0x00000012   Code   RO         7700    i.USBD_LL_SetUSBAddress  usbd_conf.o
    0x08005f20   0x08005f20   0x00000060   Code   RO         7904    i.USBD_LL_SetupStage  usbd_core.o
    0x08005f80   0x08005f80   0x00000012   Code   RO         7701    i.USBD_LL_StallEP   usbd_conf.o
    0x08005f92   0x08005f92   0x00000012   Code   RO         7702    i.USBD_LL_Start     usbd_conf.o
    0x08005fa4   0x08005fa4   0x0000001a   Code   RO         7905    i.USBD_LL_Suspend   usbd_core.o
    0x08005fbe   0x08005fbe   0x00000012   Code   RO         7704    i.USBD_LL_Transmit  usbd_conf.o
    0x08005fd0   0x08005fd0   0x0000002a   Code   RO         8055    i.USBD_ParseSetupRequest  usbd_ctlreq.o
    0x08005ffa   0x08005ffa   0x0000003a   Code   RO         7906    i.USBD_RegisterClass  usbd_core.o
    0x08006034   0x08006034   0x00000014   Code   RO         7908    i.USBD_SetClassConfig  usbd_core.o
    0x08006048   0x08006048   0x000000bc   Code   RO         8056    i.USBD_SetConfig    usbd_ctlreq.o
    0x08006104   0x08006104   0x00000004   Code   RO         7909    i.USBD_Start        usbd_core.o
    0x08006108   0x08006108   0x0000012e   Code   RO         8057    i.USBD_StdDevReq    usbd_ctlreq.o
    0x08006236   0x08006236   0x00000164   Code   RO         8058    i.USBD_StdEPReq     usbd_ctlreq.o
    0x0800639a   0x0800639a   0x00000074   Code   RO         8059    i.USBD_StdItfReq    usbd_ctlreq.o
    0x0800640e   0x0800640e   0x00000002   Code   RO         7705    i.USBD_static_free  usbd_conf.o
    0x08006410   0x08006410   0x00000008   Code   RO         7706    i.USBD_static_malloc  usbd_conf.o
    0x08006418   0x08006418   0x00000080   Code   RO         1993    i.USB_ActivateEndpoint  stm32h7xx_ll_usb.o
    0x08006498   0x08006498   0x0000001c   Code   RO         1995    i.USB_ActivateSetup  stm32h7xx_ll_usb.o
    0x080064b4   0x080064b4   0x00000098   Code   RO         1997    i.USB_CoreInit      stm32h7xx_ll_usb.o
    0x0800654c   0x0800654c   0x0000003c   Code   RO         1998    i.USB_CoreReset     stm32h7xx_ll_usb.o
    0x08006588   0x08006588   0x000000cc   Code   RO         2001    i.USB_DeactivateEndpoint  stm32h7xx_ll_usb.o
    0x08006654   0x08006654   0x0000001c   Code   RO         2002    i.USB_DevConnect    stm32h7xx_ll_usb.o
    0x08006670   0x08006670   0x0000001c   Code   RO         2003    i.USB_DevDisconnect  stm32h7xx_ll_usb.o
    0x0800668c   0x0800668c   0x0000016c   Code   RO         2004    i.USB_DevInit       stm32h7xx_ll_usb.o
    0x080067f8   0x080067f8   0x0000000c   Code   RO         2005    i.USB_DisableGlobalInt  stm32h7xx_ll_usb.o
    0x08006804   0x08006804   0x00000058   Code   RO         2008    i.USB_EP0_OutStart  stm32h7xx_ll_usb.o
    0x0800685c   0x0800685c   0x00000058   Code   RO         2009    i.USB_EPClearStall  stm32h7xx_ll_usb.o
    0x080068b4   0x080068b4   0x00000058   Code   RO         2010    i.USB_EPSetStall    stm32h7xx_ll_usb.o
    0x0800690c   0x0800690c   0x00000240   Code   RO         2011    i.USB_EPStartXfer   stm32h7xx_ll_usb.o
    0x08006b4c   0x08006b4c   0x0000009e   Code   RO         2012    i.USB_EPStopXfer    stm32h7xx_ll_usb.o
    0x08006bea   0x08006bea   0x0000000c   Code   RO         2013    i.USB_EnableGlobalInt  stm32h7xx_ll_usb.o
    0x08006bf6   0x08006bf6   0x00000038   Code   RO         2014    i.USB_FlushRxFifo   stm32h7xx_ll_usb.o
    0x08006c2e   0x08006c2e   0x0000003c   Code   RO         2015    i.USB_FlushTxFifo   stm32h7xx_ll_usb.o
    0x08006c6a   0x08006c6a   0x0000001a   Code   RO         2017    i.USB_GetDevSpeed   stm32h7xx_ll_usb.o
    0x08006c84   0x08006c84   0x00000008   Code   RO         2019    i.USB_GetMode       stm32h7xx_ll_usb.o
    0x08006c8c   0x08006c8c   0x0000000e   Code   RO         2027    i.USB_ReadDevAllInEpInterrupt  stm32h7xx_ll_usb.o
    0x08006c9a   0x08006c9a   0x0000000e   Code   RO         2028    i.USB_ReadDevAllOutEpInterrupt  stm32h7xx_ll_usb.o
    0x08006ca8   0x08006ca8   0x00000024   Code   RO         2029    i.USB_ReadDevInEPInterrupt  stm32h7xx_ll_usb.o
    0x08006ccc   0x08006ccc   0x00000010   Code   RO         2030    i.USB_ReadDevOutEPInterrupt  stm32h7xx_ll_usb.o
    0x08006cdc   0x08006cdc   0x00000008   Code   RO         2031    i.USB_ReadInterrupts  stm32h7xx_ll_usb.o
    0x08006ce4   0x08006ce4   0x00000040   Code   RO         2032    i.USB_ReadPacket    stm32h7xx_ll_usb.o
    0x08006d24   0x08006d24   0x0000005e   Code   RO         2034    i.USB_SetCurrentMode  stm32h7xx_ll_usb.o
    0x08006d82   0x08006d82   0x00000022   Code   RO         2035    i.USB_SetDevAddress  stm32h7xx_ll_usb.o
    0x08006da4   0x08006da4   0x000000e8   Code   RO         2037    i.USB_SetTurnaroundTime  stm32h7xx_ll_usb.o
    0x08006e8c   0x08006e8c   0x00000028   Code   RO         2040    i.USB_WritePacket   stm32h7xx_ll_usb.o
    0x08006eb4   0x08006eb4   0x00000002   Code   RO          377    i.UsageFault_Handler  stm32h7xx_it.o
    0x08006eb6   0x08006eb6   0x00000022   Code   RO         3633    i.__NVIC_SetPriority  stm32h7xx_hal_cortex.o
    0x08006ed8   0x08006ed8   0x00000108   Code   RO           25    i.main              main.o
    0x08006fe0   0x08006fe0   0x0000000e   Code   RO         7022    i.makeFreeRtosPriority  cmsis_os.o
    0x08006fee   0x08006fee   0x0000000e   Code   RO         7024    i.osDelay           cmsis_os.o
    0x08006ffc   0x08006ffc   0x0000000a   Code   RO         7027    i.osKernelStart     cmsis_os.o
    0x08007006   0x08007006   0x00000054   Code   RO         7061    i.osThreadCreate    cmsis_os.o
    0x0800705a   0x0800705a   0x00000002   PAD
    0x0800705c   0x0800705c   0x00000070   Code   RO         6704    i.prvAddCurrentTaskToDelayedList  tasks.o
    0x080070cc   0x080070cc   0x000000d0   Code   RO         6705    i.prvAddNewTaskToReadyList  tasks.o
    0x0800719c   0x0800719c   0x00000034   Code   RO         6706    i.prvDeleteTCB      tasks.o
    0x080071d0   0x080071d0   0x00000050   Code   RO         7389    i.prvHeapInit       heap_4.o
    0x08007220   0x08007220   0x00000060   Code   RO         6707    i.prvIdleTask       tasks.o
    0x08007280   0x08007280   0x0000009a   Code   RO         6708    i.prvInitialiseNewTask  tasks.o
    0x0800731a   0x0800731a   0x00000002   PAD
    0x0800731c   0x0800731c   0x0000004c   Code   RO         7390    i.prvInsertBlockIntoFreeList  heap_4.o
    0x08007368   0x08007368   0x00000020   Code   RO         6709    i.prvResetNextTaskUnblockTime  tasks.o
    0x08007388   0x08007388   0x00000028   Code   RO         7458    i.prvTaskExitError  port.o
    0x080073b0   0x080073b0   0x000000dc   Code   RO         7391    i.pvPortMalloc      heap_4.o
    0x0800748c   0x0800748c   0x00000030   Code   RO         7459    i.pxPortInitialiseStack  port.o
    0x080074bc   0x080074bc   0x00000034   Code   RO           26    i.taskFDCAN1        main.o
    0x080074f0   0x080074f0   0x00000034   Code   RO           27    i.taskFDCAN2        main.o
    0x08007524   0x08007524   0x00000034   Code   RO           28    i.taskFDCAN3        main.o
    0x08007558   0x08007558   0x0000001c   Code   RO           29    i.taskHeartBeat     main.o
    0x08007574   0x08007574   0x00000008   Code   RO           30    i.taskUART1         main.o
    0x0800757c   0x0800757c   0x00000026   Code   RO         6340    i.uxListRemove      list.o
    0x080075a2   0x080075a2   0x00000002   PAD
    0x080075a4   0x080075a4   0x00000018   Code   RO          332    i.vApplicationGetIdleTaskMemory  freertos.o
    0x080075bc   0x080075bc   0x00000016   Code   RO         6341    i.vListInitialise   list.o
    0x080075d2   0x080075d2   0x00000006   Code   RO         6342    i.vListInitialiseItem  list.o
    0x080075d8   0x080075d8   0x00000030   Code   RO         6343    i.vListInsert       list.o
    0x08007608   0x08007608   0x00000018   Code   RO         6344    i.vListInsertEnd    list.o
    0x08007620   0x08007620   0x00000040   Code   RO         7461    i.vPortEnterCritical  port.o
    0x08007660   0x08007660   0x00000028   Code   RO         7462    i.vPortExitCritical  port.o
    0x08007688   0x08007688   0x00000064   Code   RO         7392    i.vPortFree         heap_4.o
    0x080076ec   0x080076ec   0x00000024   Code   RO         7463    i.vPortSetupTimerInterrupt  port.o
    0x08007710   0x08007710   0x0000004c   Code   RO         6718    i.vTaskDelay        tasks.o
    0x0800775c   0x0800775c   0x0000006c   Code   RO         6731    i.vTaskStartScheduler  tasks.o
    0x080077c8   0x080077c8   0x00000010   Code   RO         6733    i.vTaskSuspendAll   tasks.o
    0x080077d8   0x080077d8   0x0000005c   Code   RO         6734    i.vTaskSwitchContext  tasks.o
    0x08007834   0x08007834   0x000000f4   Code   RO         7465    i.xPortStartScheduler  port.o
    0x08007928   0x08007928   0x0000005a   Code   RO         6737    i.xTaskCreate       tasks.o
    0x08007982   0x08007982   0x00000056   Code   RO         6738    i.xTaskCreateStatic  tasks.o
    0x080079d8   0x080079d8   0x000000cc   Code   RO         6745    i.xTaskIncrementTick  tasks.o
    0x08007aa4   0x08007aa4   0x000000c4   Code   RO         6751    i.xTaskResumeAll    tasks.o
    0x08007b68   0x08007b68   0x0000000a   Code   RO         8399    x$fpl$fpinit        fz_wv.l(fpinit.o)
    0x08007b72   0x08007b72   0x00000002   PAD
    0x08007b74   0x08007b74   0x000000a8   Data   RO           32    .constdata          main.o
    0x08007c1c   0x08007c1c   0x0000005c   Data   RO         4811    .constdata          stm32h7xx_hal_fdcan.o
    0x08007c78   0x08007c78   0x00000018   Data   RO         5727    .constdata          stm32h7xx_hal_uart.o
    0x08007c90   0x08007c90   0x00000010   Data   RO         6093    .constdata          stm32h7xx_hal_uart_ex.o
    0x08007ca0   0x08007ca0   0x00000010   Data   RO         6199    .constdata          system_stm32h7xx.o
    0x08007cb0   0x08007cb0   0x00000036   Data   RO           33    .conststring        main.o
    0x08007ce6   0x08007ce6   0x00000002   PAD
    0x08007ce8   0x08007ce8   0x00000030   Data   RO         8457    Region$$Table       anon$$obj.o


    Execution Region RW_IRAM1 (Exec base: 0x20000000, Load base: 0x08007d18, Size: 0x00003c00, Max: 0x00020000, ABSOLUTE)

    Exec Addr    Load Addr    Size         Type   Attr      Idx    E Section Name        Object

    0x20000000        -       0x00003c00   Zero   RW         7397    .bss                heap_4.o


    Execution Region RW_IRAM2 (Exec base: 0x24000000, Load base: 0x08007d18, Size: 0x00001908, Max: 0x00020000, ABSOLUTE, COMPRESSED[0x000000e8])

    Exec Addr    Load Addr    Size         Type   Attr      Idx    E Section Name        Object

    0x24000000   COMPRESSED   0x00000018   Data   RW           34    .data               main.o
    0x24000018   COMPRESSED   0x00000004   Data   RW          467    .data               stm32h7xx_hal_msp.o
    0x2400001c   COMPRESSED   0x0000000c   Data   RW         3819    .data               stm32h7xx_hal.o
    0x24000028   COMPRESSED   0x00000008   Data   RW         6200    .data               system_stm32h7xx.o
    0x24000030   COMPRESSED   0x0000003c   Data   RW         6754    .data               tasks.o
    0x2400006c   COMPRESSED   0x00000020   Data   RW         7398    .data               heap_4.o
    0x2400008c   COMPRESSED   0x0000000c   Data   RW         7466    .data               port.o
    0x24000098   COMPRESSED   0x00000020   Data   RW         7594    .data               usbd_desc.o
    0x240000b8   COMPRESSED   0x0000003e   Data   RW         7595    .data               usbd_desc.o
    0x240000f6   COMPRESSED   0x00000001   Data   RW         8060    .data               usbd_ctlreq.o
    0x240000f7   COMPRESSED   0x00000001   PAD
    0x240000f8   COMPRESSED   0x00000038   Data   RW         8206    .data               usbd_hid.o
    0x24000130   COMPRESSED   0x0000008a   Data   RW         8207    .data               usbd_hid.o
    0x240001ba   COMPRESSED   0x00000002   PAD
    0x240001bc        -       0x00000384   Zero   RW           31    .bss                main.o
    0x24000540        -       0x00000254   Zero   RW          333    .bss                freertos.o
    0x24000794        -       0x0000004c   Zero   RW          525    .bss                stm32h7xx_hal_timebase_tim.o
    0x240007e0        -       0x000000f0   Zero   RW         6753    .bss                tasks.o
    0x240008d0        -       0x000002dc   Zero   RW         7537    .bss                usb_device.o
    0x24000bac        -       0x00000200   Zero   RW         7593    .bss                usbd_desc.o
    0x24000dac        -       0x000004f8   Zero   RW         7707    .bss                usbd_conf.o
    0x240012a4        -       0x00000060   Zero   RW         8329    .bss                c_w.l(libspace.o)
    0x24001304   COMPRESSED   0x00000004   PAD
    0x24001308        -       0x00000200   Zero   RW            2    HEAP                startup_stm32h723xx.o
    0x24001508        -       0x00000400   Zero   RW            1    STACK               startup_stm32h723xx.o


==============================================================================

Image component sizes


      Code (inc. data)   RO Data    RW Data    ZI Data      Debug   Object Name

       122          0          0          0          0      23425   cmsis_os.o
         0          0          0          0          0      16876   event_groups.o
        24          6          0          0        596       1388   freertos.o
       476         24          0         32      15360       7551   heap_4.o
       138          0          0          0          0       3690   list.o
      1424        128        222         24        900    1304439   main.o
       706         74          0         12          0      11124   port.o
        72         30        716          0       1536        848   startup_stm32h723xx.o
       156         32          0         12          0      23058   stm32h7xx_hal.o
       316         28          0          0          0      41116   stm32h7xx_hal_cortex.o
      1508         70          0          0          0       4019   stm32h7xx_hal_dma.o
      2090         36         92          0          0      18245   stm32h7xx_hal_fdcan.o
       566         44          0          0          0       2973   stm32h7xx_hal_gpio.o
       772         70          0          4          0       3951   stm32h7xx_hal_msp.o
      2612         16          0          0          0      13204   stm32h7xx_hal_pcd.o
       120          6          0          0          0       3307   stm32h7xx_hal_pcd_ex.o
       100         10          0          0          0       1358   stm32h7xx_hal_pwr_ex.o
      2466        110          0          0          0       7865   stm32h7xx_hal_rcc.o
      3622        112          0          0          0       7833   stm32h7xx_hal_rcc_ex.o
       380         14          0          0          0       1719   stm32h7xx_hal_spi.o
       820         84          0          0          0       7704   stm32h7xx_hal_tim.o
         6          0          0          0          0       2360   stm32h7xx_hal_tim_ex.o
       132         22          0          0         76       1588   stm32h7xx_hal_timebase_tim.o
      2642        148         24          0          0      30036   stm32h7xx_hal_uart.o
       290          6         16          0          0       5530   stm32h7xx_hal_uart_ex.o
        84         36          0          0          0       5624   stm32h7xx_it.o
      2716        116          0          0          0      23456   stm32h7xx_ll_usb.o
         0          0          0          0          0        412   stream_buffer.o
       244         38         16          8          0       2017   system_stm32h7xx.o
      1522        110          0         60        240      19686   tasks.o
        64         12          0          0        732        792   usb_device.o
       634         24          0          0       1272      16372   usbd_conf.o
       932          0          0          0          0      15607   usbd_core.o
      1384         22          0          1          0      15656   usbd_ctlreq.o
       292        106          0         94        512       6421   usbd_desc.o
       544         36          0        194          0       7987   usbd_hid.o
       102          0          0          0          0       3960   usbd_ioreq.o

    ----------------------------------------------------------------------
     30114       1570       1136        444      21224    1663197   Object Totals
         0          0         48          0          0          0   (incl. Generated)
        36          0          2          3          0          0   (incl. Padding)

    ----------------------------------------------------------------------

      Code (inc. data)   RO Data    RW Data    ZI Data      Debug   Library Member Name

        90          0          0          0          0          0   __dczerorl2.o
         8          0          0          0          0         68   __main.o
         0          0          0          0          0          0   __rtentry.o
        12          0          0          0          0          0   __rtentry2.o
         6          0          0          0          0          0   __rtentry4.o
        52          8          0          0          0          0   __scatter.o
        28          0          0          0          0          0   __scatter_zi.o
        18          0          0          0          0         80   exit.o
         6          0          0          0          0        152   heapauxi.o
         0          0          0          0          0          0   indicate_semi.o
         2          0          0          0          0          0   libinit.o
         6          0          0          0          0          0   libinit2.o
         2          0          0          0          0          0   libshutdown.o
         2          0          0          0          0          0   libshutdown2.o
         8          4          0          0         96         68   libspace.o
       238          0          0          0          0        100   lludivv7m.o
        78          0          0          0          0         80   rt_memclr_w.o
       100          0          0          0          0         80   rt_memcpy_w.o
         2          0          0          0          0          0   rtexit.o
        10          0          0          0          0          0   rtexit2.o
        12          4          0          0          0         68   sys_exit.o
        74          0          0          0          0         80   sys_stackheap_outer.o
         2          0          0          0          0         68   use_no_semi.o
        10          0          0          0          0        116   fpinit.o

    ----------------------------------------------------------------------
       774         16          0          0        100        960   Library Totals
         8          0          0          0          4          0   (incl. Padding)

    ----------------------------------------------------------------------

      Code (inc. data)   RO Data    RW Data    ZI Data      Debug   Library Name

       756         16          0          0         96        844   c_w.l
        10          0          0          0          0        116   fz_wv.l

    ----------------------------------------------------------------------
       774         16          0          0        100        960   Library Totals

    ----------------------------------------------------------------------

==============================================================================


      Code (inc. data)   RO Data    RW Data    ZI Data      Debug   

     30888       1586       1136        444      21324    1636645   Grand Totals
     30888       1586       1136        232      21324    1636645   ELF Image Totals (compressed)
     30888       1586       1136        232          0          0   ROM Totals

==============================================================================

    Total RO  Size (Code + RO Data)                32024 (  31.27kB)
    Total RW  Size (RW Data + ZI Data)             21768 (  21.26kB)
    Total ROM Size (Code + RO Data + RW Data)      32256 (  31.50kB)

==============================================================================

